{
  "claim": "Actual shipped applySwing schedule dependence; constructed rigid initial reply, not a legal-root proof",
  "runs": [
    {
      "chunk": 24,
      "calls": [
        24
      ],
      "netDeg": -24.00000000000002,
      "atLimit": false,
      "victim": {
        "x": 22.5525306981406,
        "y": 40.080442640703154,
        "rot": 11.125681692131652
      },
      "victimOff": true
    },
    {
      "chunk": 1,
      "calls": [
        1,
        1,
        1,
        1,
        1,
        1,
        1,
        1,
        1,
        1,
        1,
        1,
        1,
        1,
        1,
        1,
        1,
        1,
        1,
        1,
        1,
        1,
        1,
        1
      ],
      "netDeg": -23.99999999999997,
      "atLimit": false,
      "victim": {
        "x": 22.554635476401728,
        "y": 40.078100044174874,
        "rot": 11.124980476399193
      },
      "victimOff": true
    },
    {
      "chunk": 0.5,
      "calls": [
        0.5,
        0.5,
        0.5,
        0.5,
        0.5,
        0.5,
        0.5,
        0.5,
        0.5,
        0.5,
        0.5,
        0.5,
        0.5,
        0.5,
        0.5,
        0.5,
        0.5,
        0.5,
        0.5,
        0.5,
        0.5,
        0.5,
        0.5,
        0.5,
        0.5,
        0.5,
        0.5,
        0.5,
        0.5,
        0.5,
        0.5,
        0.5,
        0.5,
        0.5,
        0.5,
        0.5,
        0.5,
        0.5,
        0.5,
        0.5,
        0.5,
        0.5,
        0.5,
        0.5,
        0.5,
        0.5,
        0.5,
        0.5
      ],
      "netDeg": -24.00000000000003,
      "atLimit": false,
      "victim": {
        "x": 22.557297942414937,
        "y": 40.07470734998331,
        "rot": 11.124071110512517
      },
      "victimOff": true
    }
  ],
  "deltaPosition": 0.007457893644474233,
  "deltaRotationDeg": 0.09227952933775466
}
