{
  "tangentialPin": {
    "att": {
      "x": 3.302267746779173,
      "y": 29.181285415658987,
      "rot": -13.726271056693257
    },
    "q": {
      "x": 12.783611474035684,
      "y": 38.685188741590515,
      "rot": 11.093333231299859
    },
    "box": {
      "x": [
        12.783601474035684,
        12.783621474035684
      ],
      "y": [
        38.68517874159051,
        38.68519874159052
      ],
      "rot": [
        11.093333231299859,
        11.093333231299859
      ]
    },
    "vertex": {
      "x": 10.164080317481993,
      "y": 38.46892690823097,
      "h": 20.00085670040161
    },
    "oldBound": 0.000010788869982429866,
    "newBound": 0.000011525278340771688,
    "factor": [
      1.0682454370961767,
      1.0682563011270962
    ],
    "oldEscapes": 16,
    "newEscapes": 0,
    "samples": 1004,
    "maxOldEscape": 7.363913377423097e-7,
    "corner": {
      "sx": -1,
      "sy": 1,
      "pre": 0.000010788869985567384,
      "post": 0.000011525261320172175,
      "push": {
        "kind": "hubV",
        "i": 1,
        "iter": 0,
        "hf": 0.6474213190984586,
        "dist": 4.059850656611238,
        "nx": 0.9966091173140453,
        "ny": 0.0822816339563062,
        "rn": 0,
        "lambda": 0.1794030254525773,
        "sep": 0.1794030254525773
      }
    }
  },
  "qp": {
    "v": [
      1,
      0.5773502691896258,
      0
    ],
    "ids": [
      0,
      1
    ],
    "lam": [
      0.6666666666666666,
      0.6666666666666667
    ],
    "slack": [
      0,
      0
    ],
    "objective": 0.6666666666666667
  },
  "orderProbe": [
    {
      "h": 1,
      "forward": {
        "v": [
          1.25,
          0.4330127018922193,
          0
        ],
        "velocity": [
          1.25,
          0.4330127018922193,
          0
        ],
        "objective": 0.875
      },
      "reverse": {
        "v": [
          1,
          0.8660254037844386,
          0
        ],
        "velocity": [
          1,
          0.8660254037844386,
          0
        ],
        "objective": 0.875
      },
      "qpVelocity": [
        1,
        0.5773502691896258,
        0
      ]
    },
    {
      "h": 0.1,
      "forward": {
        "v": [
          0.125,
          0.04330127018922193,
          0
        ],
        "velocity": [
          1.25,
          0.4330127018922193,
          0
        ],
        "objective": 0.00875
      },
      "reverse": {
        "v": [
          0.1,
          0.08660254037844387,
          0
        ],
        "velocity": [
          1,
          0.8660254037844386,
          0
        ],
        "objective": 0.00875
      },
      "qpVelocity": [
        1,
        0.5773502691896258,
        0
      ]
    },
    {
      "h": 0.001,
      "forward": {
        "v": [
          0.00125,
          0.0004330127018922193,
          0
        ],
        "velocity": [
          1.25,
          0.4330127018922193,
          0
        ],
        "objective": 8.75e-7
      },
      "reverse": {
        "v": [
          0.001,
          0.0008660254037844386,
          0
        ],
        "velocity": [
          1,
          0.8660254037844386,
          0
        ],
        "objective": 8.749999999999999e-7
      },
      "qpVelocity": [
        1,
        0.5773502691896258,
        0
      ]
    },
    {
      "h": 0.000001,
      "forward": {
        "v": [
          0.0000012499999999999999,
          4.330127018922193e-7,
          0
        ],
        "velocity": [
          1.25,
          0.4330127018922193,
          0
        ],
        "objective": 8.749999999999998e-13
      },
      "reverse": {
        "v": [
          0.000001,
          8.660254037844386e-7,
          0
        ],
        "velocity": [
          1,
          0.8660254037844386,
          0
        ],
        "objective": 8.749999999999999e-13
      },
      "qpVelocity": [
        1,
        0.5773502691896258,
        0
      ]
    }
  ],
  "snapshotHub": {
    "stopDeg": 5,
    "k": 29,
    "hub": {
      "kind": "hubV",
      "i": 1,
      "iter": 0,
      "hf": 0.6391353620433333,
      "dist": 4.164794754313411,
      "nx": 0.1445059963621108,
      "ny": 0.9895039247094444,
      "rn": -0.03750777904907724,
      "lambda": 0.01753181584221792,
      "sep": 0.017531881901770043
    },
    "pushes": [
      {
        "kind": "leg",
        "i": 1,
        "j": 0,
        "iter": 0,
        "pa": {
          "x": 13.86394377836042,
          "y": 37.74461962344242,
          "h": 20.518664707464147
        },
        "pb": {
          "x": 15.62891823824383,
          "y": 37.54651841943086,
          "h": 22.755062667874455
        },
        "hf": 0.6219023384261325,
        "dist": 2.855845718591771,
        "nx": 0.9937599582230366,
        "ny": -0.11153988269918808,
        "rn": 3.611275621550767,
        "lambda": 0.03752851127115912,
        "sep": 0.038839348103042896
      },
      {
        "kind": "hubV",
        "i": 1,
        "iter": 0,
        "hf": 0.6391353620433333,
        "dist": 4.164794754313411,
        "nx": 0.1445059963621108,
        "ny": 0.9895039247094444,
        "rn": -0.03750777904907724,
        "lambda": 0.01753181584221792,
        "sep": 0.017531881901770043
      }
    ]
  }
}
