{
  "claim": "Numerical discovery and falsification, not interval proof",
  "stops": [
    {
      "stopDeg": 2.4,
      "steps": 135,
      "firstThrow": 65,
      "mixed": []
    },
    {
      "stopDeg": 2.5,
      "steps": 135,
      "firstThrow": 65,
      "mixed": []
    },
    {
      "stopDeg": 2.6,
      "steps": 135,
      "firstThrow": 64,
      "mixed": []
    },
    {
      "stopDeg": 5,
      "steps": 135,
      "firstThrow": 58,
      "mixed": [
        {
          "k": 29,
          "alphaDeg": 9.666666666666666,
          "prePenetrations": [
            {
              "id": "leg:1:0",
              "gap": -0.02415428140822895
            },
            {
              "id": "hubV:1",
              "gap": -0.01120524568658876
            }
          ],
          "postNear": [],
          "pushes": [
            {
              "kind": "leg",
              "iter": 0,
              "i": 1,
              "j": 0,
              "rn": 3.611275621550767,
              "lambda": 0.03752851127115912
            },
            {
              "kind": "hubV",
              "iter": 0,
              "i": 1,
              "rn": -0.03750777904907724,
              "lambda": 0.01753181584221792
            }
          ]
        },
        {
          "k": 30,
          "alphaDeg": 10,
          "prePenetrations": [
            {
              "id": "leg:1:0",
              "gap": -0.10683647704338783
            },
            {
              "id": "hubV:1",
              "gap": -0.005528144107256772
            }
          ],
          "postNear": [
            {
              "id": "leg:1:0",
              "gap": 2.220446049250313e-15
            }
          ],
          "pushes": [
            {
              "kind": "leg",
              "iter": 0,
              "i": 1,
              "j": 0,
              "rn": 3.687909220190279,
              "lambda": 0.16634935296608958
            },
            {
              "kind": "hubV",
              "iter": 0,
              "i": 1,
              "rn": -0.16634623741913737,
              "lambda": 0.00847853111772037
            },
            {
              "kind": "leg",
              "iter": 1,
              "i": 1,
              "j": 0,
              "rn": 3.591774660582282,
              "lambda": 0.00021419549213474697
            },
            {
              "kind": "leg",
              "iter": 2,
              "i": 1,
              "j": 0,
              "rn": 3.591642930956441,
              "lambda": 2.592717059198846e-10
            }
          ]
        },
        {
          "k": 31,
          "alphaDeg": 10.333333333333334,
          "prePenetrations": [
            {
              "id": "leg:1:0",
              "gap": -0.10679139873269117
            },
            {
              "id": "hubV:1",
              "gap": -0.00390702869555426
            }
          ],
          "postNear": [
            {
              "id": "leg:1:0",
              "gap": -4.440892098500626e-16
            }
          ],
          "pushes": [
            {
              "kind": "leg",
              "iter": 0,
              "i": 1,
              "j": 0,
              "rn": 3.679009704249762,
              "lambda": 0.16702784206150978
            },
            {
              "kind": "hubV",
              "iter": 0,
              "i": 1,
              "rn": -0.16702240049791975,
              "lambda": 0.005970991389410628
            },
            {
              "kind": "leg",
              "iter": 1,
              "i": 1,
              "j": 0,
              "rn": 3.5811486410158038,
              "lambda": 0.0002098169586230665
            },
            {
              "kind": "leg",
              "iter": 2,
              "i": 1,
              "j": 0,
              "rn": 3.5810203424716667,
              "lambda": 2.4671856139441563e-10
            },
            {
              "kind": "leg",
              "iter": 3,
              "i": 1,
              "j": 0,
              "rn": 3.581020342320801,
              "lambda": 6.965220597530944e-16
            },
            {
              "kind": "leg",
              "iter": 4,
              "i": 1,
              "j": 0,
              "rn": 3.581020342320801,
              "lambda": 6.965220597530944e-16
            },
            {
              "kind": "leg",
              "iter": 5,
              "i": 1,
              "j": 0,
              "rn": 3.581020342320801,
              "lambda": 6.965220597530944e-16
            },
            {
              "kind": "leg",
              "iter": 6,
              "i": 1,
              "j": 0,
              "rn": 3.581020342320801,
              "lambda": 6.965220597530944e-16
            },
            {
              "kind": "leg",
              "iter": 7,
              "i": 1,
              "j": 0,
              "rn": 3.581020342320801,
              "lambda": 6.965220597530944e-16
            },
            {
              "kind": "leg",
              "iter": 8,
              "i": 1,
              "j": 0,
              "rn": 3.581020342320801,
              "lambda": 6.965220597530944e-16
            },
            {
              "kind": "leg",
              "iter": 9,
              "i": 1,
              "j": 0,
              "rn": 3.581020342320801,
              "lambda": 6.965220597530944e-16
            }
          ]
        },
        {
          "k": 32,
          "alphaDeg": 10.666666666666666,
          "prePenetrations": [
            {
              "id": "leg:1:0",
              "gap": -0.10638974280593416
            },
            {
              "id": "hubV:1",
              "gap": -0.0032838557793235523
            }
          ],
          "postNear": [
            {
              "id": "leg:1:0",
              "gap": 1.3322676295501878e-15
            }
          ],
          "pushes": [
            {
              "kind": "leg",
              "iter": 0,
              "i": 1,
              "j": 0,
              "rn": 3.668766698664773,
              "lambda": 0.16714964731857024
            },
            {
              "kind": "hubV",
              "iter": 0,
              "i": 1,
              "rn": -0.16714197259355099,
              "lambda": 0.005001684164956226
            },
            {
              "kind": "leg",
              "iter": 1,
              "i": 1,
              "j": 0,
              "rn": 3.57069270312821,
              "lambda": 0.00020813408085110428
            },
            {
              "kind": "leg",
              "iter": 2,
              "i": 1,
              "j": 0,
              "rn": 3.57056616968246,
              "lambda": 2.407495892303187e-10
            }
          ]
        },
        {
          "k": 33,
          "alphaDeg": 11,
          "prePenetrations": [
            {
              "id": "leg:1:0",
              "gap": -0.10598822075226622
            },
            {
              "id": "hubV:1",
              "gap": -0.002653844523617721
            }
          ],
          "postNear": [
            {
              "id": "leg:1:0",
              "gap": 1.7763568394002505e-15
            }
          ],
          "pushes": [
            {
              "kind": "leg",
              "iter": 0,
              "i": 1,
              "j": 0,
              "rn": 3.6586835993771225,
              "lambda": 0.1672646907724064
            },
            {
              "kind": "hubV",
              "iter": 0,
              "i": 1,
              "rn": -0.16725457932221185,
              "lambda": 0.004028523044388396
            },
            {
              "kind": "leg",
              "iter": 1,
              "i": 1,
              "j": 0,
              "rn": 3.560398254844027,
              "lambda": 0.00020318678403631203
            },
            {
              "kind": "leg",
              "iter": 2,
              "i": 1,
              "j": 0,
              "rn": 3.5602754510626813,
              "lambda": 2.2752232705895984e-10
            },
            {
              "kind": "leg",
              "iter": 3,
              "i": 1,
              "j": 0,
              "rn": 3.5602754509251766,
              "lambda": 4.2167081470511e-15
            }
          ]
        },
        {
          "k": 34,
          "alphaDeg": 11.333333333333334,
          "prePenetrations": [
            {
              "id": "leg:1:0",
              "gap": -0.10558686801956307
            },
            {
              "id": "hubV:1",
              "gap": -0.002020482127365497
            }
          ],
          "postNear": [
            {
              "id": "leg:1:0",
              "gap": 4.884981308350689e-15
            }
          ],
          "pushes": [
            {
              "kind": "leg",
              "iter": 0,
              "i": 1,
              "j": 0,
              "rn": 3.64875571792213,
              "lambda": 0.16737298667658534
            },
            {
              "kind": "hubV",
              "iter": 0,
              "i": 1,
              "rn": -0.16736030205184782,
              "lambda": 0.003056819562727121
            },
            {
              "kind": "leg",
              "iter": 1,
              "i": 1,
              "j": 0,
              "rn": 3.5502646201162174,
              "lambda": 0.00019530302122936651
            },
            {
              "kind": "leg",
              "iter": 2,
              "i": 1,
              "j": 0,
              "rn": 3.5501472783078922,
              "lambda": 2.0844031402337875e-10
            },
            {
              "kind": "leg",
              "iter": 3,
              "i": 1,
              "j": 0,
              "rn": 3.5501472781826484,
              "lambda": 2.823629287782358e-15
            }
          ]
        },
        {
          "k": 35,
          "alphaDeg": 11.666666666666666,
          "prePenetrations": [
            {
              "id": "leg:1:0",
              "gap": -0.10518572274679272
            },
            {
              "id": "hubV:1",
              "gap": -0.0013837471355868658
            }
          ],
          "postNear": [
            {
              "id": "leg:1:0",
              "gap": 1.7763568394002505e-15
            }
          ],
          "pushes": [
            {
              "kind": "leg",
              "iter": 0,
              "i": 1,
              "j": 0,
              "rn": 3.6389824205836683,
              "lambda": 0.1674745434528461
            },
            {
              "kind": "hubV",
              "iter": 0,
              "i": 1,
              "rn": -0.16745920937084097,
              "lambda": 0.002086519272897023
            },
            {
              "kind": "leg",
              "iter": 1,
              "i": 1,
              "j": 0,
              "rn": 3.540291087070392,
              "lambda": 0.0001847634041973027
            },
            {
              "kind": "leg",
              "iter": 2,
              "i": 1,
              "j": 0,
              "rn": 3.5401807399776994,
              "lambda": 1.8497862850412572e-10
            },
            {
              "kind": "leg",
              "iter": 3,
              "i": 1,
              "j": 0,
              "rn": 3.540180739867227,
              "lambda": 3.5451188327868165e-15
            }
          ]
        },
        {
          "k": 36,
          "alphaDeg": 12,
          "prePenetrations": [
            {
              "id": "leg:1:0",
              "gap": -0.10478482091146368
            },
            {
              "id": "hubV:1",
              "gap": -0.0007436226001686919
            }
          ],
          "postNear": [
            {
              "id": "leg:1:0",
              "gap": 3.1086244689504383e-15
            }
          ],
          "pushes": [
            {
              "kind": "leg",
              "iter": 0,
              "i": 1,
              "j": 0,
              "rn": 3.629363064747812,
              "lambda": 0.16756936924520868
            },
            {
              "kind": "hubV",
              "iter": 0,
              "i": 1,
              "rn": -0.16755136379679997,
              "lambda": 0.0011175727319152585
            },
            {
              "kind": "leg",
              "iter": 1,
              "i": 1,
              "j": 0,
              "rn": 3.530476935237145,
              "lambda": 0.00017184123563260238
            },
            {
              "kind": "leg",
              "iter": 2,
              "i": 1,
              "j": 0,
              "rn": 3.5303749241838625,
              "lambda": 1.5865841081853585e-10
            }
          ]
        },
        {
          "k": 37,
          "alphaDeg": 12.333333333333334,
          "prePenetrations": [
            {
              "id": "leg:1:0",
              "gap": -0.1043841964053076
            },
            {
              "id": "hubV:1",
              "gap": -0.00010009481804029718
            }
          ],
          "postNear": [
            {
              "id": "leg:1:0",
              "gap": 8.881784197001252e-16
            }
          ],
          "pushes": [
            {
              "kind": "leg",
              "iter": 0,
              "i": 1,
              "j": 0,
              "rn": 3.6198970016726513,
              "lambda": 0.1676574719037856
            },
            {
              "kind": "hubV",
              "iter": 0,
              "i": 1,
              "rn": -0.16763682202191682,
              "lambda": 0.0001499336923469292
            },
            {
              "kind": "leg",
              "iter": 1,
              "i": 1,
              "j": 0,
              "rn": 3.520821437133519,
              "lambda": 0.0001568026992965164
            },
            {
              "kind": "leg",
              "iter": 2,
              "i": 1,
              "j": 0,
              "rn": 3.5207289199868432,
              "lambda": 1.309884921163011e-10
            }
          ]
        }
      ]
    },
    {
      "stopDeg": 7.5,
      "steps": 135,
      "firstThrow": 54,
      "mixed": [
        {
          "k": 23,
          "alphaDeg": 7.666666666666667,
          "prePenetrations": [
            {
              "id": "leg:1:0",
              "gap": -0.0443585435714966
            },
            {
              "id": "hubV:1",
              "gap": -0.009217927618935029
            }
          ],
          "postNear": [],
          "pushes": [
            {
              "kind": "leg",
              "iter": 0,
              "i": 1,
              "j": 0,
              "rn": 3.6208118713926734,
              "lambda": 0.06925831033471448
            },
            {
              "kind": "hubV",
              "iter": 0,
              "i": 1,
              "rn": -0.06924240778235437,
              "lambda": 0.014305175129681342
            }
          ]
        },
        {
          "k": 24,
          "alphaDeg": 8,
          "prePenetrations": [
            {
              "id": "leg:1:0",
              "gap": -0.10653605614754946
            },
            {
              "id": "hubV:1",
              "gap": -0.00410064165598456
            }
          ],
          "postNear": [
            {
              "id": "leg:1:0",
              "gap": 0
            }
          ],
          "pushes": [
            {
              "kind": "leg",
              "iter": 0,
              "i": 1,
              "j": 0,
              "rn": 3.676302147103773,
              "lambda": 0.16678877077550863
            },
            {
              "kind": "hubV",
              "iter": 0,
              "i": 1,
              "rn": -0.1667830731439945,
              "lambda": 0.006262804651814817
            },
            {
              "kind": "leg",
              "iter": 1,
              "i": 1,
              "j": 0,
              "rn": 3.578936709733296,
              "lambda": 0.0002126008883699633
            },
            {
              "kind": "leg",
              "iter": 2,
              "i": 1,
              "j": 0,
              "rn": 3.5788068669235633,
              "lambda": 2.5285908077236204e-10
            }
          ]
        },
        {
          "k": 25,
          "alphaDeg": 8.333333333333334,
          "prePenetrations": [
            {
              "id": "leg:1:0",
              "gap": -0.10630515769635185
            },
            {
              "id": "hubV:1",
              "gap": -0.003149518734212542
            }
          ],
          "postNear": [
            {
              "id": "leg:1:0",
              "gap": 1.7763568394002505e-15
            }
          ],
          "pushes": [
            {
              "kind": "leg",
              "iter": 0,
              "i": 1,
              "j": 0,
              "rn": 3.6666320876865317,
              "lambda": 0.1671744381586706
            },
            {
              "kind": "hubV",
              "iter": 0,
              "i": 1,
              "rn": -0.1671662641168041,
              "lambda": 0.004793667353857246
            },
            {
              "kind": "leg",
              "iter": 1,
              "i": 1,
              "j": 0,
              "rn": 3.568510884153012,
              "lambda": 0.00020732321216922946
            },
            {
              "kind": "leg",
              "iter": 2,
              "i": 1,
              "j": 0,
              "rn": 3.5683849985583476,
              "lambda": 2.3845326988118794e-10
            },
            {
              "kind": "leg",
              "iter": 3,
              "i": 1,
              "j": 0,
              "rn": 3.568384998413559,
              "lambda": 4.902209405084858e-15
            }
          ]
        },
        {
          "k": 26,
          "alphaDeg": 8.666666666666666,
          "prePenetrations": [
            {
              "id": "leg:1:0",
              "gap": -0.1059036653834653
            },
            {
              "id": "hubV:1",
              "gap": -0.002520714385132905
            }
          ],
          "postNear": [
            {
              "id": "leg:1:0",
              "gap": 0
            }
          ],
          "pushes": [
            {
              "kind": "leg",
              "iter": 0,
              "i": 1,
              "j": 0,
              "rn": 3.656579530830551,
              "lambda": 0.16728806263213555
            },
            {
              "kind": "hubV",
              "iter": 0,
              "i": 1,
              "rn": -0.1672774184107517,
              "lambda": 0.003823727102408678
            },
            {
              "kind": "leg",
              "iter": 1,
              "i": 1,
              "j": 0,
              "rn": 3.5582503848307034,
              "lambda": 0.00020176077045921777
            },
            {
              "kind": "leg",
              "iter": 2,
              "i": 1,
              "j": 0,
              "rn": 3.558128594346332,
              "lambda": 2.2393472715271878e-10
            },
            {
              "kind": "leg",
              "iter": 3,
              "i": 1,
              "j": 0,
              "rn": 3.558128594211164,
              "lambda": 1.4068858686348885e-15
            },
            {
              "kind": "leg",
              "iter": 4,
              "i": 1,
              "j": 0,
              "rn": 3.558128594211164,
              "lambda": 1.4068858686348885e-15
            }
          ]
        },
        {
          "k": 27,
          "alphaDeg": 9,
          "prePenetrations": [
            {
              "id": "leg:1:0",
              "gap": -0.10550235325319735
            },
            {
              "id": "hubV:1",
              "gap": -0.001886642791084192
            }
          ],
          "postNear": [
            {
              "id": "leg:1:0",
              "gap": 4.440892098500626e-16
            }
          ],
          "pushes": [
            {
              "kind": "leg",
              "iter": 0,
              "i": 1,
              "j": 0,
              "rn": 3.6466842641071975,
              "lambda": 0.1673949383308172
            },
            {
              "kind": "hubV",
              "iter": 0,
              "i": 1,
              "rn": -0.16738170006313438,
              "lambda": 0.0028523228859726308
            },
            {
              "kind": "leg",
              "iter": 1,
              "i": 1,
              "j": 0,
              "rn": 3.548150533028194,
              "lambda": 0.00019329449768379361
            },
            {
              "kind": "leg",
              "iter": 2,
              "i": 1,
              "j": 0,
              "rn": 3.5480345436889094,
              "lambda": 2.0381624065270338e-10
            },
            {
              "kind": "leg",
              "iter": 3,
              "i": 1,
              "j": 0,
              "rn": 3.548034543566609,
              "lambda": 9.185335724739256e-15
            }
          ]
        },
        {
          "k": 28,
          "alphaDeg": 9.333333333333334,
          "prePenetrations": [
            {
              "id": "leg:1:0",
              "gap": -0.1051012563375826
            },
            {
              "id": "hubV:1",
              "gap": -0.001249195130967884
            }
          ],
          "postNear": [
            {
              "id": "leg:1:0",
              "gap": 8.881784197001252e-16
            }
          ],
          "pushes": [
            {
              "kind": "leg",
              "iter": 0,
              "i": 1,
              "j": 0,
              "rn": 3.6369434462903656,
              "lambda": 0.167495076641302
            },
            {
              "kind": "hubV",
              "iter": 0,
              "i": 1,
              "rn": -0.16747917997058856,
              "lambda": 0.0018823117467610066
            },
            {
              "kind": "leg",
              "iter": 1,
              "i": 1,
              "j": 0,
              "rn": 3.538210631814243,
              "lambda": 0.00018223054663917202
            },
            {
              "kind": "leg",
              "iter": 2,
              "i": 1,
              "j": 0,
              "rn": 3.5381019353673278,
              "lambda": 1.7962411187342962e-10
            },
            {
              "kind": "leg",
              "iter": 3,
              "i": 1,
              "j": 0,
              "rn": 3.538101935260184,
              "lambda": 3.5483969537260074e-15
            }
          ]
        },
        {
          "k": 29,
          "alphaDeg": 9.666666666666666,
          "prePenetrations": [
            {
              "id": "leg:1:0",
              "gap": -0.104700410169273
            },
            {
              "id": "hubV:1",
              "gap": -0.0006083547779622833
            }
          ],
          "postNear": [
            {
              "id": "leg:1:0",
              "gap": 1.7763568394002505e-15
            }
          ],
          "pushes": [
            {
              "kind": "leg",
              "iter": 0,
              "i": 1,
              "j": 0,
              "rn": 3.6273564337854265,
              "lambda": 0.1675884856463884
            },
            {
              "kind": "hubV",
              "iter": 0,
              "i": 1,
              "rn": -0.1675699194026949,
              "lambda": 0.0009136443560703394
            },
            {
              "kind": "leg",
              "iter": 1,
              "i": 1,
              "j": 0,
              "rn": 3.528429959108792,
              "lambda": 0.00016884069741991415
            },
            {
              "kind": "leg",
              "iter": 2,
              "i": 1,
              "j": 0,
              "rn": 3.5283298575797373,
              "lambda": 1.5289159099721837e-10
            },
            {
              "kind": "leg",
              "iter": 3,
              "i": 1,
              "j": 0,
              "rn": 3.5283298574890916,
              "lambda": 1.4255759121072996e-15
            },
            {
              "kind": "leg",
              "iter": 4,
              "i": 1,
              "j": 0,
              "rn": 3.5283298574890916,
              "lambda": 1.4255759121072996e-15
            }
          ]
        }
      ]
    },
    {
      "stopDeg": 9.5,
      "steps": 135,
      "firstThrow": 51,
      "mixed": [
        {
          "k": 23,
          "alphaDeg": 7.666666666666667,
          "prePenetrations": [
            {
              "id": "leg:1:0",
              "gap": -0.09802226756900234
            },
            {
              "id": "hubV:1",
              "gap": -0.0027365269211738763
            }
          ],
          "postNear": [
            {
              "id": "leg:1:0",
              "gap": 3.1086244689504383e-15
            }
          ],
          "pushes": [
            {
              "kind": "leg",
              "iter": 0,
              "i": 1,
              "j": 0,
              "rn": 3.6306419501051823,
              "lambda": 0.15610776258874368
            },
            {
              "kind": "hubV",
              "iter": 0,
              "i": 1,
              "rn": -0.15609946484310153,
              "lambda": 0.0041326153716212
            },
            {
              "kind": "leg",
              "iter": 1,
              "i": 1,
              "j": 0,
              "rn": 3.5403430963235265,
              "lambda": 0.00017837241087611855
            },
            {
              "kind": "leg",
              "iter": 2,
              "i": 1,
              "j": 0,
              "rn": 3.5402365698614897,
              "lambda": 1.724041596558234e-10
            },
            {
              "kind": "leg",
              "iter": 3,
              "i": 1,
              "j": 0,
              "rn": 3.540236569758535,
              "lambda": 2.836166162694101e-15
            },
            {
              "kind": "leg",
              "iter": 4,
              "i": 1,
              "j": 0,
              "rn": 3.540236569758532,
              "lambda": 1.41808308134705e-15
            }
          ]
        },
        {
          "k": 24,
          "alphaDeg": 8,
          "prePenetrations": [
            {
              "id": "leg:1:0",
              "gap": -0.10478246761254395
            },
            {
              "id": "hubV:1",
              "gap": -0.0006369207430161339
            }
          ],
          "postNear": [
            {
              "id": "leg:1:0",
              "gap": 1.7763568394002505e-15
            }
          ],
          "pushes": [
            {
              "kind": "leg",
              "iter": 0,
              "i": 1,
              "j": 0,
              "rn": 3.6294212407172086,
              "lambda": 0.1675697761817731
            },
            {
              "kind": "hubV",
              "iter": 0,
              "i": 1,
              "rn": -0.16755170861793514,
              "lambda": 0.00095718465326876
            },
            {
              "kind": "leg",
              "iter": 1,
              "i": 1,
              "j": 0,
              "rn": 3.5304151655328484,
              "lambda": 0.00016953349633686931
            },
            {
              "kind": "leg",
              "iter": 2,
              "i": 1,
              "j": 0,
              "rn": 3.5303145282367336,
              "lambda": 1.5441899031685367e-10
            }
          ]
        },
        {
          "k": 25,
          "alphaDeg": 8.333333333333334,
          "prePenetrations": [
            {
              "id": "leg:1:0",
              "gap": -0.10438170871341645
            },
            {
              "id": "hubV:1",
              "gap": -0.00009607208157369485
            }
          ],
          "postNear": [
            {
              "id": "leg:1:0",
              "gap": 4.440892098500626e-15
            }
          ],
          "pushes": [
            {
              "kind": "leg",
              "iter": 0,
              "i": 1,
              "j": 0,
              "rn": 3.6198386935941795,
              "lambda": 0.1676579981716749
            },
            {
              "kind": "hubV",
              "iter": 0,
              "i": 1,
              "rn": -0.1676373320338413,
              "lambda": 0.00014390502063557409
            },
            {
              "kind": "leg",
              "iter": 1,
              "i": 1,
              "j": 0,
              "rn": 3.5207619521094915,
              "lambda": 0.0001567028753084754
            },
            {
              "kind": "leg",
              "iter": 2,
              "i": 1,
              "j": 0,
              "rn": 3.5206694973845005,
              "lambda": 1.308096281634829e-10
            },
            {
              "kind": "leg",
              "iter": 3,
              "i": 1,
              "j": 0,
              "rn": 3.5206694973073303,
              "lambda": 4.2915371352628335e-15
            }
          ]
        }
      ]
    }
  ],
  "gradient": {
    "tests": 3200,
    "maxError": 1.3963726175347801e-8
  },
  "oneContact": {
    "tests": 48,
    "maxError": 8.326672684688674e-17
  },
  "refusal": {
    "why": "substep 23 (7.67 deg): hubV possible while leg pairs are touchable (mixed hubV + leg regime not implemented)",
    "census": {
      "actual": 201,
      "actualMixed": 0,
      "hull": 2000,
      "hullMixed": 0,
      "actualMinLeg": 0.3974289458851419,
      "hullMinLeg": 0.2065433779345569,
      "examples": []
    }
  }
}
