{
 "arm": [
  1,
  1
 ],
 "interval": [
  8.625,
  9.125
 ],
 "deg": 4,
 "cells": 32,
 "failed": 0,
 "runs": 63,
 "seconds": 166.283,
 "width": {
  "min": 0.001953125,
  "median": 0.0078125,
  "max": 0.0625
 },
 "minMargin": 5.728406963734144,
 "minHubMove": 10.13083367956919,
 "modes": {
  "plain": 27,
  "straddle+merge": 3,
  "straddle": 1,
  "branch": 1
 },
 "splitReasons": {
  "phas# B subst#p #: sqrt: rang# not positiv# #": 24,
  "phas# B subst#p #: d#p#crossing rul# not #xclud#d: dist #": 3,
  "phas# B subst#p #: v#rtical contact (hf < #) not #xclud#d: hf #": 2,
  "phas# B subst#p #: hub#hub: hubs may coincid#: d# rang# # dx # dy # st#x # H #": 2
 },
 "fails": []
}

real	2m46.428s
user	1m52.414s
sys	0m1.483s
