{
 "arm": [
  1,
  1
 ],
 "interval": [
  11.125,
  11.625
 ],
 "deg": 4,
 "cells": 27,
 "failed": 0,
 "runs": 53,
 "seconds": 536.254,
 "width": {
  "min": 0.00048828125,
  "median": 0.0078125,
  "max": 0.0625
 },
 "minMargin": 6.059794337007217,
 "minHubMove": 10.205777921198266,
 "modes": {
  "plain": 21,
  "branch+merge": 1,
  "straddle": 2,
  "straddle+merge": 2,
  "branch": 1
 },
 "splitReasons": {
  "phas# B subst#p #: sqrt: rang# not positiv# #": 22,
  "phas# B subst#p #: hub#hub: hubs may coincid#: d# rang# # dx # dy # st#x # H #": 1,
  "phas# B subst#p #: v#rtical contact (hf < #) not #xclud#d: hf #": 2,
  "phas# B subst#p #: d#p#crossing rul# not #xclud#d: dist #": 1
 },
 "fails": []
}

real	8m56.369s
user	6m28.074s
sys	0m4.025s
