{
 "arm": [
  1,
  1
 ],
 "interval": [
  12.625,
  13.125
 ],
 "deg": 4,
 "cells": 57,
 "failed": 0,
 "runs": 113,
 "seconds": 842.41,
 "width": {
  "min": 0.00048828125,
  "median": 0.00390625,
  "max": 0.03125
 },
 "minMargin": 6.373797528214096,
 "minHubMove": 10.321376857449255,
 "modes": {
  "plain": 44,
  "branch+merge": 1,
  "straddle+merge": 5,
  "straddle": 6,
  "branch": 1
 },
 "splitReasons": {
  "phas# B subst#p #: v#rtical contact (hf < #) not #xclud#d: hf #": 7,
  "phas# B subst#p #: sqrt: rang# not positiv# #": 39,
  "phas# B subst#p #: d#p#crossing rul# not #xclud#d: dist #": 5,
  "phas# B subst#p #: hub#hub: hubs may coincid#: d# rang# # dx # dy # st#x # H #": 4,
  "phas# B subst#p #: n#ar#parall#l s#gm#nts: d#nom rang# #": 1
 },
 "fails": []
}

real	14m2.508s
user	13m41.094s
sys	0m5.568s
