{
 "arm": [
  1,
  1
 ],
 "interval": [
  12.125,
  12.625
 ],
 "deg": 4,
 "cells": 61,
 "failed": 0,
 "runs": 121,
 "seconds": 542.11,
 "width": {
  "min": 0.0009765625,
  "median": 0.00390625,
  "max": 0.03125
 },
 "minMargin": 6.26990846739619,
 "minHubMove": 10.280757185425925,
 "modes": {
  "branch": 3,
  "plain": 44,
  "straddle": 5,
  "straddle+merge": 6,
  "branch+merge": 3
 },
 "splitReasons": {
  "phas# B subst#p #: sqrt: rang# not positiv# #": 48,
  "phas# B subst#p #: v#rtical contact (hf < #) not #xclud#d: hf #": 3,
  "phas# B subst#p #: d#p#crossing rul# not #xclud#d: dist #": 4,
  "phas# B subst#p #: n#ar#parall#l s#gm#nts: d#nom rang# #": 2,
  "phas# B subst#p #: hub#hub: hubs may coincid#: d# rang# # dx # dy # st#x # H #": 3
 },
 "fails": []
}

real	9m2.222s
user	8m46.983s
sys	0m4.060s
