attacker grid has one point, so the attacker is held fixed (--hA ignored)
dead cell on red to move at [2.6627,33.2224,2.2687,4.2061,47.1181,4.4905]: victim +-1u x 3, attacker +-1u x 1 (27 grid poses, 4 threads)
cell 1 (depth 0, victim half-widths 1.000/1.000/1.000u): centre [2.6627,33.2224,2.2687,4.2061,47.1181,4.4905]
    reach: arm (0,1) grid 59.00-98.33, enclosure - deg  REFUSED: arm (0,1): stopping event changes between cells (0,0,1)-(1,0,1): cross|a0,r1|2:r0 vs cross|r1|2:a0
    reach: arm (0,-1) 35.3-44.1 deg [cross r1 foot 1 at a1]  grid 35.67-43.67, enclosure 35.67-43.67 deg
    reach: arm (1,1) 30.3-37.7 deg [cross r1 foot 2 at r0]  grid 30.67-37.33, enclosure 30.67-37.33 deg
    reach: arm (1,-1) 0.9-8.4 deg [selfoff foot 2]  grid 1.33-8.00, enclosure 1.33-8.00 deg
    reach: arm (2,1) 6.6-14.4 deg [selfoff foot 1]  grid 7.00-14.00, enclosure 7.00-14.00 deg
    reach: arm (2,-1) 23.6-31.4 deg [cross r1 foot 1 at r0]  grid 24.00-31.00, enclosure 24.00-31.00 deg
cell 1 (depth 0, victim half-widths 1.000/1.000/1.000u): split on the victim's x axis (refused: reach envelope: arm (0,1): stopping event changes between cells (0,0,1)-(1,0,1): cross|a0,r1|2:r0 vs cross|r1|)
cell 2 (depth 1, victim half-widths 0.500/1.000/1.000u): centre [2.6627,33.2224,2.2687,3.7061,47.1181,4.4905]
    reach: arm (0,1) grid 59.00-98.33, enclosure - deg  REFUSED: arm (0,1): stopping event changes between cells (0,0,0)-(1,0,0): cross|a0,r1|2:r0 vs cross|r1|2:r1
    reach: arm (0,-1) 36.6-44.1 deg [cross r1 foot 1 at a1]  grid 37.00-43.67, enclosure 37.00-43.67 deg
    reach: arm (1,1) 30.9-37.7 deg [cross r1 foot 2 at r0]  grid 31.33-37.33, enclosure 31.33-37.33 deg
    reach: arm (1,-1) 1.3-8.1 deg [selfoff foot 2]  grid 1.67-7.67, enclosure 1.67-7.67 deg
    reach: arm (2,1) 7.3-14.4 deg [selfoff foot 1]  grid 7.67-14.00, enclosure 7.67-14.00 deg
    reach: arm (2,-1) 23.6-30.7 deg [cross r1 foot 1 at r0]  grid 24.00-30.33, enclosure 24.00-30.33 deg
cell 2 (depth 1, victim half-widths 0.500/1.000/1.000u): split on the victim's x axis (refused: reach envelope: arm (0,1): stopping event changes between cells (0,0,0)-(1,0,0): cross|a0,r1|2:r0 vs cross|r1|)
cell 3 (depth 1, victim half-widths 0.500/1.000/1.000u): centre [2.6627,33.2224,2.2687,4.7061,47.1181,4.4905]
    reach: arm (0,1) 59.3-68.1 deg [cross r1 foot 2 at a0]  grid 59.67-67.67, enclosure 59.67-67.67 deg
    reach: arm (0,-1) 35.3-42.7 deg [cross r1 foot 1 at a1]  grid 35.67-42.33, enclosure 35.67-42.33 deg
    reach: arm (1,1) 30.3-37.4 deg [cross r1 foot 2 at r0]  grid 30.67-37.00, enclosure 30.67-37.00 deg
    reach: arm (1,-1) 1.3-8.4 deg [selfoff foot 2]  grid 1.67-8.00, enclosure 1.67-8.00 deg
    reach: arm (2,1) 6.6-13.7 deg [selfoff foot 1]  grid 7.00-13.33, enclosure 7.00-13.33 deg
    reach: arm (2,-1) 24.3-31.4 deg [cross r1 foot 1 at r0]  grid 24.67-31.00, enclosure 24.67-31.00 deg
    1/27: [2.663,33.222,2.269,4.206,46.118,4.447] escape W=-2.90 accept=- reply (1,1) to 36.2deg leaves no throw (best margin -2.90u)  (18s)
    2/27: [2.663,33.222,2.269,4.206,46.118,4.49] escape W=-2.76 accept=- reply (1,1) to 36.2deg leaves no throw (best margin -2.76u)  (18s)
    3/27: [2.663,33.222,2.269,4.206,47.118,4.447] dead W=0.90 accept=1.87  (20s)
    6/27: [2.663,33.222,2.269,4.206,47.118,4.534] dead W=0.17 accept=7.60  (24s)
    9/27: [2.663,33.222,2.269,4.706,46.118,4.447] escape W=-2.80 accept=- reply (1,1) to 36.2deg leaves no throw (best margin -2.80u)  (28s)
    11/27: [2.663,33.222,2.269,4.706,46.118,4.49] escape W=-2.55 accept=- reply (1,1) to 37.4deg leaves no throw (best margin -2.55u)  (30s)
    12/27: [2.663,33.222,2.269,4.706,46.118,4.534] dead W=0.83 accept=3.15  (32s)
    15/27: [2.663,33.222,2.269,4.706,47.118,4.534] dead W=0.04 accept=7.79  (36s)
    18/27: [2.663,33.222,2.269,5.206,46.118,4.447] escape W=-2.45 accept=- reply (1,1) to 36.2deg leaves no throw (best margin -2.45u)  (40s)
    21/27: [2.663,33.222,2.269,5.206,47.118,4.447] dead W=0.86 accept=2.51  (45s)
    24/27: [2.663,33.222,2.269,5.206,47.118,4.534] dead W=0.67 accept=7.98  (49s)
    27/27: [2.663,33.222,2.269,5.206,48.118,4.534] dead W=0.45 accept=0.66  (52s)
cell 3 (depth 1, victim half-widths 0.500/1.000/1.000u): split on the victim's rot axis (escape: grid pose [2.6627,33.2224,2.2687,4.2061,46.1181,4.4472] is escape: reply (1,1) to 36.2deg leaves no throw (bes)
cell 4 (depth 2, victim half-widths 0.250/1.000/1.000u): centre [2.6627,33.2224,2.2687,3.4561,47.1181,4.4905]
    reach: arm (0,1) grid 59.00-98.33, enclosure - deg  REFUSED: arm (0,1): stopping event changes between cells (0,0,0)-(1,0,0): cross|a0,r1|2:r0 vs cross|r1|2:r1
    reach: arm (0,-1) 37.3-44.1 deg [cross r1 foot 1 at a1]  grid 37.67-43.67, enclosure 37.67-43.67 deg
    reach: arm (1,1) 30.9-37.7 deg [cross r1 foot 2 at r0]  grid 31.33-37.33, enclosure 31.33-37.33 deg
    reach: arm (1,-1) 1.3-8.1 deg [selfoff foot 2]  grid 1.67-7.67, enclosure 1.67-7.67 deg
    reach: arm (2,1) 7.6-14.4 deg [selfoff foot 1]  grid 8.00-14.00, enclosure 8.00-14.00 deg
    reach: arm (2,-1) 23.9-30.4 deg [cross r1 foot 1 at r0]  grid 24.33-30.00, enclosure 24.33-30.00 deg
cell 4 (depth 2, victim half-widths 0.250/1.000/1.000u): split on the victim's x axis (refused: reach envelope: arm (0,1): stopping event changes between cells (0,0,0)-(1,0,0): cross|a0,r1|2:r0 vs cross|r1|)
cell 5 (depth 2, victim half-widths 0.250/1.000/1.000u): centre [2.6627,33.2224,2.2687,3.9561,47.1181,4.4905]
    reach: arm (0,1) grid 59.67-96.33, enclosure - deg  REFUSED: arm (0,1): stopping event changes between cells (0,0,0)-(1,0,0): cross|a0,r1|2:r0 vs cross|r1|2:a0
    reach: arm (0,-1) 36.6-43.4 deg [cross r1 foot 1 at a1]  grid 37.00-43.00, enclosure 37.00-43.00 deg
    reach: arm (1,1) 30.9-37.4 deg [cross r1 foot 2 at r0]  grid 31.33-37.00, enclosure 31.33-37.00 deg
    reach: arm (1,-1) 1.3-8.1 deg [selfoff foot 2]  grid 1.67-7.67, enclosure 1.67-7.67 deg
    reach: arm (2,1) 7.3-14.1 deg [selfoff foot 1]  grid 7.67-13.67, enclosure 7.67-13.67 deg
    reach: arm (2,-1) 24.3-30.7 deg [cross r1 foot 1 at r0]  grid 24.67-30.33, enclosure 24.67-30.33 deg
cell 5 (depth 2, victim half-widths 0.250/1.000/1.000u): split on the victim's x axis (refused: reach envelope: arm (0,1): stopping event changes between cells (0,0,0)-(1,0,0): cross|a0,r1|2:r0 vs cross|r1|)
cell 6 (depth 2, victim half-widths 0.500/1.000/0.500u): centre [2.6627,33.2224,2.2687,4.7061,47.1181,4.4689]
    reach: arm (0,1) 61.3-67.7 deg [cross r1 foot 2 at a0]  grid 61.67-67.33, enclosure 61.67-67.33 deg
    reach: arm (0,-1) 35.6-41.7 deg [cross r1 foot 1 at a1]  grid 36.00-41.33, enclosure 36.00-41.33 deg
    reach: arm (1,1) 31.6-37.1 deg [cross r1 foot 2 at r0]  grid 32.00-36.67, enclosure 32.00-36.67 deg
    reach: arm (1,-1) 1.6-7.4 deg [selfoff foot 2]  grid 2.00-7.00, enclosure 2.00-7.00 deg
    reach: arm (2,1) 7.9-13.7 deg [selfoff foot 1]  grid 8.33-13.33, enclosure 8.33-13.33 deg
    reach: arm (2,-1) 24.6-30.4 deg [cross r1 foot 1 at r0]  grid 25.00-30.00, enclosure 25.00-30.00 deg
    1/27: [2.663,33.222,2.269,4.206,46.118,4.447] escape W=-2.92 accept=- reply (1,1) to 36.3deg leaves no throw (best margin -2.92u)  (18s)
    2/27: [2.663,33.222,2.269,4.206,46.118,4.469] escape W=-2.82 accept=- reply (1,1) to 36.3deg leaves no throw (best margin -2.82u)  (18s)
    3/27: [2.663,33.222,2.269,4.206,46.118,4.49] escape W=-2.76 accept=- reply (1,1) to 36.3deg leaves no throw (best margin -2.76u)  (18s)
    6/27: [2.663,33.222,2.269,4.206,47.118,4.49] dead W=0.84 accept=7.20  (24s)
    9/27: [2.663,33.222,2.269,4.706,46.118,4.469] escape W=-2.46 accept=- reply (1,1) to 36.3deg leaves no throw (best margin -2.46u)  (28s)
    10/27: [2.663,33.222,2.269,4.706,46.118,4.447] escape W=-2.83 accept=- reply (1,1) to 36.3deg leaves no throw (best margin -2.83u)  (28s)
    12/27: [2.663,33.222,2.269,4.706,46.118,4.49] escape W=-2.56 accept=- reply (1,1) to 37.1deg leaves no throw (best margin -2.56u)  (29s)
    15/27: [2.663,33.222,2.269,4.706,47.118,4.49] dead W=0.72 accept=7.41  (35s)
    17/27: [2.663,33.222,2.269,5.206,46.118,4.447] escape W=-2.46 accept=- reply (1,1) to 36.3deg leaves no throw (best margin -2.46u)  (39s)
    18/27: [2.663,33.222,2.269,5.206,46.118,4.469] escape W=-2.53 accept=- reply (1,1) to 36.3deg leaves no throw (best margin -2.53u)  (39s)
    21/27: [2.663,33.222,2.269,5.206,47.118,4.447] dead W=0.98 accept=2.49  (44s)
    24/27: [2.663,33.222,2.269,5.206,47.118,4.49] dead W=0.87 accept=8.22  (45s)
    27/27: [2.663,33.222,2.269,5.206,48.118,4.49] dead W=0.76 accept=7.08  (50s)
cell 6 (depth 2, victim half-widths 0.500/1.000/0.500u): split on the victim's y axis (escape: grid pose [2.6627,33.2224,2.2687,4.2061,46.1181,4.4472] is escape: reply (1,1) to 36.3deg leaves no throw (bes)
cell 7 (depth 2, victim half-widths 0.500/1.000/0.500u): centre [2.6627,33.2224,2.2687,4.7061,47.1181,4.5121]
    reach: arm (0,1) 59.6-66.1 deg [cross r1 foot 2 at a0]  grid 60.00-65.67, enclosure 60.00-65.67 deg
    reach: arm (0,-1) 36.6-42.7 deg [cross r1 foot 1 at a1]  grid 37.00-42.33, enclosure 37.00-42.33 deg
    reach: arm (1,1) 30.6-36.1 deg [cross r1 foot 2 at r0]  grid 31.00-35.67, enclosure 31.00-35.67 deg
    reach: arm (1,-1) 2.6-8.1 deg [selfoff foot 2]  grid 3.00-7.67, enclosure 3.00-7.67 deg
    reach: arm (2,1) 6.9-12.7 deg [selfoff foot 1]  grid 7.33-12.33, enclosure 7.33-12.33 deg
    reach: arm (2,-1) 25.6-31.4 deg [cross r1 foot 1 at r0]  grid 26.00-31.00, enclosure 26.00-31.00 deg
    3/27: [2.663,33.222,2.269,4.206,46.118,4.49] dead W=0.40 accept=1.50  (21s)
    6/27: [2.663,33.222,2.269,4.206,47.118,4.512] dead W=0.70 accept=7.65  (27s)
    9/27: [2.663,33.222,2.269,4.206,48.118,4.534] dead W=0.81 accept=2.24  (32s)
    12/27: [2.663,33.222,2.269,4.706,46.118,4.512] dead W=0.86 accept=2.74  (33s)
    15/27: [2.663,33.222,2.269,4.706,47.118,4.512] dead W=0.58 accept=1.13  (38s)
    18/27: [2.663,33.222,2.269,4.706,48.118,4.534] dead W=0.79 accept=7.59  (44s)
    21/27: [2.663,33.222,2.269,5.206,46.118,4.534] dead W=0.82 accept=3.23  (49s)
    24/27: [2.663,33.222,2.269,5.206,47.118,4.534] dead W=0.12 accept=7.98  (51s)
    27/27: [2.663,33.222,2.269,5.206,48.118,4.534] dead W=0.70 accept=7.48  (56s)
    round 1: 19 pairs refused, 19 midpoints to certify (step 0.500u)
    2/19: [2.663,33.222,2.269,4.206,46.618,4.512] dead W=0.36 accept=7.42  (62s)
    4/19: [2.663,33.222,2.269,4.206,46.618,4.534] dead W=0.06 accept=7.48  (62s)
    6/19: [2.663,33.222,2.269,4.206,47.618,4.512] dead W=0.89 accept=7.57  (67s)
    8/19: [2.663,33.222,2.269,4.706,46.618,4.512] dead W=0.24 accept=7.52  (68s)
    10/19: [2.663,33.222,2.269,4.706,47.618,4.49] dead W=0.14 accept=1.37  (72s)
    12/19: [2.663,33.222,2.269,4.706,47.618,4.512] dead W=0.28 accept=7.46  (73s)
    14/19: [2.663,33.222,2.269,5.206,46.618,4.49] dead W=0.43 accept=2.82  (78s)
    16/19: [2.663,33.222,2.269,5.206,46.618,4.534] dead W=0.51 accept=7.70  (79s)
    18/19: [2.663,33.222,2.269,5.206,47.618,4.512] dead W=0.52 accept=7.39  (84s)
    round 2: 19 pairs refused, 19 midpoints to certify (step 0.250u)
    2/19: [2.663,33.222,2.269,4.206,46.868,4.49] dead W=0.83 accept=7.36  (90s)
    4/19: [2.663,33.222,2.269,4.206,46.368,4.512] dead W=0.20 accept=7.27  (90s)
    6/19: [2.663,33.222,2.269,4.706,46.368,4.512] dead W=0.08 accept=2.33  (96s)
    8/19: [2.663,33.222,2.269,4.706,46.868,4.534] dead W=0.12 accept=7.49  (96s)
    10/19: [2.663,33.222,2.269,4.706,47.868,4.49] dead W=0.51 accept=7.22  (101s)
    12/19: [2.663,33.222,2.269,4.706,47.868,4.512] dead W=0.66 accept=7.46  (102s)
    14/19: [2.663,33.222,2.269,5.206,47.368,4.49] dead W=0.14 accept=7.14  (107s)
    16/19: [2.663,33.222,2.269,5.206,46.868,4.534] dead W=0.64 accept=7.84  (108s)
    18/19: [2.663,33.222,2.269,5.206,48.118,4.518] dead W=0.90 accept=7.30  (112s)
    round 3: 14 pairs refused, 14 midpoints to certify (step 0.125u)
    1/14: [2.663,33.222,2.269,4.206,48.118,4.531] dead W=0.71 accept=7.78  (118s)
    2/14: [2.663,33.222,2.269,4.706,46.993,4.534] dead W=0.17 accept=5.83  (118s)
    3/14: [2.663,33.222,2.269,4.206,46.243,4.512] dead W=0.15 accept=7.14  (119s)
    4/14: [2.663,33.222,2.269,4.206,46.243,4.534] dead W=0.81 accept=7.21  (119s)
    5/14: [2.663,33.222,2.269,4.706,47.243,4.49] dead W=0.92 accept=7.39  (124s)
    6/14: [2.663,33.222,2.269,4.706,47.743,4.49] dead W=0.26 accept=7.21  (124s)
    7/14: [2.663,33.222,2.269,4.706,47.993,4.512] dead W=0.77 accept=7.46  (124s)
    8/14: [2.663,33.222,2.269,4.706,48.118,4.526] dead W=0.86 accept=7.50  (124s)
    9/14: [2.663,33.222,2.269,5.206,47.743,4.49] dead W=0.61 accept=7.10  (130s)
    10/14: [2.663,33.222,2.269,5.206,46.493,4.49] dead W=0.31 accept=2.70  (130s)
    11/14: [2.663,33.222,2.269,5.206,46.743,4.512] dead W=0.20 accept=7.76  (130s)
    12/14: [2.663,33.222,2.269,5.206,46.993,4.534] dead W=0.65 accept=7.96  (130s)
    13/14: [2.663,33.222,2.269,5.206,47.993,4.512] dead W=0.95 accept=7.35  (135s)
    14/14: [2.663,33.222,2.269,5.206,48.118,4.52] dead W=0.85 accept=7.33  (135s)
    round 4: 10 pairs refused, 10 midpoints to certify (step 0.063u)
    1/10: [2.663,33.222,2.269,4.706,47.681,4.49] dead W=0.21 accept=7.37  (141s)
    2/10: [2.663,33.222,2.269,4.706,47.056,4.534] dead W=0.23 accept=7.55  (141s)
    3/10: [2.663,33.222,2.269,4.206,46.306,4.534] dead W=0.87 accept=7.27  (141s)
    4/10: [2.663,33.222,2.269,4.206,46.181,4.512] dead W=0.09 accept=1.75  (142s)
    5/10: [2.663,33.222,2.269,4.706,47.931,4.512] dead W=0.71 accept=7.46  (146s)
    6/10: [2.663,33.222,2.269,5.206,46.556,4.49] dead W=0.37 accept=2.76  (147s)
    7/10: [2.663,33.222,2.269,5.206,46.806,4.512] dead W=0.26 accept=7.71  (147s)
    8/10: [2.663,33.222,2.269,5.206,47.056,4.534] dead W=0.06 accept=8.02  (148s)
    9/10: [2.663,33.222,2.269,5.206,47.681,4.49] dead W=0.42 accept=7.24  (152s)
    10/10: [2.663,33.222,2.269,5.206,48.056,4.512] dead W=0.93 accept=7.24  (152s)
cell 7 (depth 2, victim half-widths 0.500/1.000/0.500u): dead (89 poses, 18334 gaps, 12 slivers, 0 probed gaps, min accepted 0.06u)
cell 8 (depth 3, victim half-widths 0.125/1.000/1.000u): centre [2.6627,33.2224,2.2687,3.3311,47.1181,4.4905]
    reach: arm (0,1) grid 59.00-98.33, enclosure - deg  REFUSED: arm (0,1): stopping event changes between cells (0,0,0)-(1,0,0): cross|a0,r1|2:r0 vs cross|r1|2:r1
    reach: arm (0,-1) 37.6-44.1 deg [cross r1 foot 1 at a1]  grid 38.00-43.67, enclosure 38.00-43.67 deg
    reach: arm (1,1) 31.3-37.7 deg [cross r1 foot 2 at r0]  grid 31.67-37.33, enclosure 31.67-37.33 deg
    reach: arm (1,-1) 1.3-7.7 deg [selfoff foot 2]  grid 1.67-7.33, enclosure 1.67-7.33 deg
    reach: arm (2,1) 7.9-14.4 deg [selfoff foot 1]  grid 8.33-14.00, enclosure 8.33-14.00 deg
    reach: arm (2,-1) 23.9-30.4 deg [cross r1 foot 1 at r0]  grid 24.33-30.00, enclosure 24.33-30.00 deg
cell 8 (depth 3, victim half-widths 0.125/1.000/1.000u): refused -- reach envelope: arm (0,1): stopping event changes between cells (0,0,0)-(1,0,0): cross|a0,r1|2:r0 vs cross|r1|2:r1
cell 9 (depth 3, victim half-widths 0.125/1.000/1.000u): centre [2.6627,33.2224,2.2687,3.5811,47.1181,4.4905]
    reach: arm (0,1) grid 59.33-97.67, enclosure - deg  REFUSED: arm (0,1): stopping event changes between cells (0,2,0)-(0,3,0): cross|r1|2:r1 vs cross|a0,r1|2:r0
    reach: arm (0,-1) 37.3-43.7 deg [cross r1 foot 1 at a1]  grid 37.67-43.33, enclosure 37.67-43.33 deg
    reach: arm (1,1) 30.9-37.7 deg [cross r1 foot 2 at r0]  grid 31.33-37.33, enclosure 31.33-37.33 deg
    reach: arm (1,-1) 1.3-8.1 deg [selfoff foot 2]  grid 1.67-7.67, enclosure 1.67-7.67 deg
    reach: arm (2,1) 7.6-14.4 deg [selfoff foot 1]  grid 8.00-14.00, enclosure 8.00-14.00 deg
    reach: arm (2,-1) 23.9-30.4 deg [cross r1 foot 1 at r0]  grid 24.33-30.00, enclosure 24.33-30.00 deg
cell 9 (depth 3, victim half-widths 0.125/1.000/1.000u): split on the victim's y axis (refused: reach envelope: arm (0,1): stopping event changes between cells (0,2,0)-(0,3,0): cross|r1|2:r1 vs cross|a0,r1|)
cell 10 (depth 3, victim half-widths 0.125/1.000/1.000u): centre [2.6627,33.2224,2.2687,3.8311,47.1181,4.4905]
    reach: arm (0,1) grid 59.67-96.33, enclosure - deg  REFUSED: arm (0,1): stopping event changes between cells (0,0,0)-(1,0,0): cross|a0,r1|2:r0 vs cross|r1|2:r1
    reach: arm (0,-1) 36.9-43.4 deg [cross r1 foot 1 at a1]  grid 37.33-43.00, enclosure 37.33-43.00 deg
    reach: arm (1,1) 30.9-37.4 deg [cross r1 foot 2 at r0]  grid 31.33-37.00, enclosure 31.33-37.00 deg
    reach: arm (1,-1) 1.3-8.1 deg [selfoff foot 2]  grid 1.67-7.67, enclosure 1.67-7.67 deg
    reach: arm (2,1) 7.6-14.1 deg [selfoff foot 1]  grid 8.00-13.67, enclosure 8.00-13.67 deg
    reach: arm (2,-1) 24.3-30.7 deg [cross r1 foot 1 at r0]  grid 24.67-30.33, enclosure 24.67-30.33 deg
cell 10 (depth 3, victim half-widths 0.125/1.000/1.000u): refused -- reach envelope: arm (0,1): stopping event changes between cells (0,0,0)-(1,0,0): cross|a0,r1|2:r0 vs cross|r1|2:r1
cell 11 (depth 3, victim half-widths 0.125/1.000/1.000u): centre [2.6627,33.2224,2.2687,4.0811,47.1181,4.4905]
    reach: arm (0,1) grid 60.00-96.67, enclosure - deg  REFUSED: arm (0,1): stopping event changes between cells (0,2,0)-(0,3,0): cross|r1|2:a0 vs cross|a0,r1|2:r0
    reach: arm (0,-1) 36.6-43.1 deg [cross r1 foot 1 at a1]  grid 37.00-42.67, enclosure 37.00-42.67 deg
    reach: arm (1,1) 30.9-37.4 deg [cross r1 foot 2 at r0]  grid 31.33-37.00, enclosure 31.33-37.00 deg
    reach: arm (1,-1) 1.3-8.1 deg [selfoff foot 2]  grid 1.67-7.67, enclosure 1.67-7.67 deg
    reach: arm (2,1) 7.3-14.1 deg [selfoff foot 1]  grid 7.67-13.67, enclosure 7.67-13.67 deg
    reach: arm (2,-1) 24.3-30.7 deg [cross r1 foot 1 at r0]  grid 24.67-30.33, enclosure 24.67-30.33 deg
cell 11 (depth 3, victim half-widths 0.125/1.000/1.000u): split on the victim's y axis (refused: reach envelope: arm (0,1): stopping event changes between cells (0,2,0)-(0,3,0): cross|r1|2:a0 vs cross|a0,r1|)
cell 12 (depth 3, victim half-widths 0.500/0.500/0.500u): centre [2.6627,33.2224,2.2687,4.7061,46.6181,4.4689]
    reach: arm (0,1) 61.3-66.4 deg [cross r1 foot 2 at a0]  grid 61.67-66.00, enclosure 61.67-66.00 deg
    reach: arm (0,-1) 35.6-40.4 deg [cross r1 foot 1 at a1]  grid 36.00-40.00, enclosure 36.00-40.00 deg
    reach: arm (1,1) 31.6-35.7 deg [cross r1 foot 2 at r0]  grid 32.00-35.33, enclosure 32.00-35.33 deg
    reach: arm (1,-1) 3.3-7.4 deg [selfoff foot 2]  grid 3.67-7.00, enclosure 3.67-7.00 deg
    reach: arm (2,1) 9.3-13.7 deg [selfoff foot 1]  grid 9.67-13.33, enclosure 9.67-13.33 deg
    reach: arm (2,-1) 24.6-29.1 deg [cross r1 foot 1 at r0]  grid 25.00-28.67, enclosure 25.00-28.67 deg
    1/27: [2.663,33.222,2.269,4.206,46.118,4.469] escape W=-2.66 accept=- reply (1,1) to 35.7deg leaves no throw (best margin -2.66u)  (20s)
    2/27: [2.663,33.222,2.269,4.206,46.118,4.447] escape W=-2.75 accept=- reply (1,1) to 35.7deg leaves no throw (best margin -2.75u)  (20s)
    3/27: [2.663,33.222,2.269,4.206,46.118,4.49] dead W=0.36 accept=1.47  (22s)
    6/27: [2.663,33.222,2.269,4.206,46.618,4.49] dead W=0.66 accept=7.65  (26s)
    9/27: [2.663,33.222,2.269,4.706,46.118,4.447] escape W=-2.66 accept=- reply (1,1) to 35.7deg leaves no throw (best margin -2.66u)  (30s)
    11/27: [2.663,33.222,2.269,4.706,46.118,4.469] escape W=-2.62 accept=- reply (1,1) to 35.7deg leaves no throw (best margin -2.62u)  (32s)
    12/27: [2.663,33.222,2.269,4.706,46.118,4.49] dead W=0.21 accept=1.76  (34s)
    15/27: [2.663,33.222,2.269,4.706,46.618,4.49] dead W=0.49 accept=2.84  (38s)
    17/27: [2.663,33.222,2.269,5.206,46.118,4.447] escape W=-2.68 accept=- reply (1,1) to 35.7deg leaves no throw (best margin -2.68u)  (42s)
    18/27: [2.663,33.222,2.269,4.706,47.118,4.469] dead W=1.10 accept=2.30  (42s)
    21/27: [2.663,33.222,2.269,5.206,46.118,4.49] dead W=0.45 accept=2.98  (48s)
    24/27: [2.663,33.222,2.269,5.206,46.618,4.49] dead W=0.39 accept=2.80  (50s)
    27/27: [2.663,33.222,2.269,5.206,47.118,4.49] dead W=0.65 accept=8.58  (54s)
cell 12 (depth 3, victim half-widths 0.500/0.500/0.500u): split on the victim's rot axis (escape: grid pose [2.6627,33.2224,2.2687,4.2061,46.1181,4.4472] is escape: reply (1,1) to 35.7deg leaves no throw (bes)
cell 13 (depth 3, victim half-widths 0.500/0.500/0.500u): centre [2.6627,33.2224,2.2687,4.7061,47.6181,4.4689]
    reach: arm (0,1) 62.6-67.7 deg [cross r1 foot 2 at a0]  grid 63.00-67.33, enclosure 63.00-67.33 deg
    reach: arm (0,-1) 36.9-41.7 deg [cross r1 foot 1 at a1]  grid 37.33-41.33, enclosure 37.33-41.33 deg
    reach: arm (1,1) 32.9-37.1 deg [cross r1 foot 2 at r0]  grid 33.33-36.67, enclosure 33.33-36.67 deg
    reach: arm (1,-1) 1.6-5.7 deg [selfoff foot 2]  grid 2.00-5.33, enclosure 2.00-5.33 deg
    reach: arm (2,1) 7.9-12.4 deg [selfoff foot 1]  grid 8.33-12.00, enclosure 8.33-12.00 deg
    reach: arm (2,-1) 25.9-30.4 deg [cross r1 foot 1 at r0]  grid 26.33-30.00, enclosure 26.33-30.00 deg
    3/27: [2.663,33.222,2.269,4.206,47.118,4.49] dead W=0.84 accept=7.20  (20s)
    6/27: [2.663,33.222,2.269,4.206,47.618,4.49] dead W=1.03 accept=7.46  (25s)
    9/27: [2.663,33.222,2.269,4.206,48.118,4.49] dead W=0.99 accept=7.47  (30s)
    12/27: [2.663,33.222,2.269,4.706,47.118,4.49] dead W=0.72 accept=7.39  (31s)
    15/27: [2.663,33.222,2.269,4.706,47.618,4.469] dead W=1.04 accept=7.20  (36s)
    18/27: [2.663,33.222,2.269,4.706,48.118,4.49] dead W=1.09 accept=7.19  (41s)
    21/27: [2.663,33.222,2.269,5.206,47.118,4.49] dead W=0.87 accept=8.22  (47s)
    24/27: [2.663,33.222,2.269,5.206,47.618,4.49] dead W=0.83 accept=7.27  (48s)
    27/27: [2.663,33.222,2.269,5.206,48.118,4.49] dead W=0.76 accept=7.07  (53s)
    round 1: 13 pairs refused, 13 midpoints to certify (step 0.250u)
    1/13: [2.663,33.222,2.269,4.706,47.868,4.447] dead W=1.07 accept=0.85  (58s)
    2/13: [2.663,33.222,2.269,4.206,47.868,4.447] dead W=1.08 accept=7.09  (58s)
    3/13: [2.663,33.222,2.269,4.706,47.368,4.49] dead W=0.87 accept=6.29  (58s)
    4/13: [2.663,33.222,2.269,4.706,47.368,4.469] dead W=1.05 accept=3.05  (58s)
    5/13: [2.663,33.222,2.269,4.956,47.618,4.469] dead W=1.10 accept=7.04  (63s)
    6/13: [2.663,33.222,2.269,4.706,47.618,4.48] dead W=1.03 accept=7.22  (63s)
    7/13: [2.663,33.222,2.269,4.706,47.868,4.49] dead W=1.10 accept=7.34  (64s)
    8/13: [2.663,33.222,2.269,5.206,47.368,4.447] dead W=1.02 accept=2.85  (64s)
    9/13: [2.663,33.222,2.269,5.206,47.868,4.447] dead W=1.06 accept=6.83  (69s)
    10/13: [2.663,33.222,2.269,5.206,47.368,4.49] dead W=0.70 accept=7.10  (69s)
    11/13: [2.663,33.222,2.269,5.206,47.618,4.48] dead W=1.01 accept=7.13  (69s)
    12/13: [2.663,33.222,2.269,5.206,47.368,4.469] dead W=0.99 accept=8.18  (69s)
    13/13: [2.663,33.222,2.269,5.206,47.868,4.49] dead W=0.97 accept=7.07  (74s)
    round 2: 12 pairs refused, 12 midpoints to certify (step 0.125u)
    1/12: [2.663,33.222,2.269,4.706,47.993,4.447] dead W=1.18 accept=0.94  (80s)
    2/12: [2.663,33.222,2.269,4.706,47.493,4.469] dead W=1.00 accept=0.96  (80s)
    3/12: [2.663,33.222,2.269,4.706,47.243,4.49] dead W=0.77 accept=6.30  (80s)
    4/12: [2.663,33.222,2.269,4.206,47.743,4.447] dead W=1.07 accept=7.08  (80s)
    5/12: [2.663,33.222,2.269,4.706,47.618,4.485] dead W=1.06 accept=7.28  (85s)
    6/12: [2.663,33.222,2.269,5.206,47.243,4.447] dead W=1.04 accept=2.61  (85s)
    7/12: [2.663,33.222,2.269,4.706,47.743,4.49] dead W=1.03 accept=7.34  (85s)
    8/12: [2.663,33.222,2.269,5.206,47.243,4.469] dead W=0.96 accept=2.78  (86s)
    9/12: [2.663,33.222,2.269,5.206,47.993,4.447] dead W=1.07 accept=6.72  (91s)
    10/12: [2.663,33.222,2.269,5.206,47.618,4.485] dead W=0.92 accept=7.01  (91s)
    11/12: [2.663,33.222,2.269,5.206,47.493,4.469] dead W=1.09 accept=7.16  (91s)
    12/12: [2.663,33.222,2.269,5.206,47.743,4.49] dead W=0.93 accept=7.19  (91s)
    round 3: 9 pairs refused, 9 midpoints to certify (step 0.063u)
    1/9: [2.663,33.222,2.269,4.706,48.056,4.447] dead W=1.13 accept=0.98  (96s)
    2/9: [2.663,33.222,2.269,4.706,47.618,4.488] dead W=1.05 accept=1.35  (96s)
    3/9: [2.663,33.222,2.269,4.206,47.806,4.447] dead W=1.14 accept=7.08  (96s)
    4/9: [2.663,33.222,2.269,4.706,47.681,4.49] dead W=1.05 accept=7.34  (96s)
    5/9: [2.663,33.222,2.269,5.206,47.181,4.447] dead W=0.98 accept=2.56  (101s)
    6/9: [2.663,33.222,2.269,5.206,48.056,4.447] dead W=1.14 accept=6.72  (101s)
    7/9: [2.663,33.222,2.269,5.206,47.431,4.469] dead W=1.04 accept=8.24  (102s)
    8/9: [2.663,33.222,2.269,5.206,47.618,4.482] dead W=0.97 accept=6.98  (102s)
    9/9: [2.663,33.222,2.269,5.206,47.806,4.49] dead W=0.99 accept=7.19  (107s)
cell 13 (depth 3, victim half-widths 0.500/0.500/0.500u): dead (61 poses, 12200 gaps, 8 slivers, 0 probed gaps, min accepted 0.04u)
cell 14 (depth 4, victim half-widths 0.125/0.500/1.000u): centre [2.6627,33.2224,2.2687,3.5811,46.6181,4.4905]
    reach: arm (0,1) grid 59.33-96.33, enclosure - deg  REFUSED: arm (0,1): stopping event changes between cells (2,0,0)-(3,0,0): cross|r1|2:r1 vs cross|a0,r1|2:r0
    reach: arm (0,-1) 37.3-42.4 deg [cross r1 foot 1 at a1]  grid 37.67-42.00, enclosure 37.67-42.00 deg
    reach: arm (1,1) 30.9-36.1 deg [cross r1 foot 2 at r0]  grid 31.33-35.67, enclosure 31.33-35.67 deg
    reach: arm (1,-1) 2.9-8.1 deg [selfoff foot 2]  grid 3.33-7.67, enclosure 3.33-7.67 deg
    reach: arm (2,1) 8.9-14.4 deg [selfoff foot 1]  grid 9.33-14.00, enclosure 9.33-14.00 deg
    reach: arm (2,-1) 23.9-29.1 deg [cross r1 foot 1 at r0]  grid 24.33-28.67, enclosure 24.33-28.67 deg
cell 14 (depth 4, victim half-widths 0.125/0.500/1.000u): refused -- reach envelope: arm (0,1): stopping event changes between cells (2,0,0)-(3,0,0): cross|r1|2:r1 vs cross|a0,r1|2:r0
cell 15 (depth 4, victim half-widths 0.125/0.500/1.000u): centre [2.6627,33.2224,2.2687,3.5811,47.6181,4.4905]
    reach: arm (0,1) grid 60.67-97.67, enclosure - deg  REFUSED: arm (0,1): stopping event changes between cells (0,0,1)-(0,1,1): cross|r1|2:a0 vs cross|a0,r1|2:r0
    reach: arm (0,-1) 38.6-43.7 deg [cross r1 foot 1 at a1]  grid 39.00-43.33, enclosure 39.00-43.33 deg
    reach: arm (1,1) 32.3-37.7 deg [cross r1 foot 2 at r0]  grid 32.67-37.33, enclosure 32.67-37.33 deg
    reach: arm (1,-1) 1.3-6.4 deg [selfoff foot 2]  grid 1.67-6.00, enclosure 1.67-6.00 deg
    reach: arm (2,1) 7.6-12.7 deg [selfoff foot 1]  grid 8.00-12.33, enclosure 8.00-12.33 deg
    reach: arm (2,-1) 25.3-30.4 deg [cross r1 foot 1 at r0]  grid 25.67-30.00, enclosure 25.67-30.00 deg
cell 15 (depth 4, victim half-widths 0.125/0.500/1.000u): split on the victim's y axis (refused: reach envelope: arm (0,1): stopping event changes between cells (0,0,1)-(0,1,1): cross|r1|2:a0 vs cross|a0,r1|)
cell 16 (depth 4, victim half-widths 0.125/0.500/1.000u): centre [2.6627,33.2224,2.2687,4.0811,46.6181,4.4905]
    reach: arm (0,1) grid 60.00-65.00, enclosure 59.67-65.33 deg  REFUSED: arm (0,1): foot 2 meets two lines 0.2770 deg apart inside the box (circles 1 and 2), within one 0.333-degree substep: the sampling phase, not the geometry, decides whether the swing stops there
    reach: arm (0,-1) 36.6-41.7 deg [cross r1 foot 1 at a1]  grid 37.00-41.33, enclosure 37.00-41.33 deg
    reach: arm (1,1) 30.9-36.1 deg [cross r1 foot 2 at r0]  grid 31.33-35.67, enclosure 31.33-35.67 deg
    reach: arm (1,-1) 2.9-8.1 deg [selfoff foot 2]  grid 3.33-7.67, enclosure 3.33-7.67 deg
    reach: arm (2,1) 8.6-14.1 deg [selfoff foot 1]  grid 9.00-13.67, enclosure 9.00-13.67 deg
    reach: arm (2,-1) 24.3-29.4 deg [cross r1 foot 1 at r0]  grid 24.67-29.00, enclosure 24.67-29.00 deg
cell 16 (depth 4, victim half-widths 0.125/0.500/1.000u): split on the victim's rot axis (refused: reach envelope: arm (0,1): foot 2 meets two lines 0.2770 deg apart inside the box (circles 1 and 2), within on)
cell 17 (depth 4, victim half-widths 0.125/0.500/1.000u): centre [2.6627,33.2224,2.2687,4.0811,47.6181,4.4905]
    reach: arm (0,1) grid 61.00-96.67, enclosure - deg  REFUSED: arm (0,1): stopping event changes between cells (0,1,0)-(0,2,0): cross|r1|2:r1 vs cross|a0,r1|2:r0
    reach: arm (0,-1) 37.9-43.1 deg [cross r1 foot 1 at a1]  grid 38.33-42.67, enclosure 38.33-42.67 deg
    reach: arm (1,1) 32.3-37.4 deg [cross r1 foot 2 at r0]  grid 32.67-37.00, enclosure 32.67-37.00 deg
    reach: arm (1,-1) 1.3-6.4 deg [selfoff foot 2]  grid 1.67-6.00, enclosure 1.67-6.00 deg
    reach: arm (2,1) 7.3-12.7 deg [selfoff foot 1]  grid 7.67-12.33, enclosure 7.67-12.33 deg
    reach: arm (2,-1) 25.6-30.7 deg [cross r1 foot 1 at r0]  grid 26.00-30.33, enclosure 26.00-30.33 deg
cell 17 (depth 4, victim half-widths 0.125/0.500/1.000u): split on the victim's y axis (refused: reach envelope: arm (0,1): stopping event changes between cells (0,1,0)-(0,2,0): cross|r1|2:r1 vs cross|a0,r1|)
cell 18 (depth 4, victim half-widths 0.500/0.500/0.250u): centre [2.6627,33.2224,2.2687,4.7061,46.6181,4.458]
    reach: arm (0,1) 62.3-66.4 deg [cross r1 foot 2 at a0]  grid 62.67-66.00, enclosure 62.67-66.00 deg
    reach: arm (0,-1) 35.6-39.7 deg [cross r1 foot 1 at a1]  grid 36.00-39.33, enclosure 36.00-39.33 deg
    reach: arm (1,1) 32.3-35.7 deg [cross r1 foot 2 at r0]  grid 32.67-35.33, enclosure 32.67-35.33 deg
    reach: arm (1,-1) 3.3-6.7 deg [selfoff foot 2]  grid 3.67-6.33, enclosure 3.67-6.33 deg
    reach: arm (2,1) 9.9-13.4 deg [selfoff foot 1]  grid 10.33-13.00, enclosure 10.33-13.00 deg
    reach: arm (2,-1) 24.6-28.4 deg [cross r1 foot 1 at r0]  grid 25.00-28.00, enclosure 25.00-28.00 deg
    1/27: [2.663,33.222,2.269,4.206,46.118,4.458] escape W=-2.70 accept=- reply (1,1) to 35.7deg leaves no throw (best margin -2.70u)  (18s)
    2/27: [2.663,33.222,2.269,4.206,46.118,4.447] escape W=-2.75 accept=- reply (1,1) to 35.7deg leaves no throw (best margin -2.75u)  (19s)
    3/27: [2.663,33.222,2.269,4.206,46.118,4.469] escape W=-2.66 accept=- reply (1,1) to 35.7deg leaves no throw (best margin -2.66u)  (19s)
    6/27: [2.663,33.222,2.269,4.206,46.618,4.469] dead W=0.92 accept=1.30  (24s)
    9/27: [2.663,33.222,2.269,4.706,46.118,4.458] escape W=-2.67 accept=- reply (1,1) to 35.7deg leaves no throw (best margin -2.67u)  (29s)
    10/27: [2.663,33.222,2.269,4.706,46.118,4.447] escape W=-2.66 accept=- reply (1,1) to 35.7deg leaves no throw (best margin -2.66u)  (29s)
    11/27: [2.663,33.222,2.269,4.706,46.118,4.469] escape W=-2.62 accept=- reply (1,1) to 35.7deg leaves no throw (best margin -2.62u)  (30s)
    12/27: [2.663,33.222,2.269,4.206,47.118,4.469] dead W=1.07 accept=2.41  (30s)
    15/27: [2.663,33.222,2.269,4.706,47.118,4.447] dead W=1.16 accept=2.43  (35s)
    17/27: [2.663,33.222,2.269,5.206,46.118,4.447] escape W=-2.68 accept=- reply (1,1) to 35.7deg leaves no throw (best margin -2.68u)  (39s)
    18/27: [2.663,33.222,2.269,4.706,47.118,4.458] dead W=1.14 accept=2.21  (40s)
    21/27: [2.663,33.222,2.269,5.206,46.118,4.469] dead W=0.33 accept=2.02  (45s)
    24/27: [2.663,33.222,2.269,5.206,46.618,4.469] dead W=0.67 accept=2.74  (47s)
    27/27: [2.663,33.222,2.269,5.206,47.118,4.469] dead W=0.99 accept=2.58  (51s)
cell 18 (depth 4, victim half-widths 0.500/0.500/0.250u): split on the victim's x axis (escape: grid pose [2.6627,33.2224,2.2687,4.2061,46.1181,4.4472] is escape: reply (1,1) to 35.7deg leaves no throw (bes)
cell 19 (depth 4, victim half-widths 0.500/0.500/0.250u): centre [2.6627,33.2224,2.2687,4.7061,46.6181,4.4797]
    reach: arm (0,1) 61.3-65.4 deg [cross r1 foot 2 at a0]  grid 61.67-65.00, enclosure 61.67-65.00 deg
    reach: arm (0,-1) 36.3-40.1 deg [cross r1 foot 1 at a1]  grid 36.67-39.67, enclosure 36.67-39.67 deg
    reach: arm (1,1) 31.6-35.1 deg [cross r1 foot 2 at r0]  grid 32.00-34.67, enclosure 32.00-34.67 deg
    reach: arm (1,-1) 3.6-7.1 deg [selfoff foot 2]  grid 4.00-6.67, enclosure 4.00-6.67 deg
    reach: arm (2,1) 9.3-13.1 deg [selfoff foot 1]  grid 9.67-12.67, enclosure 9.67-12.67 deg
    reach: arm (2,-1) 25.3-28.7 deg [cross r1 foot 1 at r0]  grid 25.67-28.33, enclosure 25.67-28.33 deg
    3/27: [2.663,33.222,2.269,4.206,46.118,4.48] dead W=0.58 accept=1.45  (20s)
    6/27: [2.663,33.222,2.269,4.206,46.618,4.48] dead W=0.84 accept=2.05  (26s)
    9/27: [2.663,33.222,2.269,4.206,47.118,4.49] dead W=1.06 accept=7.20  (31s)
    12/27: [2.663,33.222,2.269,4.706,46.118,4.49] dead W=0.54 accept=1.73  (32s)
    15/27: [2.663,33.222,2.269,4.706,46.618,4.49] dead W=0.62 accept=2.80  (38s)
    18/27: [2.663,33.222,2.269,4.706,47.118,4.49] dead W=0.89 accept=7.43  (43s)
    21/27: [2.663,33.222,2.269,5.206,46.118,4.49] dead W=0.49 accept=2.96  (48s)
    24/27: [2.663,33.222,2.269,5.206,46.618,4.49] dead W=0.76 accept=2.76  (49s)
    27/27: [2.663,33.222,2.269,5.206,47.118,4.49] dead W=0.79 accept=8.67  (54s)
    round 1: 8 pairs refused, 8 midpoints to certify (step 0.250u)
    1/8: [2.663,33.222,2.269,4.206,46.868,4.48] dead W=1.01 accept=1.69  (60s)
    2/8: [2.663,33.222,2.269,4.956,46.118,4.469] dead W=0.51 accept=1.78  (60s)
    3/8: [2.663,33.222,2.269,4.706,46.368,4.469] dead W=0.69 accept=1.95  (60s)
    4/8: [2.663,33.222,2.269,4.206,46.868,4.469] dead W=1.05 accept=1.63  (60s)
    5/8: [2.663,33.222,2.269,4.956,47.118,4.49] dead W=0.83 accept=3.33  (66s)
    6/8: [2.663,33.222,2.269,5.206,46.368,4.469] dead W=0.62 accept=0.20  (66s)
    7/8: [2.663,33.222,2.269,5.206,46.368,4.48] dead W=0.62 accept=2.43  (66s)
    8/8: [2.663,33.222,2.269,5.206,46.368,4.49] dead W=0.63 accept=2.53  (66s)
    round 2: 4 pairs refused, 4 midpoints to certify (step 0.125u)
    1/4: [2.663,33.222,2.269,5.206,46.243,4.469] dead W=0.50 accept=2.22  (71s)
    2/4: [2.663,33.222,2.269,5.206,46.243,4.48] dead W=0.60 accept=2.32  (71s)
    3/4: [2.663,33.222,2.269,4.831,46.118,4.469] dead W=0.53 accept=1.64  (71s)
    4/4: [2.663,33.222,2.269,5.206,46.493,4.49] dead W=0.64 accept=2.65  (71s)
    round 3: 4 pairs refused, 4 midpoints to certify (step 0.063u)
    1/4: [2.663,33.222,2.269,4.769,46.118,4.469] dead W=0.55 accept=1.64  (77s)
    2/4: [2.663,33.222,2.269,5.206,46.431,4.49] dead W=0.63 accept=2.59  (77s)
    3/4: [2.663,33.222,2.269,5.206,46.181,4.469] dead W=0.55 accept=2.05  (77s)
    4/4: [2.663,33.222,2.269,5.206,46.306,4.48] dead W=0.61 accept=2.38  (77s)
cell 19 (depth 4, victim half-widths 0.500/0.500/0.250u): dead (43 poses, 8428 gaps, 2 slivers, 0 probed gaps, min accepted 0.07u)
cell 20 (depth 5, victim half-widths 0.125/0.250/1.000u): centre [2.6627,33.2224,2.2687,3.5811,47.3681,4.4905]
    reach: arm (0,1) grid 60.67-97.67, enclosure - deg  REFUSED: arm (0,1): stopping event changes between cells (0,0,0)-(0,1,0): cross|r1|2:r1 vs cross|a0,r1|2:r0
    reach: arm (0,-1) 38.6-43.1 deg [cross r1 foot 1 at a1]  grid 39.00-42.67, enclosure 39.00-42.67 deg
    reach: arm (1,1) 32.3-36.7 deg [cross r1 foot 2 at r0]  grid 32.67-36.33, enclosure 32.67-36.33 deg
    reach: arm (1,-1) 1.9-6.4 deg [selfoff foot 2]  grid 2.33-6.00, enclosure 2.33-6.00 deg
    reach: arm (2,1) 8.3-12.7 deg [selfoff foot 1]  grid 8.67-12.33, enclosure 8.67-12.33 deg
    reach: arm (2,-1) 25.3-29.7 deg [cross r1 foot 1 at r0]  grid 25.67-29.33, enclosure 25.67-29.33 deg
cell 20 (depth 5, victim half-widths 0.125/0.250/1.000u): split on the victim's y axis (refused: reach envelope: arm (0,1): stopping event changes between cells (0,0,0)-(0,1,0): cross|r1|2:r1 vs cross|a0,r1|)
cell 21 (depth 5, victim half-widths 0.125/0.250/1.000u): centre [2.6627,33.2224,2.2687,3.5811,47.8681,4.4905]
    reach: arm (0,1) grid 61.33-97.67, enclosure - deg  REFUSED: arm (0,1): stopping event changes between cells (0,0,0)-(1,0,0): cross|a0,r1|2:r0 vs cross|r1|2:r1
    reach: arm (0,-1) 39.3-43.7 deg [cross r1 foot 1 at a1]  grid 39.67-43.33, enclosure 39.67-43.33 deg
    reach: arm (1,1) 32.9-37.7 deg [cross r1 foot 2 at r0]  grid 33.33-37.33, enclosure 33.33-37.33 deg
    reach: arm (1,-1) 1.3-5.7 deg [selfoff foot 2]  grid 1.67-5.33, enclosure 1.67-5.33 deg
    reach: arm (2,1) 7.6-12.1 deg [selfoff foot 1]  grid 8.00-11.67, enclosure 8.00-11.67 deg
    reach: arm (2,-1) 25.9-30.4 deg [cross r1 foot 1 at r0]  grid 26.33-30.00, enclosure 26.33-30.00 deg
cell 21 (depth 5, victim half-widths 0.125/0.250/1.000u): refused -- reach envelope: arm (0,1): stopping event changes between cells (0,0,0)-(1,0,0): cross|a0,r1|2:r0 vs cross|r1|2:r1
cell 22 (depth 5, victim half-widths 0.125/0.500/0.500u): centre [2.6627,33.2224,2.2687,4.0811,46.6181,4.4689]
    reach: arm (0,1) grid 61.67-65.00, enclosure 61.33-65.00 deg  REFUSED: arm (0,1): phase-sensitive limit at cell (0,4,0): a random-size ladder stops at 95.9deg [cross] against the 1-degree ladder's 64.7deg
    reach: arm (0,-1) 36.6-40.4 deg [cross r1 foot 1 at a1]  grid 37.00-40.00, enclosure 37.00-40.00 deg
    reach: arm (1,1) 31.9-35.7 deg [cross r1 foot 2 at r0]  grid 32.33-35.33, enclosure 32.33-35.33 deg
    reach: arm (1,-1) 3.3-7.1 deg [selfoff foot 2]  grid 3.67-6.67, enclosure 3.67-6.67 deg
    reach: arm (2,1) 9.9-13.7 deg [selfoff foot 1]  grid 10.33-13.33, enclosure 10.33-13.33 deg
    reach: arm (2,-1) 24.6-28.4 deg [cross r1 foot 1 at r0]  grid 25.00-28.00, enclosure 25.00-28.00 deg
cell 22 (depth 5, victim half-widths 0.125/0.500/0.500u): split on the victim's y axis (refused: reach envelope: arm (0,1): phase-sensitive limit at cell (0,4,0): a random-size ladder stops at 95.9deg [cross)
cell 23 (depth 5, victim half-widths 0.125/0.500/0.500u): centre [2.6627,33.2224,2.2687,4.0811,46.6181,4.5121]
    reach: arm (0,1) 59.3-63.7 deg [cross r1 foot 2 at a0]  grid 59.67-63.33, enclosure 59.67-63.33 deg
    reach: arm (0,-1) 37.6-41.7 deg [cross r1 foot 1 at a1]  grid 38.00-41.33, enclosure 38.00-41.33 deg
    reach: arm (1,1) 30.9-34.7 deg [cross r1 foot 2 at r0]  grid 31.33-34.33, enclosure 31.33-34.33 deg
    reach: arm (1,-1) 3.9-7.7 deg [selfoff foot 2]  grid 4.33-7.33, enclosure 4.33-7.33 deg
    reach: arm (2,1) 8.9-12.7 deg [selfoff foot 1]  grid 9.33-12.33, enclosure 9.33-12.33 deg
    reach: arm (2,-1) 25.6-29.4 deg [cross r1 foot 1 at r0]  grid 26.00-29.00, enclosure 26.00-29.00 deg
    3/27: [2.663,33.222,2.269,3.956,46.118,4.512] dead W=0.59 accept=2.21  (20s)
    6/27: [2.663,33.222,2.269,3.956,47.118,4.49] dead W=1.03 accept=7.05  (25s)
    9/27: [2.663,33.222,2.269,3.956,47.118,4.534] dead W=0.64 accept=7.65  (31s)
    12/27: [2.663,33.222,2.269,4.081,46.118,4.512] dead W=0.58 accept=2.33  (32s)
    15/27: [2.663,33.222,2.269,4.081,46.618,4.512] dead W=0.80 accept=7.70  (37s)
    18/27: [2.663,33.222,2.269,4.081,47.118,4.534] dead W=0.93 accept=7.65  (42s)
    21/27: [2.663,33.222,2.269,4.206,46.118,4.534] dead W=0.49 accept=2.44  (47s)
    24/27: [2.663,33.222,2.269,4.206,46.618,4.534] dead W=0.64 accept=7.83  (48s)
    27/27: [2.663,33.222,2.269,4.206,47.118,4.534] dead W=0.90 accept=7.63  (53s)
    round 1: 6 pairs refused, 6 midpoints to certify (step 0.250u)
    1/6: [2.663,33.222,2.269,4.081,46.368,4.534] dead W=0.63 accept=7.86  (59s)
    2/6: [2.663,33.222,2.269,3.956,46.368,4.534] dead W=0.64 accept=7.95  (59s)
    3/6: [2.663,33.222,2.269,4.081,46.368,4.512] dead W=0.71 accept=7.60  (59s)
    4/6: [2.663,33.222,2.269,3.956,46.368,4.512] dead W=0.72 accept=7.71  (59s)
    5/6: [2.663,33.222,2.269,4.206,46.368,4.534] dead W=0.62 accept=7.77  (64s)
    6/6: [2.663,33.222,2.269,4.206,46.368,4.512] dead W=0.70 accept=7.59  (64s)
    round 2: 4 pairs refused, 4 midpoints to certify (step 0.125u)
    1/4: [2.663,33.222,2.269,4.206,46.243,4.512] dead W=0.58 accept=1.73  (70s)
    2/4: [2.663,33.222,2.269,3.956,46.243,4.512] dead W=0.60 accept=7.79  (70s)
    3/4: [2.663,33.222,2.269,3.956,46.243,4.534] dead W=0.52 accept=7.82  (70s)
    4/4: [2.663,33.222,2.269,4.081,46.243,4.512] dead W=0.59 accept=1.72  (70s)
    round 3: 2 pairs refused, 2 midpoints to certify (step 0.063u)
    1/2: [2.663,33.222,2.269,3.956,46.181,4.512] dead W=0.65 accept=1.55  (75s)
    2/2: [2.663,33.222,2.269,3.956,46.306,4.534] dead W=0.58 accept=7.89  (75s)
cell 23 (depth 5, victim half-widths 0.125/0.500/0.500u): dead (39 poses, 7566 gaps, 1 slivers, 0 probed gaps, min accepted 0.08u)
cell 24 (depth 5, victim half-widths 0.125/0.250/1.000u): centre [2.6627,33.2224,2.2687,4.0811,47.3681,4.4905]
    reach: arm (0,1) grid 61.00-96.33, enclosure - deg  REFUSED: arm (0,1): stopping event changes between cells (0,0,0)-(0,1,0): cross|r1|2:a0 vs cross|a0,r1|2:r0
    reach: arm (0,-1) 37.9-42.4 deg [cross r1 foot 1 at a1]  grid 38.33-42.00, enclosure 38.33-42.00 deg
    reach: arm (1,1) 32.3-36.7 deg [cross r1 foot 2 at r0]  grid 32.67-36.33, enclosure 32.67-36.33 deg
    reach: arm (1,-1) 2.3-6.4 deg [selfoff foot 2]  grid 2.67-6.00, enclosure 2.67-6.00 deg
    reach: arm (2,1) 7.9-12.7 deg [selfoff foot 1]  grid 8.33-12.33, enclosure 8.33-12.33 deg
    reach: arm (2,-1) 25.6-30.1 deg [cross r1 foot 1 at r0]  grid 26.00-29.67, enclosure 26.00-29.67 deg
cell 24 (depth 5, victim half-widths 0.125/0.250/1.000u): split on the victim's y axis (refused: reach envelope: arm (0,1): stopping event changes between cells (0,0,0)-(0,1,0): cross|r1|2:a0 vs cross|a0,r1|)
cell 25 (depth 5, victim half-widths 0.125/0.250/1.000u): centre [2.6627,33.2224,2.2687,4.0811,47.8681,4.4905]
    reach: arm (0,1) grid 61.67-96.67, enclosure - deg  REFUSED: arm (0,1): stopping event changes between cells (0,0,0)-(1,0,0): cross|a0,r1|2:r0 vs cross|r1|2:r1
    reach: arm (0,-1) 38.6-43.1 deg [cross r1 foot 1 at a1]  grid 39.00-42.67, enclosure 39.00-42.67 deg
    reach: arm (1,1) 32.9-37.4 deg [cross r1 foot 2 at r0]  grid 33.33-37.00, enclosure 33.33-37.00 deg
    reach: arm (1,-1) 1.3-5.7 deg [selfoff foot 2]  grid 1.67-5.33, enclosure 1.67-5.33 deg
    reach: arm (2,1) 7.3-11.7 deg [selfoff foot 1]  grid 7.67-11.33, enclosure 7.67-11.33 deg
    reach: arm (2,-1) 26.3-30.7 deg [cross r1 foot 1 at r0]  grid 26.67-30.33, enclosure 26.67-30.33 deg
cell 25 (depth 5, victim half-widths 0.125/0.250/1.000u): refused -- reach envelope: arm (0,1): stopping event changes between cells (0,0,0)-(1,0,0): cross|a0,r1|2:r0 vs cross|r1|2:r1
cell 26 (depth 5, victim half-widths 0.250/0.500/0.250u): centre [2.6627,33.2224,2.2687,4.4561,46.6181,4.458]
    reach: arm (0,1) 62.3-65.7 deg [cross r1 foot 2 at a0]  grid 62.67-65.33, enclosure 62.67-65.33 deg
    reach: arm (0,-1) 36.3-39.7 deg [cross r1 foot 1 at a1]  grid 36.67-39.33, enclosure 36.67-39.33 deg
    reach: arm (1,1) 32.6-35.7 deg [cross r1 foot 2 at r0]  grid 33.00-35.33, enclosure 33.00-35.33 deg
    reach: arm (1,-1) 3.3-6.7 deg [selfoff foot 2]  grid 3.67-6.33, enclosure 3.67-6.33 deg
    reach: arm (2,1) 10.3-13.4 deg [selfoff foot 1]  grid 10.67-13.00, enclosure 10.67-13.00 deg
    reach: arm (2,-1) 24.6-28.1 deg [cross r1 foot 1 at r0]  grid 25.00-27.67, enclosure 25.00-27.67 deg
    1/27: [2.663,33.222,2.269,4.206,46.118,4.447] escape W=-2.75 accept=- reply (1,1) to 35.7deg leaves no throw (best margin -2.75u)  (18s)
    2/27: [2.663,33.222,2.269,4.206,46.118,4.458] escape W=-2.70 accept=- reply (1,1) to 35.7deg leaves no throw (best margin -2.70u)  (18s)
    3/27: [2.663,33.222,2.269,4.206,46.118,4.469] escape W=-2.66 accept=- reply (1,1) to 35.7deg leaves no throw (best margin -2.66u)  (18s)
    6/27: [2.663,33.222,2.269,4.206,46.618,4.469] dead W=0.83 accept=1.30  (24s)
    9/27: [2.663,33.222,2.269,4.456,46.118,4.458] escape W=-2.67 accept=- reply (1,1) to 35.7deg leaves no throw (best margin -2.67u)  (28s)
    10/27: [2.663,33.222,2.269,4.456,46.118,4.447] escape W=-2.70 accept=- reply (1,1) to 35.7deg leaves no throw (best margin -2.70u)  (28s)
    12/27: [2.663,33.222,2.269,4.456,46.118,4.469] escape W=-2.62 accept=- reply (1,1) to 35.7deg leaves no throw (best margin -2.62u)  (30s)
    15/27: [2.663,33.222,2.269,4.456,47.118,4.447] dead W=1.15 accept=2.28  (36s)
    17/27: [2.663,33.222,2.269,4.706,46.118,4.447] escape W=-2.66 accept=- reply (1,1) to 35.7deg leaves no throw (best margin -2.66u)  (40s)
    18/27: [2.663,33.222,2.269,4.706,46.118,4.458] escape W=-2.67 accept=- reply (1,1) to 35.7deg leaves no throw (best margin -2.67u)  (40s)
    21/27: [2.663,33.222,2.269,4.706,46.118,4.469] escape W=-2.62 accept=- reply (1,1) to 35.7deg leaves no throw (best margin -2.62u)  (43s)
    24/27: [2.663,33.222,2.269,4.706,46.618,4.469] dead W=0.82 accept=2.25  (45s)
    27/27: [2.663,33.222,2.269,4.706,47.118,4.458] dead W=1.18 accept=2.21  (50s)
cell 26 (depth 5, victim half-widths 0.250/0.500/0.250u): split on the victim's y axis (escape: grid pose [2.6627,33.2224,2.2687,4.2061,46.1181,4.4472] is escape: reply (1,1) to 35.7deg leaves no throw (bes)
cell 27 (depth 5, victim half-widths 0.250/0.500/0.250u): centre [2.6627,33.2224,2.2687,4.9561,46.6181,4.458]
    reach: arm (0,1) 62.6-66.4 deg [cross r1 foot 2 at a0]  grid 63.00-66.00, enclosure 63.00-66.00 deg
    reach: arm (0,-1) 35.6-39.1 deg [cross r1 foot 1 at a1]  grid 36.00-38.67, enclosure 36.00-38.67 deg
    reach: arm (1,1) 32.3-35.4 deg [cross r1 foot 2 at r0]  grid 32.67-35.00, enclosure 32.67-35.00 deg
    reach: arm (1,-1) 3.6-6.7 deg [selfoff foot 2]  grid 4.00-6.33, enclosure 4.00-6.33 deg
    reach: arm (2,1) 9.9-13.1 deg [selfoff foot 1]  grid 10.33-12.67, enclosure 10.33-12.67 deg
    reach: arm (2,-1) 24.9-28.4 deg [cross r1 foot 1 at r0]  grid 25.33-28.00, enclosure 25.33-28.00 deg
    1/27: [2.663,33.222,2.269,4.706,46.118,4.447] escape W=-2.56 accept=- reply (1,1) to 35.4deg leaves no throw (best margin -2.56u)  (18s)
    2/27: [2.663,33.222,2.269,4.706,46.118,4.458] escape W=-2.55 accept=- reply (1,1) to 35.4deg leaves no throw (best margin -2.55u)  (18s)
    3/27: [2.663,33.222,2.269,4.706,46.618,4.447] dead W=0.94 accept=1.41  (20s)
    6/27: [2.663,33.222,2.269,4.706,46.618,4.458] dead W=0.86 accept=2.21  (24s)
    9/27: [2.663,33.222,2.269,4.956,46.118,4.447] escape W=-2.56 accept=- reply (1,1) to 35.4deg leaves no throw (best margin -2.56u)  (28s)
    12/27: [2.663,33.222,2.269,4.956,46.118,4.469] dead W=0.38 accept=1.79  (31s)
    15/27: [2.663,33.222,2.269,4.956,46.618,4.469] dead W=0.72 accept=2.56  (36s)
    18/27: [2.663,33.222,2.269,5.206,46.118,4.447] escape W=-2.58 accept=- reply (1,1) to 35.4deg leaves no throw (best margin -2.58u)  (40s)
    21/27: [2.663,33.222,2.269,5.206,46.118,4.469] dead W=0.33 accept=2.00  (45s)
    24/27: [2.663,33.222,2.269,5.206,46.618,4.469] dead W=0.67 accept=2.72  (47s)
    27/27: [2.663,33.222,2.269,5.206,47.118,4.469] dead W=0.99 accept=3.32  (51s)
cell 27 (depth 5, victim half-widths 0.250/0.500/0.250u): split on the victim's y axis (escape: grid pose [2.6627,33.2224,2.2687,4.7061,46.1181,4.4472] is escape: reply (1,1) to 35.4deg leaves no throw (bes)
cell 28 (depth 6, victim half-widths 0.125/0.125/1.000u): centre [2.6627,33.2224,2.2687,3.5811,47.2431,4.4905]
    reach: arm (0,1) grid 60.67-97.33, enclosure - deg  REFUSED: arm (0,1): stopping event changes between cells (0,0,0)-(0,1,0): cross|r1|2:r1 vs cross|a0,r1|2:r0
    reach: arm (0,-1) 38.6-42.7 deg [cross r1 foot 1 at a1]  grid 39.00-42.33, enclosure 39.00-42.33 deg
    reach: arm (1,1) 32.3-36.4 deg [cross r1 foot 2 at r0]  grid 32.67-36.00, enclosure 32.67-36.00 deg
    reach: arm (1,-1) 2.3-6.4 deg [selfoff foot 2]  grid 2.67-6.00, enclosure 2.67-6.00 deg
    reach: arm (2,1) 8.6-12.7 deg [selfoff foot 1]  grid 9.00-12.33, enclosure 9.00-12.33 deg
    reach: arm (2,-1) 25.3-29.4 deg [cross r1 foot 1 at r0]  grid 25.67-29.00, enclosure 25.67-29.00 deg
cell 28 (depth 6, victim half-widths 0.125/0.125/1.000u): refused -- reach envelope: arm (0,1): stopping event changes between cells (0,0,0)-(0,1,0): cross|r1|2:r1 vs cross|a0,r1|2:r0
cell 29 (depth 6, victim half-widths 0.125/0.125/1.000u): centre [2.6627,33.2224,2.2687,3.5811,47.4931,4.4905]
    reach: arm (0,1) grid 61.00-97.67, enclosure - deg  REFUSED: arm (0,1): stopping event changes between cells (0,0,0)-(0,0,1): cross|r1|2:r1 vs cross|a0,r1|2:r0
    reach: arm (0,-1) 38.9-43.1 deg [cross r1 foot 1 at a1]  grid 39.33-42.67, enclosure 39.33-42.67 deg
    reach: arm (1,1) 32.6-36.7 deg [cross r1 foot 2 at r0]  grid 33.00-36.33, enclosure 33.00-36.33 deg
    reach: arm (1,-1) 1.9-6.1 deg [selfoff foot 2]  grid 2.33-5.67, enclosure 2.33-5.67 deg
    reach: arm (2,1) 8.3-12.4 deg [selfoff foot 1]  grid 8.67-12.00, enclosure 8.67-12.00 deg
    reach: arm (2,-1) 25.6-29.7 deg [cross r1 foot 1 at r0]  grid 26.00-29.33, enclosure 26.00-29.33 deg
cell 29 (depth 6, victim half-widths 0.125/0.125/1.000u): split on the victim's rot axis (refused: reach envelope: arm (0,1): stopping event changes between cells (0,0,0)-(0,0,1): cross|r1|2:r1 vs cross|a0,r1|)
cell 30 (depth 6, victim half-widths 0.125/0.250/0.500u): centre [2.6627,33.2224,2.2687,4.0811,46.3681,4.4689]
    reach: arm (0,1) 60.9-64.7 deg [cross r1 foot 2 at a0]  grid 61.33-64.33, enclosure 61.33-64.33 deg
    reach: arm (0,-1) 36.6-40.1 deg [cross r1 foot 1 at a1]  grid 37.00-39.67, enclosure 37.00-39.67 deg
    reach: arm (1,1) 31.9-35.1 deg [cross r1 foot 2 at r0]  grid 32.33-34.67, enclosure 32.33-34.67 deg
    reach: arm (1,-1) 3.9-7.1 deg [selfoff foot 2]  grid 4.33-6.67, enclosure 4.33-6.67 deg
    reach: arm (2,1) 10.6-13.7 deg [selfoff foot 1]  grid 11.00-13.33, enclosure 11.00-13.33 deg
    reach: arm (2,-1) 24.6-27.7 deg [cross r1 foot 1 at r0]  grid 25.00-27.33, enclosure 25.00-27.33 deg
    1/27: [2.663,33.222,2.269,3.956,46.118,4.447] escape W=-2.66 accept=- reply (1,1) to 35.1deg leaves no throw (best margin -2.66u)  (18s)
    3/27: [2.663,33.222,2.269,3.956,46.368,4.447] dead W=0.95 accept=1.52  (20s)
    6/27: [2.663,33.222,2.269,3.956,46.368,4.49] dead W=0.69 accept=1.69  (26s)
    9/27: [2.663,33.222,2.269,4.081,46.118,4.447] escape W=-2.62 accept=- reply (1,1) to 35.1deg leaves no throw (best margin -2.62u)  (30s)
    12/27: [2.663,33.222,2.269,4.081,46.118,4.469] dead W=0.79 accept=1.29  (32s)
    15/27: [2.663,33.222,2.269,4.081,46.618,4.447] dead W=1.07 accept=1.15  (37s)
    18/27: [2.663,33.222,2.269,4.081,46.618,4.49] dead W=0.78 accept=2.01  (41s)
    19/27: [2.663,33.222,2.269,4.206,46.118,4.447] escape W=-2.58 accept=- reply (1,1) to 35.1deg leaves no throw (best margin -2.58u)  (41s)
    21/27: [2.663,33.222,2.269,4.206,46.118,4.49] dead W=0.46 accept=1.44  (47s)
    24/27: [2.663,33.222,2.269,4.206,46.368,4.49] dead W=0.62 accept=2.08  (49s)
    27/27: [2.663,33.222,2.269,4.206,46.618,4.469] dead W=0.83 accept=1.98  (52s)
cell 30 (depth 6, victim half-widths 0.125/0.250/0.500u): split on the victim's rot axis (escape: grid pose [2.6627,33.2224,2.2687,3.9561,46.1181,4.4472] is escape: reply (1,1) to 35.1deg leaves no throw (bes)
cell 31 (depth 6, victim half-widths 0.125/0.250/0.500u): centre [2.6627,33.2224,2.2687,4.0811,46.8681,4.4689]
    reach: arm (0,1) grid 62.33-65.00, enclosure 62.00-65.00 deg  REFUSED: arm (0,1): phase-sensitive limit at cell (0,4,0): a random-size ladder stops at 95.9deg [cross] against the 1-degree ladder's 64.7deg
    reach: arm (0,-1) 37.3-40.4 deg [cross r1 foot 1 at a1]  grid 37.67-40.00, enclosure 37.67-40.00 deg
    reach: arm (1,1) 32.6-35.7 deg [cross r1 foot 2 at r0]  grid 33.00-35.33, enclosure 33.00-35.33 deg
    reach: arm (1,-1) 3.3-6.1 deg [selfoff foot 2]  grid 3.67-5.67, enclosure 3.67-5.67 deg
    reach: arm (2,1) 9.9-13.1 deg [selfoff foot 1]  grid 10.33-12.67, enclosure 10.33-12.67 deg
    reach: arm (2,-1) 25.3-28.4 deg [cross r1 foot 1 at r0]  grid 25.67-28.00, enclosure 25.67-28.00 deg
cell 31 (depth 6, victim half-widths 0.125/0.250/0.500u): split on the victim's rot axis (refused: reach envelope: arm (0,1): phase-sensitive limit at cell (0,4,0): a random-size ladder stops at 95.9deg [cross)
cell 32 (depth 6, victim half-widths 0.125/0.125/1.000u): centre [2.6627,33.2224,2.2687,4.0811,47.2431,4.4905]
    reach: arm (0,1) grid 61.00-96.00, enclosure - deg  REFUSED: arm (0,1): stopping event changes between cells (0,1,0)-(0,2,0): cross|r1|2:r1 vs cross|a0,r1|2:r0
    reach: arm (0,-1) 37.9-42.1 deg [cross r1 foot 1 at a1]  grid 38.33-41.67, enclosure 38.33-41.67 deg
    reach: arm (1,1) 32.3-36.4 deg [cross r1 foot 2 at r0]  grid 32.67-36.00, enclosure 32.67-36.00 deg
    reach: arm (1,-1) 2.6-6.4 deg [selfoff foot 2]  grid 3.00-6.00, enclosure 3.00-6.00 deg
    reach: arm (2,1) 8.3-12.7 deg [selfoff foot 1]  grid 8.67-12.33, enclosure 8.67-12.33 deg
    reach: arm (2,-1) 25.6-29.7 deg [cross r1 foot 1 at r0]  grid 26.00-29.33, enclosure 26.00-29.33 deg
cell 32 (depth 6, victim half-widths 0.125/0.125/1.000u): refused -- reach envelope: arm (0,1): stopping event changes between cells (0,1,0)-(0,2,0): cross|r1|2:r1 vs cross|a0,r1|2:r0
cell 33 (depth 6, victim half-widths 0.125/0.125/1.000u): centre [2.6627,33.2224,2.2687,4.0811,47.4931,4.4905]
    reach: arm (0,1) grid 61.33-96.33, enclosure - deg  REFUSED: arm (0,1): stopping event changes between cells (0,0,0)-(0,1,0): cross|r1|2:r1 vs cross|a0,r1|2:r0
    reach: arm (0,-1) 38.3-42.4 deg [cross r1 foot 1 at a1]  grid 38.67-42.00, enclosure 38.67-42.00 deg
    reach: arm (1,1) 32.6-36.7 deg [cross r1 foot 2 at r0]  grid 33.00-36.33, enclosure 33.00-36.33 deg
    reach: arm (1,-1) 2.3-6.1 deg [selfoff foot 2]  grid 2.67-5.67, enclosure 2.67-5.67 deg
    reach: arm (2,1) 7.9-12.1 deg [selfoff foot 1]  grid 8.33-11.67, enclosure 8.33-11.67 deg
    reach: arm (2,-1) 25.9-30.1 deg [cross r1 foot 1 at r0]  grid 26.33-29.67, enclosure 26.33-29.67 deg
cell 33 (depth 6, victim half-widths 0.125/0.125/1.000u): refused -- reach envelope: arm (0,1): stopping event changes between cells (0,0,0)-(0,1,0): cross|r1|2:r1 vs cross|a0,r1|2:r0
cell 34 (depth 6, victim half-widths 0.250/0.250/0.250u): centre [2.6627,33.2224,2.2687,4.4561,46.3681,4.458]
    reach: arm (0,1) 62.3-65.1 deg [cross r1 foot 2 at a0]  grid 62.67-64.67, enclosure 62.67-64.67 deg
    reach: arm (0,-1) 36.3-39.1 deg [cross r1 foot 1 at a1]  grid 36.67-38.67, enclosure 36.67-38.67 deg
    reach: arm (1,1) 32.6-35.1 deg [cross r1 foot 2 at r0]  grid 33.00-34.67, enclosure 33.00-34.67 deg
    reach: arm (1,-1) 4.3-6.7 deg [selfoff foot 2]  grid 4.67-6.33, enclosure 4.67-6.33 deg
    reach: arm (2,1) 10.9-13.4 deg [selfoff foot 1]  grid 11.33-13.00, enclosure 11.33-13.00 deg
    reach: arm (2,-1) 24.6-27.4 deg [cross r1 foot 1 at r0]  grid 25.00-27.00, enclosure 25.00-27.00 deg
    1/27: [2.663,33.222,2.269,4.206,46.118,4.447] escape W=-2.58 accept=- reply (1,1) to 35.1deg leaves no throw (best margin -2.58u)  (19s)
    3/27: [2.663,33.222,2.269,4.206,46.118,4.458] dead W=0.78 accept=1.30  (21s)
    6/27: [2.663,33.222,2.269,4.206,46.368,4.469] dead W=0.84 accept=1.73  (26s)
    9/27: [2.663,33.222,2.269,4.456,46.118,4.447] escape W=-2.50 accept=- reply (1,1) to 35.1deg leaves no throw (best margin -2.50u)  (30s)
    12/27: [2.663,33.222,2.269,4.456,46.118,4.458] dead W=0.76 accept=1.39  (32s)
    15/27: [2.663,33.222,2.269,4.456,46.368,4.469] dead W=0.81 accept=1.81  (37s)
    18/27: [2.663,33.222,2.269,4.456,46.618,4.458] dead W=0.81 accept=1.27  (41s)
    19/27: [2.663,33.222,2.269,4.706,46.118,4.447] escape W=-2.46 accept=- reply (1,1) to 35.1deg leaves no throw (best margin -2.46u)  (41s)
    21/27: [2.663,33.222,2.269,4.706,46.118,4.469] dead W=0.60 accept=1.62  (46s)
    24/27: [2.663,33.222,2.269,4.706,46.368,4.469] dead W=0.76 accept=1.95  (48s)
    27/27: [2.663,33.222,2.269,4.706,46.618,4.469] dead W=0.81 accept=2.22  (52s)
cell 34 (depth 6, victim half-widths 0.250/0.250/0.250u): split on the victim's rot axis (escape: grid pose [2.6627,33.2224,2.2687,4.2061,46.1181,4.4472] is escape: reply (1,1) to 35.1deg leaves no throw (bes)
cell 35 (depth 6, victim half-widths 0.250/0.250/0.250u): centre [2.6627,33.2224,2.2687,4.4561,46.8681,4.458]
    reach: arm (0,1) 62.9-65.7 deg [cross r1 foot 2 at a0]  grid 63.33-65.33, enclosure 63.33-65.33 deg
    reach: arm (0,-1) 36.9-39.7 deg [cross r1 foot 1 at a1]  grid 37.33-39.33, enclosure 37.33-39.33 deg
    reach: arm (1,1) 33.3-35.7 deg [cross r1 foot 2 at r0]  grid 33.67-35.33, enclosure 33.67-35.33 deg
    reach: arm (1,-1) 3.3-5.7 deg [selfoff foot 2]  grid 3.67-5.33, enclosure 3.67-5.33 deg
    reach: arm (2,1) 10.3-12.7 deg [selfoff foot 1]  grid 10.67-12.33, enclosure 10.67-12.33 deg
    reach: arm (2,-1) 25.3-28.1 deg [cross r1 foot 1 at r0]  grid 25.67-27.67, enclosure 25.67-27.67 deg
    3/27: [2.663,33.222,2.269,4.206,46.618,4.469] dead W=0.83 accept=1.30  (20s)
    6/27: [2.663,33.222,2.269,4.206,46.868,4.469] dead W=1.05 accept=1.67  (26s)
    9/27: [2.663,33.222,2.269,4.206,47.118,4.469] dead W=1.16 accept=2.41  (31s)
    12/27: [2.663,33.222,2.269,4.456,46.618,4.469] dead W=0.87 accept=2.10  (32s)
    15/27: [2.663,33.222,2.269,4.456,47.118,4.447] dead W=1.15 accept=2.28  (37s)
    18/27: [2.663,33.222,2.269,4.456,47.118,4.469] dead W=1.13 accept=2.53  (42s)
    21/27: [2.663,33.222,2.269,4.706,46.618,4.469] dead W=0.82 accept=2.25  (47s)
    24/27: [2.663,33.222,2.269,4.706,46.868,4.469] dead W=0.99 accept=1.92  (48s)
    27/27: [2.663,33.222,2.269,4.706,47.118,4.469] dead W=1.13 accept=2.30  (54s)
cell 35 (depth 6, victim half-widths 0.250/0.250/0.250u): dead (27 poses, 5184 gaps, 0 slivers, 0 probed gaps, min accepted 0.13u)
cell 36 (depth 6, victim half-widths 0.250/0.250/0.250u): centre [2.6627,33.2224,2.2687,4.9561,46.3681,4.458]
    reach: arm (0,1) 62.6-65.7 deg [cross r1 foot 2 at a0]  grid 63.00-65.33, enclosure 63.00-65.33 deg
    reach: arm (0,-1) 35.6-38.4 deg [cross r1 foot 1 at a1]  grid 36.00-38.00, enclosure 36.00-38.00 deg
    reach: arm (1,1) 32.3-34.7 deg [cross r1 foot 2 at r0]  grid 32.67-34.33, enclosure 32.67-34.33 deg
    reach: arm (1,-1) 4.3-6.7 deg [selfoff foot 2]  grid 4.67-6.33, enclosure 4.67-6.33 deg
    reach: arm (2,1) 10.6-13.1 deg [selfoff foot 1]  grid 11.00-12.67, enclosure 11.00-12.67 deg
    reach: arm (2,-1) 24.9-27.7 deg [cross r1 foot 1 at r0]  grid 25.33-27.33, enclosure 25.33-27.33 deg
    3/27: [2.663,33.222,2.269,4.706,46.118,4.447] dead W=0.76 accept=1.52  (21s)
    6/27: [2.663,33.222,2.269,4.706,46.618,4.447] dead W=0.94 accept=1.38  (27s)
    9/27: [2.663,33.222,2.269,4.706,46.618,4.469] dead W=0.82 accept=2.19  (32s)
    12/27: [2.663,33.222,2.269,4.956,46.118,4.458] dead W=0.67 accept=1.64  (33s)
    15/27: [2.663,33.222,2.269,4.956,46.368,4.447] dead W=0.81 accept=1.87  (38s)
    18/27: [2.663,33.222,2.269,4.956,46.618,4.458] dead W=0.90 accept=2.40  (43s)
    21/27: [2.663,33.222,2.269,5.206,46.368,4.447] dead W=0.74 accept=2.09  (48s)
    24/27: [2.663,33.222,2.269,5.206,46.368,4.469] dead W=0.72 accept=0.21  (49s)
    27/27: [2.663,33.222,2.269,5.206,46.618,4.469] dead W=0.75 accept=2.69  (54s)
    round 1: 2 pairs refused, 2 midpoints to certify (step 0.125u)
    1/2: [2.663,33.222,2.269,5.206,46.243,4.469] dead W=0.66 accept=2.20  (59s)
    2/2: [2.663,33.222,2.269,4.831,46.118,4.469] dead W=0.68 accept=1.63  (59s)
    round 2: 2 pairs refused, 2 midpoints to certify (step 0.063u)
    1/2: [2.663,33.222,2.269,4.769,46.118,4.469] dead W=0.68 accept=1.62  (65s)
    2/2: [2.663,33.222,2.269,5.206,46.181,4.469] dead W=0.64 accept=2.14  (65s)
cell 36 (depth 6, victim half-widths 0.250/0.250/0.250u): dead (31 poses, 5952 gaps, 0 slivers, 0 probed gaps, min accepted 0.03u)
cell 37 (depth 6, victim half-widths 0.250/0.250/0.250u): centre [2.6627,33.2224,2.2687,4.9561,46.8681,4.458]
    reach: arm (0,1) 63.3-66.4 deg [cross r1 foot 2 at a0]  grid 63.67-66.00, enclosure 63.67-66.00 deg
    reach: arm (0,-1) 36.3-39.1 deg [cross r1 foot 1 at a1]  grid 36.67-38.67, enclosure 36.67-38.67 deg
    reach: arm (1,1) 32.9-35.4 deg [cross r1 foot 2 at r0]  grid 33.33-35.00, enclosure 33.33-35.00 deg
    reach: arm (1,-1) 3.6-6.1 deg [selfoff foot 2]  grid 4.00-5.67, enclosure 4.00-5.67 deg
    reach: arm (2,1) 9.9-12.4 deg [selfoff foot 1]  grid 10.33-12.00, enclosure 10.33-12.00 deg
    reach: arm (2,-1) 25.6-28.4 deg [cross r1 foot 1 at r0]  grid 26.00-28.00, enclosure 26.00-28.00 deg
    3/27: [2.663,33.222,2.269,4.706,46.618,4.447] dead W=0.94 accept=1.41  (20s)
    6/27: [2.663,33.222,2.269,4.706,46.868,4.469] dead W=0.95 accept=2.64  (25s)
    9/27: [2.663,33.222,2.269,4.706,47.118,4.469] dead W=1.12 accept=2.28  (31s)
    12/27: [2.663,33.222,2.269,4.956,46.618,4.458] dead W=0.81 accept=2.43  (31s)
    15/27: [2.663,33.222,2.269,4.956,46.868,4.469] dead W=0.87 accept=2.82  (37s)
    18/27: [2.663,33.222,2.269,4.956,47.118,4.458] dead W=1.15 accept=2.34  (42s)
    21/27: [2.663,33.222,2.269,5.206,46.868,4.447] dead W=0.95 accept=2.15  (47s)
    24/27: [2.663,33.222,2.269,5.206,46.868,4.469] dead W=0.84 accept=3.08  (49s)
    27/27: [2.663,33.222,2.269,5.206,47.118,4.469] dead W=0.99 accept=3.32  (53s)
    round 1: 1 pairs refused, 1 midpoints to certify (step 0.125u)
    1/1: [2.663,33.222,2.269,4.831,46.618,4.447] dead W=0.92 accept=1.43  (59s)
cell 37 (depth 6, victim half-widths 0.250/0.250/0.250u): dead (28 poses, 5488 gaps, 0 slivers, 0 probed gaps, min accepted 0.08u)
cell 38 (depth 7, victim half-widths 0.125/0.125/0.500u): centre [2.6627,33.2224,2.2687,3.5811,47.4931,4.4689]
    reach: arm (0,1) grid 62.67-97.67, enclosure - deg  REFUSED: arm (0,1): stopping event changes between cells (0,0,1)-(0,0,2): cross|r1|2:r1 vs cross|a0,r1|2:r0
    reach: arm (0,-1) 38.9-41.7 deg [cross r1 foot 1 at a1]  grid 39.33-41.33, enclosure 39.33-41.33 deg
    reach: arm (1,1) 33.9-36.7 deg [cross r1 foot 2 at r0]  grid 34.33-36.33, enclosure 34.33-36.33 deg
    reach: arm (1,-1) 2.3-4.7 deg [selfoff foot 2]  grid 2.67-4.33, enclosure 2.67-4.33 deg
    reach: arm (2,1) 9.6-12.4 deg [selfoff foot 1]  grid 10.00-12.00, enclosure 10.00-12.00 deg
    reach: arm (2,-1) 25.9-28.7 deg [cross r1 foot 1 at r0]  grid 26.33-28.33, enclosure 26.33-28.33 deg
cell 38 (depth 7, victim half-widths 0.125/0.125/0.500u): split on the victim's rot axis (refused: reach envelope: arm (0,1): stopping event changes between cells (0,0,1)-(0,0,2): cross|r1|2:r1 vs cross|a0,r1|)
cell 39 (depth 7, victim half-widths 0.125/0.125/0.500u): centre [2.6627,33.2224,2.2687,3.5811,47.4931,4.5121]
    reach: arm (0,1) 60.3-63.7 deg [cross r1 foot 2 at a0]  grid 60.67-63.33, enclosure 60.67-63.33 deg
    reach: arm (0,-1) 39.9-42.7 deg [cross r1 foot 1 at a1]  grid 40.33-42.33, enclosure 40.33-42.33 deg
    reach: arm (1,1) 32.9-35.7 deg [cross r1 foot 2 at r0]  grid 33.33-35.33, enclosure 33.33-35.33 deg
    reach: arm (1,-1) 3.3-5.7 deg [selfoff foot 2]  grid 3.67-5.33, enclosure 3.67-5.33 deg
    reach: arm (2,1) 8.6-11.4 deg [selfoff foot 1]  grid 9.00-11.00, enclosure 9.00-11.00 deg
    reach: arm (2,-1) 26.9-29.7 deg [cross r1 foot 1 at r0]  grid 27.33-29.33, enclosure 27.33-29.33 deg
    3/27: [2.663,33.222,2.269,3.456,47.493,4.49] dead W=0.93 accept=7.58  (20s)
    6/27: [2.663,33.222,2.269,3.456,47.493,4.512] dead W=0.87 accept=6.96  (26s)
    9/27: [2.663,33.222,2.269,3.456,47.618,4.534] dead W=0.81 accept=7.43  (31s)
    12/27: [2.663,33.222,2.269,3.581,47.368,4.49] dead W=0.95 accept=2.67  (31s)
    15/27: [2.663,33.222,2.269,3.581,47.618,4.49] dead W=0.98 accept=7.59  (37s)
    18/27: [2.663,33.222,2.269,3.581,47.618,4.534] dead W=0.94 accept=7.72  (42s)
    21/27: [2.663,33.222,2.269,3.706,47.493,4.49] dead W=1.00 accept=7.61  (48s)
    24/27: [2.663,33.222,2.269,3.706,47.493,4.512] dead W=0.94 accept=7.82  (48s)
    27/27: [2.663,33.222,2.269,3.706,47.618,4.534] dead W=0.98 accept=8.00  (53s)
cell 39 (depth 7, victim half-widths 0.125/0.125/0.500u): dead (27 poses, 5184 gaps, 0 slivers, 0 probed gaps, min accepted 0.09u)
cell 40 (depth 7, victim half-widths 0.125/0.250/0.250u): centre [2.6627,33.2224,2.2687,4.0811,46.3681,4.458]
    reach: arm (0,1) 61.9-64.7 deg [cross r1 foot 2 at a0]  grid 62.33-64.33, enclosure 62.33-64.33 deg
    reach: arm (0,-1) 36.9-39.4 deg [cross r1 foot 1 at a1]  grid 37.33-39.00, enclosure 37.33-39.00 deg
    reach: arm (1,1) 32.6-35.1 deg [cross r1 foot 2 at r0]  grid 33.00-34.67, enclosure 33.00-34.67 deg
    reach: arm (1,-1) 4.3-6.4 deg [selfoff foot 2]  grid 4.67-6.00, enclosure 4.67-6.00 deg
    reach: arm (2,1) 11.3-13.7 deg [selfoff foot 1]  grid 11.67-13.33, enclosure 11.67-13.33 deg
    reach: arm (2,-1) 24.6-27.1 deg [cross r1 foot 1 at r0]  grid 25.00-26.67, enclosure 25.00-26.67 deg
    1/27: [2.663,33.222,2.269,3.956,46.118,4.447] escape W=-2.66 accept=- reply (1,1) to 35.1deg leaves no throw (best margin -2.66u)  (18s)
    2/27: [2.663,33.222,2.269,3.956,46.118,4.458] escape W=-2.60 accept=- reply (1,1) to 35.1deg leaves no throw (best margin -2.60u)  (19s)
    3/27: [2.663,33.222,2.269,3.956,46.368,4.447] dead W=0.94 accept=1.52  (20s)
    6/27: [2.663,33.222,2.269,3.956,46.368,4.469] dead W=0.90 accept=1.55  (24s)
    9/27: [2.663,33.222,2.269,4.081,46.118,4.447] escape W=-2.62 accept=- reply (1,1) to 35.1deg leaves no throw (best margin -2.62u)  (28s)
    11/27: [2.663,33.222,2.269,4.081,46.118,4.458] escape W=-2.56 accept=- reply (1,1) to 35.1deg leaves no throw (best margin -2.56u)  (30s)
    12/27: [2.663,33.222,2.269,4.081,46.118,4.469] dead W=0.75 accept=1.29  (32s)
    15/27: [2.663,33.222,2.269,4.081,46.368,4.469] dead W=0.88 accept=1.64  (35s)
    17/27: [2.663,33.222,2.269,4.206,46.118,4.447] escape W=-2.58 accept=- reply (1,1) to 35.1deg leaves no throw (best margin -2.58u)  (39s)
    18/27: [2.663,33.222,2.269,4.081,46.618,4.458] dead W=0.96 accept=1.94  (40s)
    21/27: [2.663,33.222,2.269,4.206,46.118,4.469] dead W=0.74 accept=1.38  (45s)
    24/27: [2.663,33.222,2.269,4.206,46.368,4.469] dead W=0.86 accept=1.73  (49s)
    27/27: [2.663,33.222,2.269,4.206,46.618,4.469] dead W=0.83 accept=1.98  (52s)
cell 40 (depth 7, victim half-widths 0.125/0.250/0.250u): split on the victim's rot axis (escape: grid pose [2.6627,33.2224,2.2687,3.9561,46.1181,4.4472] is escape: reply (1,1) to 35.1deg leaves no throw (bes)
cell 41 (depth 7, victim half-widths 0.125/0.250/0.250u): centre [2.6627,33.2224,2.2687,4.0811,46.3681,4.4797]
    reach: arm (0,1) 60.9-63.7 deg [cross r1 foot 2 at a0]  grid 61.33-63.33, enclosure 61.33-63.33 deg
    reach: arm (0,-1) 37.3-39.7 deg [cross r1 foot 1 at a1]  grid 37.67-39.33, enclosure 37.67-39.33 deg
    reach: arm (1,1) 32.3-34.4 deg [cross r1 foot 2 at r0]  grid 32.67-34.00, enclosure 32.67-34.00 deg
    reach: arm (1,-1) 4.6-7.1 deg [selfoff foot 2]  grid 5.00-6.67, enclosure 5.00-6.67 deg
    reach: arm (2,1) 10.9-13.1 deg [selfoff foot 1]  grid 11.33-12.67, enclosure 11.33-12.67 deg
    reach: arm (2,-1) 25.3-27.4 deg [cross r1 foot 1 at r0]  grid 25.67-27.00, enclosure 25.67-27.00 deg
    3/27: [2.663,33.222,2.269,3.956,46.118,4.48] dead W=0.76 accept=1.40  (20s)
    6/27: [2.663,33.222,2.269,3.956,46.618,4.469] dead W=0.86 accept=1.34  (26s)
    9/27: [2.663,33.222,2.269,3.956,46.618,4.49] dead W=0.82 accept=2.18  (31s)
    12/27: [2.663,33.222,2.269,4.081,46.118,4.49] dead W=0.76 accept=1.56  (31s)
    15/27: [2.663,33.222,2.269,4.081,46.368,4.49] dead W=0.73 accept=1.80  (37s)
    18/27: [2.663,33.222,2.269,4.081,46.618,4.49] dead W=0.90 accept=2.15  (43s)
    21/27: [2.663,33.222,2.269,4.206,46.118,4.49] dead W=0.64 accept=1.58  (48s)
    24/27: [2.663,33.222,2.269,4.206,46.368,4.49] dead W=0.69 accept=1.88  (48s)
    27/27: [2.663,33.222,2.269,4.206,46.618,4.48] dead W=0.90 accept=1.46  (53s)
cell 41 (depth 7, victim half-widths 0.125/0.250/0.250u): dead (27 poses, 5130 gaps, 0 slivers, 0 probed gaps, min accepted 0.09u)
cell 42 (depth 7, victim half-widths 0.125/0.250/0.250u): centre [2.6627,33.2224,2.2687,4.0811,46.8681,4.458]
    reach: arm (0,1) grid 63.00-65.00, enclosure 63.00-65.00 deg  REFUSED: arm (0,1): foot 2 meets two lines 0.3596 deg apart inside the box (circles 1 and 2), within one 0.333-degree substep: the sampling phase, not the geometry, decides whether the swing stops there
    reach: arm (0,-1) 37.6-40.1 deg [cross r1 foot 1 at a1]  grid 38.00-39.67, enclosure 38.00-39.67 deg
    reach: arm (1,1) 33.3-35.7 deg [cross r1 foot 2 at r0]  grid 33.67-35.33, enclosure 33.67-35.33 deg
    reach: arm (1,-1) 3.3-5.7 deg [selfoff foot 2]  grid 3.67-5.33, enclosure 3.67-5.33 deg
    reach: arm (2,1) 10.6-13.1 deg [selfoff foot 1]  grid 11.00-12.67, enclosure 11.00-12.67 deg
    reach: arm (2,-1) 25.3-27.7 deg [cross r1 foot 1 at r0]  grid 25.67-27.33, enclosure 25.67-27.33 deg
cell 42 (depth 7, victim half-widths 0.125/0.250/0.250u): split on the victim's y axis (refused: reach envelope: arm (0,1): foot 2 meets two lines 0.3596 deg apart inside the box (circles 1 and 2), within on)
cell 43 (depth 7, victim half-widths 0.125/0.250/0.250u): centre [2.6627,33.2224,2.2687,4.0811,46.8681,4.4797]
    reach: arm (0,1) 61.6-64.4 deg [cross r1 foot 2 at a0]  grid 62.00-64.00, enclosure 62.00-64.00 deg
    reach: arm (0,-1) 37.9-40.4 deg [cross r1 foot 1 at a1]  grid 38.33-40.00, enclosure 38.33-40.00 deg
    reach: arm (1,1) 32.9-35.1 deg [cross r1 foot 2 at r0]  grid 33.33-34.67, enclosure 33.33-34.67 deg
    reach: arm (1,-1) 3.6-6.1 deg [selfoff foot 2]  grid 4.00-5.67, enclosure 4.00-5.67 deg
    reach: arm (2,1) 9.9-12.4 deg [selfoff foot 1]  grid 10.33-12.00, enclosure 10.33-12.00 deg
    reach: arm (2,-1) 25.9-28.1 deg [cross r1 foot 1 at r0]  grid 26.33-27.67, enclosure 26.33-27.67 deg
    3/27: [2.663,33.222,2.269,3.956,46.618,4.49] dead W=0.82 accept=2.38  (20s)
    6/27: [2.663,33.222,2.269,3.956,47.118,4.469] dead W=1.09 accept=1.92  (25s)
    9/27: [2.663,33.222,2.269,3.956,47.118,4.49] dead W=1.03 accept=7.59  (30s)
    12/27: [2.663,33.222,2.269,4.081,46.618,4.48] dead W=0.92 accept=2.07  (31s)
    15/27: [2.663,33.222,2.269,4.081,47.118,4.469] dead W=1.12 accept=1.90  (37s)
    18/27: [2.663,33.222,2.269,4.081,47.118,4.49] dead W=1.07 accept=7.07  (42s)
    21/27: [2.663,33.222,2.269,4.206,46.618,4.49] dead W=0.79 accept=7.63  (47s)
    24/27: [2.663,33.222,2.269,4.206,46.868,4.49] dead W=0.93 accept=7.53  (48s)
    27/27: [2.663,33.222,2.269,4.206,47.118,4.49] dead W=1.07 accept=7.03  (53s)
    round 1: 1 pairs refused, 1 midpoints to certify (step 0.125u)
    1/1: [2.663,33.222,2.269,3.956,46.993,4.49] dead W=0.98 accept=6.93  (59s)
    round 2: 1 pairs refused, 1 midpoints to certify (step 0.063u)
    1/1: [2.663,33.222,2.269,3.956,47.056,4.49] dead W=1.03 accept=6.97  (64s)
cell 43 (depth 7, victim half-widths 0.125/0.250/0.250u): dead (29 poses, 5684 gaps, 1 slivers, 0 probed gaps, min accepted 0.08u)
cell 44 (depth 7, victim half-widths 0.250/0.250/0.125u): centre [2.6627,33.2224,2.2687,4.4561,46.3681,4.4526]
    reach: arm (0,1) 62.6-65.1 deg [cross r1 foot 2 at a0]  grid 63.00-64.67, enclosure 63.00-64.67 deg
    reach: arm (0,-1) 36.3-38.7 deg [cross r1 foot 1 at a1]  grid 36.67-38.33, enclosure 36.67-38.33 deg
    reach: arm (1,1) 32.9-34.7 deg [cross r1 foot 2 at r0]  grid 33.33-34.33, enclosure 33.33-34.33 deg
    reach: arm (1,-1) 4.3-6.4 deg [selfoff foot 2]  grid 4.67-6.00, enclosure 4.67-6.00 deg
    reach: arm (2,1) 11.3-13.4 deg [selfoff foot 1]  grid 11.67-13.00, enclosure 11.67-13.00 deg
    reach: arm (2,-1) 24.9-27.1 deg [cross r1 foot 1 at r0]  grid 25.33-26.67, enclosure 25.33-26.67 deg
    3/27: [2.663,33.222,2.269,4.206,46.118,4.447] dead W=0.80 accept=1.22  (20s)
    6/27: [2.663,33.222,2.269,4.206,46.618,4.447] dead W=1.05 accept=1.44  (26s)
    9/27: [2.663,33.222,2.269,4.456,46.118,4.453] dead W=0.84 accept=1.39  (31s)
    12/27: [2.663,33.222,2.269,4.206,46.618,4.458] dead W=0.94 accept=2.01  (31s)
    15/27: [2.663,33.222,2.269,4.456,46.618,4.447] dead W=0.92 accept=1.30  (37s)
    18/27: [2.663,33.222,2.269,4.456,46.618,4.453] dead W=0.86 accept=1.99  (42s)
    21/27: [2.663,33.222,2.269,4.706,46.118,4.458] dead W=0.70 accept=1.50  (48s)
    24/27: [2.663,33.222,2.269,4.706,46.368,4.453] dead W=0.82 accept=1.82  (48s)
    27/27: [2.663,33.222,2.269,4.706,46.618,4.458] dead W=0.93 accept=2.18  (54s)
cell 44 (depth 7, victim half-widths 0.250/0.250/0.125u): dead (27 poses, 5184 gaps, 0 slivers, 0 probed gaps, min accepted 0.08u)
cell 45 (depth 7, victim half-widths 0.250/0.250/0.125u): centre [2.6627,33.2224,2.2687,4.4561,46.3681,4.4634]
    reach: arm (0,1) 62.3-64.7 deg [cross r1 foot 2 at a0]  grid 62.67-64.33, enclosure 62.67-64.33 deg
    reach: arm (0,-1) 36.6-39.1 deg [cross r1 foot 1 at a1]  grid 37.00-38.67, enclosure 37.00-38.67 deg
    reach: arm (1,1) 32.6-34.7 deg [cross r1 foot 2 at r0]  grid 33.00-34.33, enclosure 33.00-34.33 deg
    reach: arm (1,-1) 4.6-6.7 deg [selfoff foot 2]  grid 5.00-6.33, enclosure 5.00-6.33 deg
    reach: arm (2,1) 10.9-13.1 deg [selfoff foot 1]  grid 11.33-12.67, enclosure 11.33-12.67 deg
    reach: arm (2,-1) 24.9-27.1 deg [cross r1 foot 1 at r0]  grid 25.33-26.67, enclosure 25.33-26.67 deg
    3/27: [2.663,33.222,2.269,4.206,46.118,4.458] dead W=0.80 accept=1.29  (20s)
    6/27: [2.663,33.222,2.269,4.206,46.368,4.469] dead W=0.86 accept=1.72  (26s)
    9/27: [2.663,33.222,2.269,4.206,46.618,4.469] dead W=0.83 accept=1.97  (31s)
    12/27: [2.663,33.222,2.269,4.456,46.118,4.469] dead W=0.67 accept=1.47  (32s)
    15/27: [2.663,33.222,2.269,4.456,46.368,4.469] dead W=0.83 accept=1.78  (37s)
    18/27: [2.663,33.222,2.269,4.456,46.618,4.469] dead W=0.86 accept=2.04  (42s)
    21/27: [2.663,33.222,2.269,4.706,46.368,4.463] dead W=0.81 accept=1.82  (48s)
    24/27: [2.663,33.222,2.269,4.706,46.368,4.469] dead W=0.72 accept=1.93  (48s)
    27/27: [2.663,33.222,2.269,4.706,46.618,4.469] dead W=0.81 accept=2.19  (53s)
    round 1: 2 pairs refused, 2 midpoints to certify (step 0.125u)
    1/2: [2.663,33.222,2.269,4.581,46.368,4.458] dead W=0.90 accept=1.69  (58s)
    2/2: [2.663,33.222,2.269,4.581,46.368,4.463] dead W=0.84 accept=1.80  (58s)
cell 45 (depth 7, victim half-widths 0.250/0.250/0.125u): dead (29 poses, 5568 gaps, 0 slivers, 0 probed gaps, min accepted 0.09u)
cell 46 (depth 8, victim half-widths 0.125/0.125/0.250u): centre [2.6627,33.2224,2.2687,3.5811,47.4931,4.458]
    reach: arm (0,1) grid 63.67-97.67, enclosure - deg  REFUSED: arm (0,1): stopping event changes between cells (0,0,3)-(0,0,4): cross|r1|2:r1 vs cross|a0,r1|2:r0
    reach: arm (0,-1) 39.3-41.4 deg [cross r1 foot 1 at a1]  grid 39.67-41.00, enclosure 39.67-41.00 deg
    reach: arm (1,1) 34.6-36.7 deg [cross r1 foot 2 at r0]  grid 35.00-36.33, enclosure 35.00-36.33 deg
    reach: arm (1,-1) 2.3-4.4 deg [selfoff foot 2]  grid 2.67-4.00, enclosure 2.67-4.00 deg
    reach: arm (2,1) 10.3-12.4 deg [selfoff foot 1]  grid 10.67-12.00, enclosure 10.67-12.00 deg
    reach: arm (2,-1) 25.9-28.1 deg [cross r1 foot 1 at r0]  grid 26.33-27.67, enclosure 26.33-27.67 deg
cell 46 (depth 8, victim half-widths 0.125/0.125/0.250u): split on the victim's rot axis (refused: reach envelope: arm (0,1): stopping event changes between cells (0,0,3)-(0,0,4): cross|r1|2:r1 vs cross|a0,r1|)
cell 47 (depth 8, victim half-widths 0.125/0.125/0.250u): centre [2.6627,33.2224,2.2687,3.5811,47.4931,4.4797]
    reach: arm (0,1) grid 62.67-95.00, enclosure - deg  REFUSED: arm (0,1): stopping event changes between cells (0,0,0)-(1,0,0): cross|a0,r1|2:r0 vs cross|r1|2:a0
    reach: arm (0,-1) 39.6-41.7 deg [cross r1 foot 1 at a1]  grid 40.00-41.33, enclosure 40.00-41.33 deg
    reach: arm (1,1) 33.9-36.1 deg [cross r1 foot 2 at r0]  grid 34.33-35.67, enclosure 34.33-35.67 deg
    reach: arm (1,-1) 2.9-4.7 deg [selfoff foot 2]  grid 3.33-4.33, enclosure 3.33-4.33 deg
    reach: arm (2,1) 9.6-11.7 deg [selfoff foot 1]  grid 10.00-11.33, enclosure 10.00-11.33 deg
    reach: arm (2,-1) 26.6-28.4 deg [cross r1 foot 1 at r0]  grid 27.00-28.00, enclosure 27.00-28.00 deg
cell 47 (depth 8, victim half-widths 0.125/0.125/0.250u): refused -- reach envelope: arm (0,1): stopping event changes between cells (0,0,0)-(1,0,0): cross|a0,r1|2:r0 vs cross|r1|2:a0
cell 48 (depth 8, victim half-widths 0.125/0.250/0.125u): centre [2.6627,33.2224,2.2687,4.0811,46.3681,4.4526]
    reach: arm (0,1) 62.3-64.7 deg [cross r1 foot 2 at a0]  grid 62.67-64.33, enclosure 62.67-64.33 deg
    reach: arm (0,-1) 36.9-39.1 deg [cross r1 foot 1 at a1]  grid 37.33-38.67, enclosure 37.33-38.67 deg
    reach: arm (1,1) 32.9-35.1 deg [cross r1 foot 2 at r0]  grid 33.33-34.67, enclosure 33.33-34.67 deg
    reach: arm (1,-1) 4.3-6.1 deg [selfoff foot 2]  grid 4.67-5.67, enclosure 4.67-5.67 deg
    reach: arm (2,1) 11.6-13.7 deg [selfoff foot 1]  grid 12.00-13.33, enclosure 12.00-13.33 deg
    reach: arm (2,-1) 24.6-26.7 deg [cross r1 foot 1 at r0]  grid 25.00-26.33, enclosure 25.00-26.33 deg
    1/27: [2.663,33.222,2.269,3.956,46.118,4.447] escape W=-2.66 accept=- reply (1,1) to 35.1deg leaves no throw (best margin -2.66u)  (18s)
    2/27: [2.663,33.222,2.269,3.956,46.118,4.458] escape W=-2.60 accept=- reply (1,1) to 35.1deg leaves no throw (best margin -2.60u)  (18s)
    3/27: [2.663,33.222,2.269,3.956,46.118,4.453] escape W=-2.63 accept=- reply (1,1) to 35.1deg leaves no throw (best margin -2.63u)  (19s)
    6/27: [2.663,33.222,2.269,3.956,46.368,4.458] dead W=0.83 accept=1.60  (24s)
    9/27: [2.663,33.222,2.269,4.081,46.118,4.447] escape W=-2.62 accept=- reply (1,1) to 35.1deg leaves no throw (best margin -2.62u)  (28s)
    10/27: [2.663,33.222,2.269,4.081,46.118,4.453] escape W=-2.59 accept=- reply (1,1) to 35.1deg leaves no throw (best margin -2.59u)  (28s)
    12/27: [2.663,33.222,2.269,4.081,46.118,4.458] escape W=-2.56 accept=- reply (1,1) to 35.1deg leaves no throw (best margin -2.56u)  (30s)
    15/27: [2.663,33.222,2.269,4.081,46.368,4.458] dead W=0.81 accept=1.58  (35s)
    18/27: [2.663,33.222,2.269,4.081,46.618,4.458] dead W=0.96 accept=1.94  (39s)
    19/27: [2.663,33.222,2.269,4.206,46.118,4.447] escape W=-2.58 accept=- reply (1,1) to 35.1deg leaves no throw (best margin -2.58u)  (39s)
    20/27: [2.663,33.222,2.269,4.206,46.118,4.453] escape W=-2.53 accept=- reply (1,1) to 35.1deg leaves no throw (best margin -2.53u)  (40s)
    21/27: [2.663,33.222,2.269,4.206,46.118,4.458] dead W=0.82 accept=1.30  (45s)
    24/27: [2.663,33.222,2.269,4.206,46.368,4.458] dead W=0.91 accept=1.67  (45s)
    27/27: [2.663,33.222,2.269,4.206,46.618,4.458] dead W=0.94 accept=2.03  (51s)
cell 48 (depth 8, victim half-widths 0.125/0.250/0.125u): split on the victim's y axis (escape: grid pose [2.6627,33.2224,2.2687,3.9561,46.1181,4.4472] is escape: reply (1,1) to 35.1deg leaves no throw (bes)
cell 49 (depth 8, victim half-widths 0.125/0.250/0.125u): centre [2.6627,33.2224,2.2687,4.0811,46.3681,4.4634]
    reach: arm (0,1) 61.9-64.1 deg [cross r1 foot 2 at a0]  grid 62.33-63.67, enclosure 62.33-63.67 deg
    reach: arm (0,-1) 37.3-39.4 deg [cross r1 foot 1 at a1]  grid 37.67-39.00, enclosure 37.67-39.00 deg
    reach: arm (1,1) 32.6-34.7 deg [cross r1 foot 2 at r0]  grid 33.00-34.33, enclosure 33.00-34.33 deg
    reach: arm (1,-1) 4.3-6.4 deg [selfoff foot 2]  grid 4.67-6.00, enclosure 4.67-6.00 deg
    reach: arm (2,1) 11.3-13.4 deg [selfoff foot 1]  grid 11.67-13.00, enclosure 11.67-13.00 deg
    reach: arm (2,-1) 24.9-26.7 deg [cross r1 foot 1 at r0]  grid 25.33-26.33, enclosure 25.33-26.33 deg
    3/27: [2.663,33.222,2.269,3.956,46.118,4.469] dead W=0.82 accept=1.29  (20s)
    6/27: [2.663,33.222,2.269,3.956,46.618,4.458] dead W=0.97 accept=1.94  (25s)
    9/27: [2.663,33.222,2.269,4.081,46.118,4.458] dead W=0.83 accept=1.31  (30s)
    12/27: [2.663,33.222,2.269,4.081,46.118,4.469] dead W=0.79 accept=1.27  (31s)
    15/27: [2.663,33.222,2.269,4.081,46.368,4.469] dead W=0.88 accept=1.63  (36s)
    18/27: [2.663,33.222,2.269,4.081,46.618,4.469] dead W=0.84 accept=1.99  (41s)
    21/27: [2.663,33.222,2.269,4.206,46.118,4.469] dead W=0.76 accept=1.37  (47s)
    24/27: [2.663,33.222,2.269,4.206,46.368,4.469] dead W=0.86 accept=1.72  (47s)
    27/27: [2.663,33.222,2.269,4.206,46.618,4.469] dead W=0.82 accept=1.97  (52s)
cell 49 (depth 8, victim half-widths 0.125/0.250/0.125u): dead (27 poses, 5184 gaps, 0 slivers, 0 probed gaps, min accepted 0.07u)
cell 50 (depth 8, victim half-widths 0.125/0.125/0.250u): centre [2.6627,33.2224,2.2687,4.0811,46.7431,4.458]
    reach: arm (0,1) 62.6-65.1 deg [cross r1 foot 2 at a0]  grid 63.00-64.67, enclosure 63.00-64.67 deg
    reach: arm (0,-1) 37.6-39.7 deg [cross r1 foot 1 at a1]  grid 38.00-39.33, enclosure 38.00-39.33 deg
    reach: arm (1,1) 33.3-35.4 deg [cross r1 foot 2 at r0]  grid 33.67-35.00, enclosure 33.67-35.00 deg
    reach: arm (1,-1) 3.6-5.7 deg [selfoff foot 2]  grid 4.00-5.33, enclosure 4.00-5.33 deg
    reach: arm (2,1) 10.9-13.1 deg [selfoff foot 1]  grid 11.33-12.67, enclosure 11.33-12.67 deg
    reach: arm (2,-1) 25.3-27.4 deg [cross r1 foot 1 at r0]  grid 25.67-27.00, enclosure 25.67-27.00 deg
    3/27: [2.663,33.222,2.269,3.956,46.618,4.447] dead W=1.06 accept=1.41  (20s)
    6/27: [2.663,33.222,2.269,3.956,46.868,4.447] dead W=1.04 accept=1.44  (25s)
    9/27: [2.663,33.222,2.269,3.956,46.868,4.469] dead W=1.12 accept=1.58  (31s)
    12/27: [2.663,33.222,2.269,4.081,46.618,4.469] dead W=0.85 accept=2.02  (31s)
    15/27: [2.663,33.222,2.269,4.081,46.743,4.458] dead W=0.98 accept=1.37  (36s)
    18/27: [2.663,33.222,2.269,4.081,46.868,4.469] dead W=1.13 accept=2.38  (42s)
    21/27: [2.663,33.222,2.269,4.206,46.618,4.469] dead W=0.83 accept=2.00  (47s)
    24/27: [2.663,33.222,2.269,4.206,46.743,4.469] dead W=0.85 accept=2.24  (48s)
    27/27: [2.663,33.222,2.269,4.206,46.868,4.469] dead W=1.05 accept=1.65  (53s)
    round 1: 1 pairs refused, 1 midpoints to certify (step 0.063u)
    1/1: [2.663,33.222,2.269,4.206,46.806,4.447] dead W=1.17 accept=1.44  (58s)
cell 50 (depth 8, victim half-widths 0.125/0.125/0.250u): dead (28 poses, 5320 gaps, 0 slivers, 0 probed gaps, min accepted 0.07u)
cell 51 (depth 8, victim half-widths 0.125/0.125/0.250u): centre [2.6627,33.2224,2.2687,4.0811,46.9931,4.458]
    reach: arm (0,1) grid 63.33-65.00, enclosure 63.33-65.00 deg  REFUSED: arm (0,1): foot 2 meets two lines 0.3596 deg apart inside the box (circles 1 and 2), within one 0.333-degree substep: the sampling phase, not the geometry, decides whether the swing stops there
    reach: arm (0,-1) 37.9-40.1 deg [cross r1 foot 1 at a1]  grid 38.33-39.67, enclosure 38.33-39.67 deg
    reach: arm (1,1) 33.6-35.7 deg [cross r1 foot 2 at r0]  grid 34.00-35.33, enclosure 34.00-35.33 deg
    reach: arm (1,-1) 3.3-5.4 deg [selfoff foot 2]  grid 3.67-5.00, enclosure 3.67-5.00 deg
    reach: arm (2,1) 10.6-12.7 deg [selfoff foot 1]  grid 11.00-12.33, enclosure 11.00-12.33 deg
    reach: arm (2,-1) 25.6-27.7 deg [cross r1 foot 1 at r0]  grid 26.00-27.33, enclosure 26.00-27.33 deg
cell 51 (depth 8, victim half-widths 0.125/0.125/0.250u): split on the victim's rot axis (refused: reach envelope: arm (0,1): foot 2 meets two lines 0.3596 deg apart inside the box (circles 1 and 2), within on)
cell 52 (depth 9, victim half-widths 0.125/0.125/0.125u): centre [2.6627,33.2224,2.2687,3.5811,47.4931,4.4526]
    reach: arm (0,1) grid 64.00-97.67, enclosure - deg  REFUSED: arm (0,1): stopping event changes between cells (0,0,0)-(0,0,1): cross|r1|2:r1 vs cross|a0,r1|2:r0
    reach: arm (0,-1) 39.3-41.1 deg [cross r1 foot 1 at a1]  grid 39.67-40.67, enclosure 39.67-40.67 deg
    reach: arm (1,1) 34.9-36.4 deg [cross r1 foot 2 at r0]  grid 35.33-36.00, enclosure 35.33-36.00 deg
    reach: arm (1,-1) 2.3-4.1 deg [selfoff foot 2]  grid 2.67-3.67, enclosure 2.67-3.67 deg
    reach: arm (2,1) 10.6-12.1 deg [selfoff foot 1]  grid 11.00-11.67, enclosure 11.00-11.67 deg
    reach: arm (2,-1) 25.9-27.7 deg [cross r1 foot 1 at r0]  grid 26.33-27.33, enclosure 26.33-27.33 deg
cell 52 (depth 9, victim half-widths 0.125/0.125/0.125u): refused -- reach envelope: arm (0,1): stopping event changes between cells (0,0,0)-(0,0,1): cross|r1|2:r1 vs cross|a0,r1|2:r0
cell 53 (depth 9, victim half-widths 0.125/0.125/0.125u): centre [2.6627,33.2224,2.2687,3.5811,47.4931,4.4634]
    reach: arm (0,1) grid 63.67-95.67, enclosure - deg  REFUSED: arm (0,1): stopping event changes between cells (0,0,2)-(0,0,3): cross|r1|2:r1 vs cross|a0,r1|2:r0
    reach: arm (0,-1) 39.3-41.1 deg [cross r1 foot 1 at a1]  grid 39.67-40.67, enclosure 39.67-40.67 deg
    reach: arm (1,1) 34.6-36.4 deg [cross r1 foot 2 at r0]  grid 35.00-36.00, enclosure 35.00-36.00 deg
    reach: arm (1,-1) 2.6-4.4 deg [selfoff foot 2]  grid 3.00-4.00, enclosure 3.00-4.00 deg
    reach: arm (2,1) 10.3-12.1 deg [selfoff foot 1]  grid 10.67-11.67, enclosure 10.67-11.67 deg
    reach: arm (2,-1) 26.3-28.1 deg [cross r1 foot 1 at r0]  grid 26.67-27.67, enclosure 26.67-27.67 deg
cell 53 (depth 9, victim half-widths 0.125/0.125/0.125u): refused -- reach envelope: arm (0,1): stopping event changes between cells (0,0,2)-(0,0,3): cross|r1|2:r1 vs cross|a0,r1|2:r0
cell 54 (depth 9, victim half-widths 0.125/0.125/0.125u): centre [2.6627,33.2224,2.2687,4.0811,46.2431,4.4526]
    reach: arm (0,1) 62.3-64.4 deg [cross r1 foot 2 at a0]  grid 62.67-64.00, enclosure 62.67-64.00 deg
    reach: arm (0,-1) 36.9-38.7 deg [cross r1 foot 1 at a1]  grid 37.33-38.33, enclosure 37.33-38.33 deg
    reach: arm (1,1) 32.9-34.7 deg [cross r1 foot 2 at r0]  grid 33.33-34.33, enclosure 33.33-34.33 deg
    reach: arm (1,-1) 4.6-6.1 deg [selfoff foot 2]  grid 5.00-5.67, enclosure 5.00-5.67 deg
    reach: arm (2,1) 11.9-13.7 deg [selfoff foot 1]  grid 12.33-13.33, enclosure 12.33-13.33 deg
    reach: arm (2,-1) 24.6-26.4 deg [cross r1 foot 1 at r0]  grid 25.00-26.00, enclosure 25.00-26.00 deg
    3/27: [2.663,33.222,2.269,3.956,46.118,4.447] dead W=0.82 accept=1.15  (20s)
    6/27: [2.663,33.222,2.269,3.956,46.243,4.453] dead W=0.94 accept=1.37  (26s)
    9/27: [2.663,33.222,2.269,3.956,46.368,4.458] dead W=0.85 accept=1.58  (31s)
    12/27: [2.663,33.222,2.269,4.081,46.118,4.458] dead W=0.82 accept=1.31  (32s)
    15/27: [2.663,33.222,2.269,4.081,46.243,4.458] dead W=0.89 accept=1.43  (37s)
    18/27: [2.663,33.222,2.269,4.081,46.368,4.458] dead W=0.83 accept=1.55  (43s)
    21/27: [2.663,33.222,2.269,4.206,46.118,4.458] dead W=0.81 accept=1.29  (48s)
    24/27: [2.663,33.222,2.269,4.206,46.243,4.458] dead W=0.87 accept=1.41  (49s)
    27/27: [2.663,33.222,2.269,4.206,46.368,4.458] dead W=0.89 accept=1.65  (54s)
cell 54 (depth 9, victim half-widths 0.125/0.125/0.125u): dead (27 poses, 5184 gaps, 0 slivers, 0 probed gaps, min accepted 0.07u)
cell 55 (depth 9, victim half-widths 0.125/0.125/0.125u): centre [2.6627,33.2224,2.2687,4.0811,46.4931,4.4526]
    reach: arm (0,1) 62.6-64.7 deg [cross r1 foot 2 at a0]  grid 63.00-64.33, enclosure 63.00-64.33 deg
    reach: arm (0,-1) 37.3-39.1 deg [cross r1 foot 1 at a1]  grid 37.67-38.67, enclosure 37.67-38.67 deg
    reach: arm (1,1) 33.3-35.1 deg [cross r1 foot 2 at r0]  grid 33.67-34.67, enclosure 33.67-34.67 deg
    reach: arm (1,-1) 4.3-5.7 deg [selfoff foot 2]  grid 4.67-5.33, enclosure 4.67-5.33 deg
    reach: arm (2,1) 11.6-13.4 deg [selfoff foot 1]  grid 12.00-13.00, enclosure 12.00-13.00 deg
    reach: arm (2,-1) 24.9-26.7 deg [cross r1 foot 1 at r0]  grid 25.33-26.33, enclosure 25.33-26.33 deg
    3/27: [2.663,33.222,2.269,3.956,46.368,4.458] dead W=0.83 accept=1.60  (20s)
    6/27: [2.663,33.222,2.269,3.956,46.618,4.447] dead W=1.05 accept=1.40  (25s)
    9/27: [2.663,33.222,2.269,3.956,46.618,4.458] dead W=0.97 accept=1.96  (31s)
    12/27: [2.663,33.222,2.269,4.081,46.368,4.458] dead W=0.81 accept=1.58  (31s)
    15/27: [2.663,33.222,2.269,4.081,46.493,4.458] dead W=0.94 accept=1.81  (37s)
    18/27: [2.663,33.222,2.269,4.081,46.618,4.453] dead W=1.01 accept=1.97  (42s)
    21/27: [2.663,33.222,2.269,4.206,46.368,4.458] dead W=0.91 accept=1.67  (48s)
    24/27: [2.663,33.222,2.269,4.206,46.493,4.458] dead W=0.82 accept=1.79  (48s)
    27/27: [2.663,33.222,2.269,4.206,46.618,4.458] dead W=0.94 accept=2.03  (54s)
cell 55 (depth 9, victim half-widths 0.125/0.125/0.125u): dead (27 poses, 5130 gaps, 0 slivers, 0 probed gaps, min accepted 0.09u)
cell 56 (depth 9, victim half-widths 0.125/0.125/0.125u): centre [2.6627,33.2224,2.2687,4.0811,46.9931,4.4526]
    reach: arm (0,1) grid 63.67-65.00, enclosure 63.67-65.00 deg  REFUSED: arm (0,1): foot 2 meets two lines 0.3596 deg apart inside the box (circles 1 and 2), within one 0.333-degree substep: the sampling phase, not the geometry, decides whether the swing stops there
    reach: arm (0,-1) 37.9-39.7 deg [cross r1 foot 1 at a1]  grid 38.33-39.33, enclosure 38.33-39.33 deg
    reach: arm (1,1) 33.9-35.7 deg [cross r1 foot 2 at r0]  grid 34.33-35.33, enclosure 34.33-35.33 deg
    reach: arm (1,-1) 3.3-5.1 deg [selfoff foot 2]  grid 3.67-4.67, enclosure 3.67-4.67 deg
    reach: arm (2,1) 10.9-12.7 deg [selfoff foot 1]  grid 11.33-12.33, enclosure 11.33-12.33 deg
    reach: arm (2,-1) 25.6-27.4 deg [cross r1 foot 1 at r0]  grid 26.00-27.00, enclosure 26.00-27.00 deg
cell 56 (depth 9, victim half-widths 0.125/0.125/0.125u): refused -- reach envelope: arm (0,1): foot 2 meets two lines 0.3596 deg apart inside the box (circles 1 and 2), within one 0.333-degree substep: the sampling phase, not th
cell 57 (depth 9, victim half-widths 0.125/0.125/0.125u): centre [2.6627,33.2224,2.2687,4.0811,46.9931,4.4634]
    reach: arm (0,1) 62.9-64.7 deg [cross r1 foot 2 at a0]  grid 63.33-64.33, enclosure 63.33-64.33 deg
    reach: arm (0,-1) 38.3-40.1 deg [cross r1 foot 1 at a1]  grid 38.67-39.67, enclosure 38.67-39.67 deg
    reach: arm (1,1) 33.9-35.4 deg [cross r1 foot 2 at r0]  grid 34.33-35.00, enclosure 34.33-35.00 deg
    reach: arm (1,-1) 3.6-5.1 deg [selfoff foot 2]  grid 4.00-4.67, enclosure 4.00-4.67 deg
    reach: arm (2,1) 10.6-12.4 deg [selfoff foot 1]  grid 11.00-12.00, enclosure 11.00-12.00 deg
    reach: arm (2,-1) 25.9-27.4 deg [cross r1 foot 1 at r0]  grid 26.33-27.00, enclosure 26.33-27.00 deg
    3/27: [2.663,33.222,2.269,3.956,46.868,4.469] dead W=1.12 accept=1.58  (20s)
    6/27: [2.663,33.222,2.269,3.956,46.993,4.469] dead W=1.05 accept=1.71  (25s)
    9/27: [2.663,33.222,2.269,3.956,47.118,4.469] dead W=1.08 accept=1.94  (30s)
    12/27: [2.663,33.222,2.269,4.081,46.868,4.463] dead W=1.17 accept=1.59  (31s)
    15/27: [2.663,33.222,2.269,4.081,46.993,4.469] dead W=1.10 accept=1.80  (36s)
    18/27: [2.663,33.222,2.269,4.081,47.118,4.463] dead W=1.13 accept=1.95  (42s)
    21/27: [2.663,33.222,2.269,4.206,46.868,4.469] dead W=1.05 accept=1.65  (47s)
    24/27: [2.663,33.222,2.269,4.206,46.993,4.469] dead W=1.13 accept=1.77  (48s)
    27/27: [2.663,33.222,2.269,4.206,47.118,4.469] dead W=1.15 accept=2.39  (53s)
cell 57 (depth 9, victim half-widths 0.125/0.125/0.125u): dead (27 poses, 5184 gaps, 0 slivers, 0 probed gaps, min accepted 0.08u)
cells: 17/29 leaves certified, 57% of the box's volume   (31.5 min)
engine on leaf at [2.663,33.222,2.269,4.706,47.118,4.512] +-0.50/1.00/0.50u: 40/40 random poses lose every one of 8 random moves
engine on leaf at [2.663,33.222,2.269,4.706,47.618,4.469] +-0.50/0.50/0.50u: 40/40 random poses lose every one of 8 random moves
engine on leaf at [2.663,33.222,2.269,4.706,46.618,4.48] +-0.50/0.50/0.25u: 40/40 random poses lose every one of 8 random moves
engine on leaf at [2.663,33.222,2.269,4.081,46.618,4.512] +-0.13/0.50/0.50u: 40/40 random poses lose every one of 8 random moves
engine on leaf at [2.663,33.222,2.269,4.456,46.868,4.458] +-0.25/0.25/0.25u: 40/40 random poses lose every one of 8 random moves
engine on leaf at [2.663,33.222,2.269,4.956,46.368,4.458] +-0.25/0.25/0.25u: 40/40 random poses lose every one of 8 random moves
engine on leaf at [2.663,33.222,2.269,4.956,46.868,4.458] +-0.25/0.25/0.25u: 40/40 random poses lose every one of 8 random moves
engine on leaf at [2.663,33.222,2.269,3.581,47.493,4.512] +-0.13/0.13/0.50u: 40/40 random poses lose every one of 8 random moves
engine on leaf at [2.663,33.222,2.269,4.081,46.368,4.48] +-0.13/0.25/0.25u: 40/40 random poses lose every one of 8 random moves
engine on leaf at [2.663,33.222,2.269,4.081,46.868,4.48] +-0.13/0.25/0.25u: 40/40 random poses lose every one of 8 random moves
engine on leaf at [2.663,33.222,2.269,4.456,46.368,4.453] +-0.25/0.25/0.13u: 40/40 random poses lose every one of 8 random moves
engine on leaf at [2.663,33.222,2.269,4.456,46.368,4.463] +-0.25/0.25/0.13u: 40/40 random poses lose every one of 8 random moves
engine on leaf at [2.663,33.222,2.269,4.081,46.368,4.463] +-0.13/0.25/0.13u: 40/40 random poses lose every one of 8 random moves
engine on leaf at [2.663,33.222,2.269,4.081,46.743,4.458] +-0.13/0.13/0.25u: 40/40 random poses lose every one of 8 random moves
engine on leaf at [2.663,33.222,2.269,4.081,46.243,4.453] +-0.13/0.13/0.13u: 40/40 random poses lose every one of 8 random moves
engine on leaf at [2.663,33.222,2.269,4.081,46.493,4.453] +-0.13/0.13/0.13u: 40/40 random poses lose every one of 8 random moves
engine on leaf at [2.663,33.222,2.269,4.081,46.993,4.463] +-0.13/0.13/0.13u: 40/40 random poses lose every one of 8 random moves
