attacker grid has one point, so the attacker is held fixed (--hA ignored)
dead cell on blue to move at [-27.3934,-36.4088,1.2052,-11.7593,-23.2838,2.9442]: victim +-1u x 3, attacker +-1u x 1 (27 grid poses, 4 threads)
cell 1 (depth 0, victim half-widths 1.000/1.000/1.000u): centre [-27.3934,-36.4088,1.2052,-11.7593,-23.2838,2.9442]
    reach: arm (0,1) 36.6-52.4 deg [cross r1 foot 2 at r0]  grid 37.00-52.00, enclosure 37.00-52.00 deg
    reach: arm (0,-1) 57.9-67.7 deg [cross a0 foot 2 at a0]  grid 58.33-67.33, enclosure 58.33-67.33 deg
    reach: arm (1,1) 9.9-19.1 deg [cross r1 foot 0 at a0]  grid 10.33-18.67, enclosure 10.33-18.67 deg
    reach: arm (1,-1) 12.6-20.7 deg [selfoff foot 2]  grid 13.00-20.33, enclosure 13.00-20.33 deg
    reach: arm (2,1) 0.6-9.1 deg [selfoff foot 1]  grid 1.00-8.67, enclosure 1.00-8.67 deg
    reach: arm (2,-1) 11.9-19.7 deg [cross a0 foot 1 at r1]  grid 12.33-19.33, enclosure 12.33-19.33 deg
    3/27: [-28.393,-36.409,1.162,-11.759,-23.284,2.944] dead W=1.96 accept=0.17  (8s)
    6/27: [-28.393,-36.409,1.205,-11.759,-23.284,2.944] dead W=0.49 accept=1.02  (11s)
    9/27: [-27.393,-37.409,1.162,-11.759,-23.284,2.944] dead W=2.11 accept=0.99  (13s)
    12/27: [-27.393,-37.409,1.248,-11.759,-23.284,2.944] dead W=0.46 accept=1.33  (15s)
    15/27: [-27.393,-36.409,1.248,-11.759,-23.284,2.944] dead W=1.56 accept=1.14  (17s)
    18/27: [-26.393,-37.409,1.162,-11.759,-23.284,2.944] dead W=1.36 accept=0.70  (19s)
    21/27: [-26.393,-36.409,1.162,-11.759,-23.284,2.944] dead W=0.70 accept=0.41  (22s)
    24/27: [-26.393,-36.409,1.248,-11.759,-23.284,2.944] dead W=1.29 accept=0.88  (25s)
    27/27: [-26.393,-35.409,1.248,-11.759,-23.284,2.944] dead W=0.85 accept=0.69  (27s)
    round 1: 54 pairs refused, 54 midpoints to certify (step 0.500u)
    6/54: [-28.393,-36.909,1.248,-11.759,-23.284,2.944] dead W=2.25 accept=1.22  (32s)
    12/54: [-27.893,-36.409,1.205,-11.759,-23.284,2.944] dead W=2.25 accept=0.91  (34s)
    18/54: [-28.393,-35.409,1.184,-11.759,-23.284,2.944] dead W=1.79 accept=1.35  (40s)
    24/54: [-27.393,-36.909,1.162,-11.759,-23.284,2.944] dead W=1.79 accept=0.58  (43s)
    30/54: [-26.893,-36.409,1.162,-11.759,-23.284,2.944] dead W=0.40 accept=0.39  (48s)
    36/54: [-27.393,-35.909,1.205,-11.759,-23.284,2.944] dead W=1.55 accept=0.77  (51s)
    42/54: [-26.893,-35.409,1.248,-11.759,-23.284,2.944] dead W=0.46 accept=0.62  (57s)
    48/54: [-26.393,-35.909,1.162,-11.759,-23.284,2.944] dead W=2.14 accept=1.27  (63s)
    54/54: [-26.393,-35.409,1.227,-11.759,-23.284,2.944] dead W=0.66 accept=0.45  (66s)
    round 2: 93 pairs refused, 93 midpoints to certify (step 0.250u)
    11/93: [-28.143,-37.409,1.248,-11.759,-23.284,2.944] dead W=2.16 accept=1.17  (74s)
    22/93: [-28.393,-36.409,1.216,-11.759,-23.284,2.944] dead W=2.24 accept=1.05  (82s)
    33/93: [-27.143,-37.409,1.162,-11.759,-23.284,2.944] dead W=0.50 accept=0.89  (90s)
    44/93: [-27.143,-37.409,1.248,-11.759,-23.284,2.944] dead W=0.39 accept=1.25  (98s)
    55/93: [-27.393,-36.409,1.216,-11.759,-23.284,2.944] dead W=1.98 accept=0.77  (106s)
    66/93: [-27.393,-35.409,1.238,-11.759,-23.284,2.944] dead W=0.78 accept=0.74  (115s)
    77/93: [-26.393,-37.409,1.238,-11.759,-23.284,2.944] dead W=2.11 accept=0.89  (126s)
    88/93: [-26.393,-36.159,1.248,-11.759,-23.284,2.944] dead W=1.05 accept=0.92  (135s)
    round 3: 126 pairs refused, 126 midpoints to certify (step 0.125u)
    15/126: [-28.393,-37.409,1.221,-11.759,-23.284,2.944] dead W=1.96 accept=1.25  (149s)
    30/126: [-28.393,-36.409,1.211,-11.759,-23.284,2.944] dead W=0.40 accept=1.03  (160s)
    45/126: [-27.268,-37.409,1.162,-11.759,-23.284,2.944] dead W=2.02 accept=0.95  (171s)
    60/126: [-26.768,-37.409,1.248,-11.759,-23.284,2.944] dead W=2.23 accept=0.29  (182s)
    75/126: [-27.268,-36.409,1.248,-11.759,-23.284,2.944] dead W=1.53 accept=0.97  (193s)
    90/126: [-27.393,-35.409,1.243,-11.759,-23.284,2.944] dead W=0.69 accept=0.63  (204s)
    105/126: [-26.393,-36.784,1.248,-11.759,-23.284,2.944] dead W=1.65 accept=1.75  (222s)
    120/126: [-26.393,-35.784,1.248,-11.759,-23.284,2.944] dead W=0.69 accept=0.65  (231s)
    round 4: 176 pairs refused, 176 midpoints to certify (step 0.063u)
    22/176: [-28.393,-37.409,1.24,-11.759,-23.284,2.944] dead W=2.24 accept=1.24  (253s)
    44/176: [-28.393,-36.409,1.208,-11.759,-23.284,2.944] dead W=0.45 accept=1.03  (267s)
    66/176: [-27.393,-37.346,1.162,-11.759,-23.284,2.944] dead W=0.51 accept=0.95  (287s)
    88/176: [-26.456,-37.409,1.248,-11.759,-23.284,2.944] dead W=2.19 accept=0.46  (304s)
    110/176: [-26.956,-36.409,1.248,-11.759,-23.284,2.944] dead W=1.44 accept=1.06  (320s)
    132/176: [-27.393,-35.409,1.24,-11.759,-23.284,2.944] dead W=0.73 accept=0.63  (336s)
    154/176: [-26.393,-36.471,1.248,-11.759,-23.284,2.944] dead W=1.35 accept=0.92  (359s)
    176/176: [-26.393,-35.409,1.246,-11.759,-23.284,2.944] dead W=0.83 accept=0.68  (377s)
cell 1 (depth 0, victim half-widths 1.000/1.000/1.000u): dead (476 poses, 92344 gaps, 292 slivers, 11 probed gaps, min accepted 0.03u)
cells: 1/1 leaves certified, 100% of the box's volume   (6.9 min)
engine on leaf at [-27.393,-36.409,1.205,-11.759,-23.284,2.944] +-1.00/1.00/1.00u: 40/40 random poses lose every one of 8 random moves
