{
 "interval": [
  9,
  10
 ],
 "deg": 6,
 "cells": 26,
 "failed": 0,
 "runs": 51,
 "seconds": 53.415,
 "width": {
  "min": 0.001953125,
  "median": 0.03125,
  "max": 0.125
 },
 "minMargin": 3.0113620543764616,
 "minHubMove": 6.298991696694388,
 "branchCells": 4,
 "maxBranches": 8,
 "splitReasons": {
  "subst#p #: horizontal#fraction floor not #xclud#d: hf # (sin/tin)": 6,
  "subst#p #: horizontal#fraction floor not #xclud#d: hf # (shi/tin)": 5,
  "subst#p #: s#paration cap not #xclud#d: s#p #": 1,
  "subst#p #: sqrt: rang# not positiv# #": 8,
  "subst#p #: horizontal#fraction floor not #xclud#d: hf # (sin/t#/sin)": 5
 },
 "fails": []
}

real	0m53.481s
user	0m55.430s
sys	0m1.230s
