{
 "interval": [
  12,
  14
 ],
 "deg": 6,
 "cells": 58,
 "failed": 0,
 "runs": 115,
 "seconds": 174.164,
 "width": {
  "min": 0.0001220703125,
  "median": 0.015625,
  "max": 0.125
 },
 "minMargin": 2.4803196589123355,
 "minHubMove": 5.041310555821999,
 "branchCells": 4,
 "maxBranches": 8,
 "modes": {
  "plain": 54,
  "branch+merge": 3,
  "branch": 1
 },
 "splitReasons": {
  "subst#p #: hub#hub contact not #xclud#d: #": 5,
  "subst#p #: sqrt: rang# not positiv# #": 31,
  "subst#p #: v#rtical contact (hf < #) not #xclud#d: hf #": 19,
  "subst#p #: inv: rang# contains # #": 2
 },
 "fails": []
}

real	2m54.227s
user	2m56.156s
sys	0m2.996s
