{
 "interval": [
  8,
  9
 ],
 "deg": 6,
 "cells": 35,
 "failed": 0,
 "runs": 69,
 "seconds": 218.424,
 "width": {
  "min": 0.001953125,
  "median": 0.015625,
  "max": 0.125
 },
 "minMargin": 3.1394673694839232,
 "minHubMove": 6.645467812577836,
 "branchCells": 3,
 "maxBranches": 8,
 "splitReasons": {
  "subst#p #: horizontal#fraction floor not #xclud#d: hf # (shi/tin)": 6,
  "subst#p #: horizontal#fraction floor not #xclud#d: hf # (shi/t#/shi)": 3,
  "subst#p #: sqrt: rang# not positiv# #": 11,
  "subst#p #: horizontal#fraction floor not #xclud#d: hf # (sin/t#/sin)": 7,
  "subst#p #: horizontal#fraction floor not #xclud#d: hf # (sin/tin)": 5,
  "subst#p #: horizontal#fraction floor not #xclud#d: hf # (shi/t#/sin)": 1,
  "subst#p #: s#paration cap not #xclud#d: s#p #": 1
 },
 "fails": []
}

real	3m38.504s
user	3m40.381s
sys	0m4.286s
