{
 "arm": [
  2,
  -1
 ],
 "interval": [
  14,
  14.5
 ],
 "deg": 4,
 "cells": 20,
 "failed": 0,
 "runs": 39,
 "seconds": 761.913,
 "width": {
  "min": 0.0009765625,
  "median": 0.015625,
  "max": 0.125
 },
 "minMargin": 2.615371690471562,
 "minHubMove": 14.617497657007002,
 "modes": {
  "plain": 15,
  "straddle": 3,
  "branch+merge": 1,
  "branch": 1
 },
 "splitReasons": {
  "phas# B subst#p #: hub#hub: hubs may coincid#: d# rang# # dx # dy # st#x # H #": 4,
  "phas# B subst#p #: sqrt: rang# not positiv# #": 9,
  "phas# B subst#p #: v#rtical contact (hf < #) not #xclud#d: hf #": 2,
  "phas# B subst#p #: inv: rang# contains # #": 4
 },
 "fails": []
}

real	12m42.024s
user	5m0.173s
sys	0m2.348s
