{
 "arm": [
  2,
  -1
 ],
 "interval": [
  2,
  2.5
 ],
 "deg": 4,
 "cells": 37,
 "failed": 0,
 "runs": 73,
 "seconds": 86.486,
 "width": {
  "min": 0.001953125,
  "median": 0.0078125,
  "max": 0.0625
 },
 "minMargin": 3.8234843150046904,
 "minHubMove": 10.670701204505676,
 "modes": {
  "branch": 2,
  "plain": 25,
  "straddle": 4,
  "straddle+merge": 6
 },
 "splitReasons": {
  "phas# B subst#p #: v#rtical contact (hf < #) not #xclud#d: hf #": 8,
  "phas# B subst#p #: sqrt: rang# not positiv# #": 22,
  "phas# B subst#p #: d#p#crossing rul# not #xclud#d: dist #": 3,
  "phas# B subst#p #: inv: rang# contains # #": 2,
  "phas# B subst#p #: hub#hub: hubs may coincid#: d# rang# # dx # dy # st#x # H #": 1
 },
 "fails": []
}

real	1m26.539s
user	1m24.927s
sys	0m0.809s
