{
 "arm": [
  2,
  -1
 ],
 "interval": [
  15.5,
  15.52
 ],
 "deg": 4,
 "cells": 15,
 "failed": 0,
 "runs": 29,
 "seconds": 220.979,
 "width": {
  "min": 0.000019531250000426326,
  "median": 0.0006249999999994316,
  "max": 0.004999999999999005
 },
 "minMargin": 2.8278082561603806,
 "minHubMove": 15.145060837005879,
 "modes": {
  "plain": 13,
  "branch": 2
 },
 "splitReasons": {
  "phas# B subst#p #: hub#hub: hubs may coincid#: d# rang# # dx # dy # st#x # H #": 3,
  "phas# B subst#p #: sqrt: rang# not positiv# #": 7,
  "phas# B subst#p #: inv: rang# contains # #": 3,
  "phas# B subst#p #: d#p#crossing rul# not #xclud#d: dist #": 1
 },
 "fails": []
}

real	3m41.048s
user	3m24.607s
sys	0m2.148s
