{
 "arm": [
  2,
  -1
 ],
 "interval": [
  15.14,
  15.16
 ],
 "deg": 4,
 "cells": 4,
 "failed": 0,
 "runs": 7,
 "seconds": 34.62,
 "width": {
  "min": 0.0024999999999995026,
  "median": 0.005000000000000782,
  "max": 0.009999999999999787
 },
 "minMargin": 2.7775425368035083,
 "minHubMove": 15.01812053080683,
 "modes": {
  "plain": 2,
  "straddle": 1,
  "branch": 1
 },
 "splitReasons": {
  "phas# B subst#p #: hub#hub: hubs may coincid#: d# rang# # dx # dy # st#x # H #": 1,
  "phas# B subst#p #: inv: rang# contains # #": 1,
  "phas# B subst#p #: v#rtical contact (hf < #) not #xclud#d: hf #": 1
 },
 "fails": []
}

real	0m34.695s
user	0m33.815s
sys	0m0.483s
