{
 "arm": [
  2,
  -1
 ],
 "interval": [
  14.98,
  15
 ],
 "deg": 4,
 "cells": 15,
 "failed": 0,
 "runs": 29,
 "seconds": 286.497,
 "width": {
  "min": 0.000004882812499218403,
  "median": 0.0003124999999997158,
  "max": 0.009999999999999787
 },
 "minMargin": 2.7550455643110037,
 "minHubMove": 14.96176621382009,
 "modes": {
  "plain": 14,
  "straddle": 1
 },
 "splitReasons": {
  "phas# B subst#p #: sqrt: rang# not positiv# #": 6,
  "phas# B subst#p #: d#p#crossing rul# not #xclud#d: dist #": 2,
  "phas# B subst#p #: hub#hub: hubs may coincid#: d# rang# # dx # dy # st#x # H #": 4,
  "phas# B subst#p #: inv: rang# contains # #": 1,
  "phas# B subst#p #: v#rtical contact (hf < #) not #xclud#d: hf #": 1
 },
 "fails": []
}

real	4m46.566s
user	4m38.696s
sys	0m2.155s
