{
 "arm": [
  1,
  -1
 ],
 "interval": [
  9.5,
  10
 ],
 "deg": 4,
 "cells": 12,
 "failed": 0,
 "runs": 23,
 "seconds": 7.547,
 "width": {
  "min": 0.00390625,
  "median": 0.03125,
  "max": 0.125
 },
 "minMargin": 3.0113620543849313,
 "minHubMove": 6.298991696695314,
 "modes": {
  "plain": 10,
  "straddle": 2
 },
 "splitReasons": {
  "phas# B subst#p #: sqrt: rang# not positiv# #": 6,
  "phas# B subst#p #: hub#hub: hubs may coincid#: d# rang# # dx # dy # st#x # H #": 3,
  "phas# B subst#p #: inv: rang# contains # #": 1,
  "phas# B subst#p #: v#rtical contact (hf < #) not #xclud#d: hf #": 1
 },
 "fails": []
}

real	0m7.600s
user	0m5.760s
sys	0m0.181s
