{
 "arm": [
  1,
  -1
 ],
 "interval": [
  16.5,
  16.83
 ],
 "deg": 4,
 "cells": 3,
 "failed": 0,
 "runs": 5,
 "seconds": 1.299,
 "width": {
  "min": 0.08249999999999957,
  "median": 0.08249999999999957,
  "max": 0.16499999999999915
 },
 "minMargin": 2.4454611877677475,
 "minHubMove": 4.337670450369044,
 "modes": {
  "plain": 3
 },
 "splitReasons": {
  "phas# B subst#p #: sqrt: rang# not positiv# #": 1,
  "phas# B subst#p #: inv: rang# contains # #": 1
 },
 "fails": []
}

real	0m1.357s
user	0m1.395s
sys	0m0.104s
