{
 "arm": [
  1,
  -1
 ],
 "interval": [
  14,
  14.5
 ],
 "deg": 4,
 "cells": 7,
 "failed": 0,
 "runs": 13,
 "seconds": 3.032,
 "width": {
  "min": 0.03125,
  "median": 0.0625,
  "max": 0.125
 },
 "minMargin": 2.4150479073014846,
 "minHubMove": 4.903137473110144,
 "modes": {
  "plain": 6,
  "straddle": 1
 },
 "splitReasons": {
  "phas# B subst#p #: sqrt: rang# not positiv# #": 3,
  "phas# B subst#p #: inv: rang# contains # #": 1,
  "phas# B subst#p #: hub#hub: hubs may coincid#: d# rang# # dx # dy # st#x # H #": 1,
  "phas# B subst#p #: v#rtical contact (hf < #) not #xclud#d: hf #": 1
 },
 "fails": []
}

real	0m3.074s
user	0m3.051s
sys	0m0.117s
