{
 "arm": [
  1,
  -1
 ],
 "interval": [
  8,
  8.5
 ],
 "deg": 4,
 "cells": 22,
 "failed": 0,
 "runs": 43,
 "seconds": 16.603,
 "width": {
  "min": 0.001953125,
  "median": 0.015625,
  "max": 0.0625
 },
 "minMargin": 3.202715465386958,
 "minHubMove": 6.822150422307253,
 "modes": {
  "plain": 20,
  "straddle": 1,
  "branch+merge": 1
 },
 "splitReasons": {
  "phas# B subst#p #: v#rtical contact (hf < #) not #xclud#d: hf #": 11,
  "phas# B subst#p #: sqrt: rang# not positiv# #": 9,
  "phas# B subst#p #: inv: rang# contains # #": 1
 },
 "fails": []
}

real	0m16.646s
user	0m13.601s
sys	0m0.339s
