{
 "arm": [
  1,
  -1
 ],
 "interval": [
  6.5,
  7
 ],
 "deg": 4,
 "cells": 19,
 "failed": 0,
 "runs": 37,
 "seconds": 21.995,
 "width": {
  "min": 0.001953125,
  "median": 0.015625,
  "max": 0.0625
 },
 "minMargin": 3.3888913753873586,
 "minHubMove": 7.363889395589147,
 "modes": {
  "plain": 15,
  "straddle": 3,
  "branch": 1
 },
 "splitReasons": {
  "phas# B subst#p #: sqrt: rang# not positiv# #": 13,
  "phas# B subst#p #: n#ar#parall#l s#gm#nts: d#nom rang# #": 1,
  "phas# B subst#p #: v#rtical contact (hf < #) not #xclud#d: hf #": 2,
  "phas# B subst#p #: hub#hub: hubs may coincid#: d# rang# # dx # dy # st#x # H #": 1,
  "phas# B subst#p #: inv: rang# contains # #": 1
 },
 "fails": []
}

real	0m22.073s
user	0m11.551s
sys	0m0.222s
