{
 "arm": [
  1,
  -1
 ],
 "interval": [
  13,
  13.5
 ],
 "deg": 4,
 "cells": 8,
 "failed": 0,
 "runs": 15,
 "seconds": 3.462,
 "width": {
  "min": 0.03125,
  "median": 0.0625,
  "max": 0.125
 },
 "minMargin": 2.5456295252547956,
 "minHubMove": 5.184524015255758,
 "modes": {
  "plain": 7,
  "straddle": 1
 },
 "splitReasons": {
  "phas# B subst#p #: v#rtical contact (hf < #) not #xclud#d: hf #": 3,
  "phas# B subst#p #: sqrt: rang# not positiv# #": 2,
  "phas# B subst#p #: inv: rang# contains # #": 1,
  "phas# B subst#p #: hub#hub: hubs may coincid#: d# rang# # dx # dy # st#x # H #": 1
 },
 "fails": []
}

real	0m3.502s
user	0m3.399s
sys	0m0.152s
