{
 "arm": [
  1,
  -1
 ],
 "interval": [
  5.5,
  6
 ],
 "deg": 4,
 "cells": 15,
 "failed": 0,
 "runs": 29,
 "seconds": 23.142,
 "width": {
  "min": 0.001953125,
  "median": 0.03125,
  "max": 0.125
 },
 "minMargin": 3.5097771498520833,
 "minHubMove": 7.733258841707014,
 "modes": {
  "plain": 13,
  "branch": 2
 },
 "splitReasons": {
  "phas# B subst#p #: sqrt: rang# not positiv# #": 9,
  "phas# B subst#p #: v#rtical contact (hf < #) not #xclud#d: hf #": 4,
  "phas# B subst#p #: d#p#crossing rul# not #xclud#d: dist #": 1
 },
 "fails": []
}

real	0m23.766s
user	0m10.480s
sys	0m0.198s
