{
 "arm": [
  1,
  -1
 ],
 "interval": [
  12,
  12.5
 ],
 "deg": 4,
 "cells": 17,
 "failed": 0,
 "runs": 33,
 "seconds": 16.456,
 "width": {
  "min": 0.0009765625,
  "median": 0.0078125,
  "max": 0.125
 },
 "minMargin": 2.6762686878578843,
 "minHubMove": 5.484565850484887,
 "modes": {
  "plain": 15,
  "straddle+merge": 2
 },
 "splitReasons": {
  "phas# B subst#p #: v#rtical contact (hf < #) not #xclud#d: hf #": 5,
  "phas# B subst#p #: hub#hub: hubs may coincid#: d# rang# # dx # dy # st#x # H #": 3,
  "phas# B subst#p #: sqrt: rang# not positiv# #": 6,
  "phas# B subst#p #: inv: rang# contains # #": 2
 },
 "fails": []
}

real	0m16.502s
user	0m16.320s
sys	0m0.235s
