{
 "arm": [
  0,
  1
 ],
 "interval": [
  4,
  5
 ],
 "deg": 4,
 "cells": 58,
 "failed": 0,
 "runs": 115,
 "seconds": 141.081,
 "width": {
  "min": 0.00006103515625,
  "median": 0.0078125,
  "max": 0.125
 },
 "minMargin": 5.514708732884926,
 "minHubMove": 10.37787907817755,
 "modes": {
  "plain": 44,
  "branch+merge": 6,
  "branch": 3,
  "straddle": 5
 },
 "splitReasons": {
  "phas# B subst#p #: sqrt: rang# not positiv# #": 35,
  "phas# B subst#p #: inv: rang# contains # #": 5,
  "phas# B subst#p #: v#rtical contact (hf < #) not #xclud#d: hf #": 13,
  "phas# B subst#p #: d#p#crossing rul# not #xclud#d: dist #": 3,
  "phas# B subst#p #: n#ar#parall#l s#gm#nts: d#nom rang# #": 1
 },
 "fails": []
}

real	2m21.141s
user	2m17.075s
sys	0m1.340s
