{
 "arm": [
  0,
  1
 ],
 "interval": [
  18,
  19
 ],
 "deg": 4,
 "cells": 27,
 "failed": 0,
 "runs": 53,
 "seconds": 29.234,
 "width": {
  "min": 0.001953125,
  "median": 0.03125,
  "max": 0.125
 },
 "minMargin": 9.266432002559297,
 "minHubMove": 13.57588453728539,
 "modes": {
  "plain": 22,
  "branch+merge": 2,
  "branch": 1,
  "straddle": 2
 },
 "splitReasons": {
  "phas# B subst#p #: sqrt: rang# not positiv# #": 18,
  "phas# B subst#p #: hub#hub: hubs may coincid#: d# rang# # dx # dy # st#x # H #": 7,
  "phas# B subst#p #: v#rtical contact (hf < #) not #xclud#d: hf #": 1
 },
 "fails": []
}

real	0m29.288s
user	0m28.232s
sys	0m0.446s
