{
 "arm": [
  0,
  1
 ],
 "interval": [
  44,
  44.25
 ],
 "deg": 4,
 "cells": 3,
 "failed": 0,
 "runs": 5,
 "seconds": 7.416,
 "width": {
  "min": 0.0625,
  "median": 0.0625,
  "max": 0.125
 },
 "minMargin": 13.018301762969198,
 "minHubMove": 23.615239888699524,
 "modes": {
  "plain": 3
 },
 "splitReasons": {
  "phas# A subst#p #: d#p#crossing rul# not #xclud#d: dist #": 1,
  "phas# B subst#p #: hub#hub: hubs may coincid#: d# rang# # dx # dy # st#x # H #": 1
 },
 "fails": []
}

real	0m7.462s
user	0m7.685s
sys	0m0.242s
