{
 "arm": [
  0,
  1
 ],
 "interval": [
  10,
  11
 ],
 "deg": 4,
 "cells": 44,
 "failed": 0,
 "runs": 87,
 "seconds": 47.405,
 "width": {
  "min": 0.001953125,
  "median": 0.015625,
  "max": 0.0625
 },
 "minMargin": 7.327977013227352,
 "minHubMove": 11.398803860379084,
 "modes": {
  "plain": 34,
  "straddle": 6,
  "branch+merge": 2,
  "branch": 2
 },
 "splitReasons": {
  "phas# B subst#p #: sqrt: rang# not positiv# #": 32,
  "phas# B subst#p #: inv: rang# contains # #": 3,
  "phas# B subst#p #: v#rtical contact (hf < #) not #xclud#d: hf #": 4,
  "phas# B subst#p #: d#p#crossing rul# not #xclud#d: dist #": 3,
  "phas# B subst#p #: hub#hub: hubs may coincid#: d# rang# # dx # dy # st#x # H #": 1
 },
 "fails": []
}

real	0m47.472s
user	0m45.899s
sys	0m0.488s
