{
 "arm": [
  0,
  1
 ],
 "interval": [
  38,
  39
 ],
 "deg": 4,
 "cells": 5,
 "failed": 0,
 "runs": 9,
 "seconds": 5.474,
 "width": {
  "min": 0.125,
  "median": 0.25,
  "max": 0.25
 },
 "minMargin": 12.471256717233597,
 "minHubMove": 21.139333063424715,
 "modes": {
  "plain": 5
 },
 "splitReasons": {
  "phas# B subst#p #: sqrt: rang# not positiv# #": 1,
  "phas# B subst#p #: d#p#crossing rul# not #xclud#d: dist #": 2,
  "phas# B subst#p #: v#rtical contact (hf < #) not #xclud#d: hf #": 1
 },
 "fails": []
}

real	0m5.531s
user	0m5.390s
sys	0m0.135s
