{
 "arm": [
  0,
  1
 ],
 "interval": [
  21,
  22
 ],
 "deg": 4,
 "cells": 27,
 "failed": 0,
 "runs": 53,
 "seconds": 32.872,
 "width": {
  "min": 0.001953125,
  "median": 0.03125,
  "max": 0.125
 },
 "minMargin": 9.87332986762881,
 "minHubMove": 14.564461662037672,
 "modes": {
  "branch": 4,
  "plain": 21,
  "branch+merge": 2
 },
 "splitReasons": {
  "phas# B subst#p #: sqrt: rang# not positiv# #": 13,
  "phas# B subst#p #: v#rtical contact (hf < #) not #xclud#d: hf #": 7,
  "phas# B subst#p #: hub#hub: hubs may coincid#: d# rang# # dx # dy # st#x # H #": 5,
  "phas# B subst#p #: inv: rang# contains # #": 1
 },
 "fails": []
}

real	0m32.933s
user	0m32.080s
sys	0m0.453s
