{
 "arm": [
  0,
  1
 ],
 "interval": [
  14,
  15
 ],
 "deg": 4,
 "cells": 35,
 "failed": 0,
 "runs": 69,
 "seconds": 44.015,
 "width": {
  "min": 0.001953125,
  "median": 0.015625,
  "max": 0.125
 },
 "minMargin": 8.369671314221504,
 "minHubMove": 12.39285352192184,
 "modes": {
  "plain": 25,
  "branch": 5,
  "branch+merge": 2,
  "straddle": 3
 },
 "splitReasons": {
  "phas# B subst#p #: sqrt: rang# not positiv# #": 24,
  "phas# B subst#p #: v#rtical contact (hf < #) not #xclud#d: hf #": 4,
  "phas# B subst#p #: inv: rang# contains # #": 2,
  "phas# B subst#p #: hub#hub: hubs may coincid#: d# rang# # dx # dy # st#x # H #": 4
 },
 "fails": []
}

real	0m44.068s
user	0m42.854s
sys	0m0.611s
