{
 "arm": [
  0,
  1
 ],
 "interval": [
  27,
  28
 ],
 "deg": 4,
 "cells": 20,
 "failed": 0,
 "runs": 39,
 "seconds": 15.963,
 "width": {
  "min": 0.001953125,
  "median": 0.03125,
  "max": 0.125
 },
 "minMargin": 10.91588907868143,
 "minHubMove": 16.730491138586633,
 "modes": {
  "plain": 11,
  "straddle": 6,
  "branch": 3
 },
 "splitReasons": {
  "phas# B subst#p #: sqrt: rang# not positiv# #": 10,
  "phas# B subst#p #: v#rtical contact (hf < #) not #xclud#d: hf #": 6,
  "phas# B subst#p #: hub#hub: hubs may coincid#: d# rang# # dx # dy # st#x # H #": 2,
  "phas# B subst#p #: inv: rang# contains # #": 1
 },
 "fails": []
}

real	0m16.010s
user	0m15.735s
sys	0m0.265s
