{
 "arm": [
  0,
  -1
 ],
 "interval": [
  7,
  8
 ],
 "deg": 4,
 "cells": 52,
 "failed": 0,
 "runs": 103,
 "seconds": 108.668,
 "width": {
  "min": 0.0009765625,
  "median": 0.0078125,
  "max": 0.125
 },
 "minMargin": 1.948149582659212,
 "minHubMove": 9.151654798143579,
 "modes": {
  "plain": 43,
  "branch": 2,
  "straddle": 5,
  "branch+merge": 2
 },
 "splitReasons": {
  "phas# B subst#p #: sqrt: rang# not positiv# #": 29,
  "phas# B subst#p #: v#rtical contact (hf < #) not #xclud#d: hf #": 12,
  "phas# B subst#p #: hub#hub: hubs may coincid#: d# rang# # dx # dy # st#x # H #": 2,
  "phas# B subst#p #: d#p#crossing rul# not #xclud#d: dist #": 2,
  "phas# B subst#p #: n#ar#parall#l s#gm#nts: d#nom rang# #": 3,
  "phas# B subst#p #: inv: rang# contains # #": 3
 },
 "fails": []
}

real	1m48.719s
user	1m45.622s
sys	0m1.054s
