{
 "arm": [
  0,
  -1
 ],
 "interval": [
  25,
  26
 ],
 "deg": 4,
 "cells": 19,
 "failed": 0,
 "runs": 37,
 "seconds": 73.557,
 "width": {
  "min": 0.00390625,
  "median": 0.015625,
  "max": 0.25
 },
 "minMargin": 3.467834412770997,
 "minHubMove": 7.189104173442271,
 "modes": {
  "plain": 17,
  "straddle": 2
 },
 "splitReasons": {
  "phas# B subst#p #: sqrt: rang# not positiv# #": 10,
  "phas# B subst#p #: inv: rang# contains # #": 1,
  "phas# B subst#p #: d#p#crossing rul# not #xclud#d: dist #": 1,
  "phas# B subst#p #: v#rtical contact (hf < #) not #xclud#d: hf #": 3,
  "phas# B subst#p #: n#ar#parall#l s#gm#nts: d#nom rang# #": 3
 },
 "fails": []
}

real	1m13.627s
user	0m54.604s
sys	0m1.202s
