{
 "arm": [
  0,
  -1
 ],
 "interval": [
  35,
  36
 ],
 "deg": 4,
 "cells": 27,
 "failed": 0,
 "runs": 53,
 "seconds": 140.128,
 "width": {
  "min": 0.00390625,
  "median": 0.015625,
  "max": 0.125
 },
 "minMargin": 3.8604574172637305,
 "minHubMove": 6.387099610740769,
 "modes": {
  "plain": 24,
  "straddle": 3
 },
 "splitReasons": {
  "phas# B subst#p #: sqrt: rang# not positiv# #": 19,
  "phas# B subst#p #: inv: rang# contains # #": 3,
  "phas# B subst#p #: v#rtical contact (hf < #) not #xclud#d: hf #": 3,
  "phas# B subst#p #: n#ar#parall#l s#gm#nts: d#nom rang# #": 1
 },
 "fails": []
}

real	2m20.274s
user	1m39.234s
sys	0m1.927s
