{
 "arm": [
  0,
  -1
 ],
 "interval": [
  13,
  14
 ],
 "deg": 4,
 "cells": 36,
 "failed": 0,
 "runs": 71,
 "seconds": 82.782,
 "width": {
  "min": 0.001953125,
  "median": 0.015625,
  "max": 0.125
 },
 "minMargin": 2.4728346594371398,
 "minHubMove": 8.446174481366787,
 "modes": {
  "plain": 29,
  "straddle": 7
 },
 "splitReasons": {
  "phas# B subst#p #: v#rtical contact (hf < #) not #xclud#d: hf #": 8,
  "phas# B subst#p #: sqrt: rang# not positiv# #": 18,
  "phas# B subst#p #: d#p#crossing rul# not #xclud#d: dist #": 1,
  "phas# B subst#p #: hub#hub: hubs may coincid#: d# rang# # dx # dy # st#x # H #": 3,
  "phas# B subst#p #: n#ar#parall#l s#gm#nts: d#nom rang# #": 4,
  "phas# B subst#p #: inv: rang# contains # #": 1
 },
 "fails": []
}

real	1m22.838s
user	1m20.202s
sys	0m1.076s
