{
 "arm": [
  0,
  -1
 ],
 "interval": [
  61,
  62
 ],
 "deg": 4,
 "cells": 21,
 "failed": 0,
 "runs": 41,
 "seconds": 213.248,
 "width": {
  "min": 0.001953125,
  "median": 0.015625,
  "max": 0.25
 },
 "minMargin": 3.3945099969617436,
 "minHubMove": 5.158673893850051,
 "modes": {
  "plain": 16,
  "branch+merge": 2,
  "straddle": 3
 },
 "splitReasons": {
  "phas# B subst#p #: sqrt: rang# not positiv# #": 11,
  "phas# B subst#p #: v#rtical contact (hf < #) not #xclud#d: hf #": 2,
  "phas# B subst#p #: n#ar#parall#l s#gm#nts: d#nom rang# #": 6,
  "phas# B subst#p #: d#p#crossing rul# not #xclud#d: dist #": 1
 },
 "fails": []
}

real	3m33.324s
user	2m44.768s
sys	0m2.181s
