{
 "arm": [
  0,
  -1
 ],
 "interval": [
  44,
  45
 ],
 "deg": 4,
 "cells": 22,
 "failed": 0,
 "runs": 43,
 "seconds": 86.21,
 "width": {
  "min": 0.00390625,
  "median": 0.03125,
  "max": 0.25
 },
 "minMargin": 3.897854941735047,
 "minHubMove": 5.819267392501627,
 "modes": {
  "plain": 20,
  "straddle": 1,
  "branch": 1
 },
 "splitReasons": {
  "phas# B subst#p #: n#ar#parall#l s#gm#nts: d#nom rang# #": 5,
  "phas# B subst#p #: sqrt: rang# not positiv# #": 12,
  "phas# B subst#p #: d#p#crossing rul# not #xclud#d: dist #": 2,
  "phas# B subst#p #: inv: rang# contains # #": 1,
  "phas# B subst#p #: v#rtical contact (hf < #) not #xclud#d: hf #": 1
 },
 "fails": []
}

real	1m26.260s
user	1m21.671s
sys	0m1.270s
