{
 "arm": [
  0,
  -1
 ],
 "interval": [
  46,
  47
 ],
 "deg": 4,
 "cells": 23,
 "failed": 0,
 "runs": 45,
 "seconds": 95.062,
 "width": {
  "min": 0.00390625,
  "median": 0.03125,
  "max": 0.125
 },
 "minMargin": 3.9086210832409014,
 "minHubMove": 5.731446993987886,
 "modes": {
  "straddle": 3,
  "plain": 20
 },
 "splitReasons": {
  "phas# B subst#p #: sqrt: rang# not positiv# #": 17,
  "phas# B subst#p #: n#ar#parall#l s#gm#nts: d#nom rang# #": 4,
  "phas# B subst#p #: d#p#crossing rul# not #xclud#d: dist #": 1
 },
 "fails": []
}

real	1m35.119s
user	1m28.597s
sys	0m1.409s
