{
 "arm": [
  0,
  -1
 ],
 "interval": [
  19,
  20
 ],
 "deg": 4,
 "cells": 41,
 "failed": 0,
 "runs": 81,
 "seconds": 137.301,
 "width": {
  "min": 0.001953125,
  "median": 0.015625,
  "max": 0.125
 },
 "minMargin": 3.055530194976696,
 "minHubMove": 7.769952160033723,
 "modes": {
  "plain": 35,
  "straddle": 5,
  "branch": 1
 },
 "splitReasons": {
  "phas# B subst#p #: v#rtical contact (hf < #) not #xclud#d: hf #": 7,
  "phas# B subst#p #: sqrt: rang# not positiv# #": 25,
  "phas# B subst#p #: n#ar#parall#l s#gm#nts: d#nom rang# #": 4,
  "phas# B subst#p #: hub#hub: hubs may coincid#: d# rang# # dx # dy # st#x # H #": 3,
  "phas# B subst#p #: d#p#crossing rul# not #xclud#d: dist #": 1
 },
 "fails": []
}

real	2m17.363s
user	1m53.483s
sys	0m1.586s
